Archive member included to satisfy reference by file (symbol)

c:/msys64/mingw64/bin/../lib/gcc/arm-none-eabi/12.2.0/../../../../arm-none-eabi/lib/thumb/v7-m/nofp\libc_nano.a(libc_a-atexit.o)
                              c:/msys64/mingw64/bin/../lib/gcc/arm-none-eabi/12.2.0/../../../../arm-none-eabi/lib/thumb/v7-m/nofp/crt0.o (atexit)
c:/msys64/mingw64/bin/../lib/gcc/arm-none-eabi/12.2.0/../../../../arm-none-eabi/lib/thumb/v7-m/nofp\libc_nano.a(libc_a-calloc.o)
                              build/modbusRTU.o (calloc)
c:/msys64/mingw64/bin/../lib/gcc/arm-none-eabi/12.2.0/../../../../arm-none-eabi/lib/thumb/v7-m/nofp\libc_nano.a(libc_a-callocr.o)
                              c:/msys64/mingw64/bin/../lib/gcc/arm-none-eabi/12.2.0/../../../../arm-none-eabi/lib/thumb/v7-m/nofp\libc_nano.a(libc_a-calloc.o) (_calloc_r)
c:/msys64/mingw64/bin/../lib/gcc/arm-none-eabi/12.2.0/../../../../arm-none-eabi/lib/thumb/v7-m/nofp\libc_nano.a(libc_a-exit.o)
                              c:/msys64/mingw64/bin/../lib/gcc/arm-none-eabi/12.2.0/../../../../arm-none-eabi/lib/thumb/v7-m/nofp/crt0.o (exit)
c:/msys64/mingw64/bin/../lib/gcc/arm-none-eabi/12.2.0/../../../../arm-none-eabi/lib/thumb/v7-m/nofp\libc_nano.a(libc_a-malloc.o)
                              build/modbusRTU.o (free)
c:/msys64/mingw64/bin/../lib/gcc/arm-none-eabi/12.2.0/../../../../arm-none-eabi/lib/thumb/v7-m/nofp\libc_nano.a(libc_a-mallocr.o)
                              c:/msys64/mingw64/bin/../lib/gcc/arm-none-eabi/12.2.0/../../../../arm-none-eabi/lib/thumb/v7-m/nofp\libc_nano.a(libc_a-callocr.o) (_malloc_r)
c:/msys64/mingw64/bin/../lib/gcc/arm-none-eabi/12.2.0/../../../../arm-none-eabi/lib/thumb/v7-m/nofp\libc_nano.a(libc_a-mlock.o)
                              c:/msys64/mingw64/bin/../lib/gcc/arm-none-eabi/12.2.0/../../../../arm-none-eabi/lib/thumb/v7-m/nofp\libc_nano.a(libc_a-mallocr.o) (__malloc_lock)
c:/msys64/mingw64/bin/../lib/gcc/arm-none-eabi/12.2.0/../../../../arm-none-eabi/lib/thumb/v7-m/nofp\libc_nano.a(libc_a-nano-vfprintf_float.o)
                              (_printf_float)
c:/msys64/mingw64/bin/../lib/gcc/arm-none-eabi/12.2.0/../../../../arm-none-eabi/lib/thumb/v7-m/nofp\libc_nano.a(libc_a-nano-vfprintf_i.o)
                              c:/msys64/mingw64/bin/../lib/gcc/arm-none-eabi/12.2.0/../../../../arm-none-eabi/lib/thumb/v7-m/nofp\libc_nano.a(libc_a-nano-vfprintf_float.o) (_printf_common)
c:/msys64/mingw64/bin/../lib/gcc/arm-none-eabi/12.2.0/../../../../arm-none-eabi/lib/thumb/v7-m/nofp\libc_nano.a(libc_a-findfp.o)
                              c:/msys64/mingw64/bin/../lib/gcc/arm-none-eabi/12.2.0/../../../../arm-none-eabi/lib/thumb/v7-m/nofp\libc_nano.a(libc_a-exit.o) (__stdio_exit_handler)
c:/msys64/mingw64/bin/../lib/gcc/arm-none-eabi/12.2.0/../../../../arm-none-eabi/lib/thumb/v7-m/nofp\libc_nano.a(libc_a-fwalk.o)
                              c:/msys64/mingw64/bin/../lib/gcc/arm-none-eabi/12.2.0/../../../../arm-none-eabi/lib/thumb/v7-m/nofp\libc_nano.a(libc_a-findfp.o) (_fwalk_sglue)
c:/msys64/mingw64/bin/../lib/gcc/arm-none-eabi/12.2.0/../../../../arm-none-eabi/lib/thumb/v7-m/nofp\libc_nano.a(libc_a-puts.o)
                              build/app.o (puts)
c:/msys64/mingw64/bin/../lib/gcc/arm-none-eabi/12.2.0/../../../../arm-none-eabi/lib/thumb/v7-m/nofp\libc_nano.a(libc_a-stdio.o)
                              c:/msys64/mingw64/bin/../lib/gcc/arm-none-eabi/12.2.0/../../../../arm-none-eabi/lib/thumb/v7-m/nofp\libc_nano.a(libc_a-findfp.o) (__sread)
c:/msys64/mingw64/bin/../lib/gcc/arm-none-eabi/12.2.0/../../../../arm-none-eabi/lib/thumb/v7-m/nofp\libc_nano.a(libc_a-wbuf.o)
                              c:/msys64/mingw64/bin/../lib/gcc/arm-none-eabi/12.2.0/../../../../arm-none-eabi/lib/thumb/v7-m/nofp\libc_nano.a(libc_a-puts.o) (__swbuf_r)
c:/msys64/mingw64/bin/../lib/gcc/arm-none-eabi/12.2.0/../../../../arm-none-eabi/lib/thumb/v7-m/nofp\libc_nano.a(libc_a-wsetup.o)
                              c:/msys64/mingw64/bin/../lib/gcc/arm-none-eabi/12.2.0/../../../../arm-none-eabi/lib/thumb/v7-m/nofp\libc_nano.a(libc_a-puts.o) (__swsetup_r)
c:/msys64/mingw64/bin/../lib/gcc/arm-none-eabi/12.2.0/../../../../arm-none-eabi/lib/thumb/v7-m/nofp\libc_nano.a(libc_a-memset.o)
                              c:/msys64/mingw64/bin/../lib/gcc/arm-none-eabi/12.2.0/../../../../arm-none-eabi/lib/thumb/v7-m/nofp/crt0.o (memset)
c:/msys64/mingw64/bin/../lib/gcc/arm-none-eabi/12.2.0/../../../../arm-none-eabi/lib/thumb/v7-m/nofp\libc_nano.a(libc_a-localeconv.o)
                              c:/msys64/mingw64/bin/../lib/gcc/arm-none-eabi/12.2.0/../../../../arm-none-eabi/lib/thumb/v7-m/nofp\libc_nano.a(libc_a-nano-vfprintf_float.o) (_localeconv_r)
c:/msys64/mingw64/bin/../lib/gcc/arm-none-eabi/12.2.0/../../../../arm-none-eabi/lib/thumb/v7-m/nofp\libc_nano.a(libc_a-closer.o)
                              c:/msys64/mingw64/bin/../lib/gcc/arm-none-eabi/12.2.0/../../../../arm-none-eabi/lib/thumb/v7-m/nofp\libc_nano.a(libc_a-stdio.o) (_close_r)
[...]
Memory Configuration

Name             Origin             Length             Attributes
RAM              0x20000000         0x00005000         xrw
FLASH            0x08000000         0x00010000         xr
*default*        0x00000000         0xffffffff

Linker script and memory map

LOAD c:/msys64/mingw64/bin/../lib/gcc/arm-none-eabi/12.2.0/thumb/v7-m/nofp/crti.o
LOAD c:/msys64/mingw64/bin/../lib/gcc/arm-none-eabi/12.2.0/thumb/v7-m/nofp/crtbegin.o
LOAD c:/msys64/mingw64/bin/../lib/gcc/arm-none-eabi/12.2.0/../../../../arm-none-eabi/lib/thumb/v7-m/nofp/crt0.o
LOAD build/main.o
LOAD build/stm32f1xx_it.o
LOAD build/stm32f1xx_hal_msp.o
LOAD build/stm32f1xx_hal_gpio_ex.o
LOAD build/stm32f1xx_hal.o
LOAD build/stm32f1xx_hal_rcc.o
LOAD build/stm32f1xx_hal_rcc_ex.o
LOAD build/stm32f1xx_hal_gpio.o
LOAD build/stm32f1xx_hal_dma.o
LOAD build/stm32f1xx_hal_cortex.o
LOAD build/stm32f1xx_hal_pwr.o
LOAD build/stm32f1xx_hal_flash.o
LOAD build/stm32f1xx_hal_flash_ex.o
LOAD build/stm32f1xx_hal_exti.o
LOAD build/system_stm32f1xx.o
LOAD build/sysmem.o
LOAD build/syscalls.o
LOAD build/stm32f1xx_hal_uart.o
LOAD build/stm32f1xx_hal_tim.o
LOAD build/stm32f1xx_hal_tim_ex.o
LOAD build/app.o
LOAD build/modbusRTU.o
LOAD build/ws2812b.o
LOAD build/startup_stm32f103xb.o
LOAD c:/msys64/mingw64/bin/../lib/gcc/arm-none-eabi/12.2.0/../../../../arm-none-eabi/lib/thumb/v7-m/nofp\libnosys.a
LOAD c:/msys64/mingw64/bin/../lib/gcc/arm-none-eabi/12.2.0/../../../../arm-none-eabi/lib/thumb/v7-m/nofp\librdimon_nano.a
LOAD c:/msys64/mingw64/bin/../lib/gcc/arm-none-eabi/12.2.0/../../../../arm-none-eabi/lib/thumb/v7-m/nofp\libstdc++_nano.a
LOAD c:/msys64/mingw64/bin/../lib/gcc/arm-none-eabi/12.2.0/../../../../arm-none-eabi/lib/thumb/v7-m/nofp\libm.a
LOAD c:/msys64/mingw64/bin/../lib/gcc/arm-none-eabi/12.2.0/../../../../arm-none-eabi/lib/thumb/v7-m/nofp\libc_nano.a
START GROUP
LOAD c:/msys64/mingw64/bin/../lib/gcc/arm-none-eabi/12.2.0/thumb/v7-m/nofp\libgcc.a
LOAD c:/msys64/mingw64/bin/../lib/gcc/arm-none-eabi/12.2.0/../../../../arm-none-eabi/lib/thumb/v7-m/nofp\libc_nano.a
END GROUP
START GROUP
LOAD c:/msys64/mingw64/bin/../lib/gcc/arm-none-eabi/12.2.0/thumb/v7-m/nofp\libgcc.a
LOAD c:/msys64/mingw64/bin/../lib/gcc/arm-none-eabi/12.2.0/../../../../arm-none-eabi/lib/thumb/v7-m/nofp\libc_nano.a
END GROUP
LOAD c:/msys64/mingw64/bin/../lib/gcc/arm-none-eabi/12.2.0/thumb/v7-m/nofp/crtend.o
LOAD c:/msys64/mingw64/bin/../lib/gcc/arm-none-eabi/12.2.0/thumb/v7-m/nofp/crtn.o
                0x20005000                        _estack = (ORIGIN (RAM) + LENGTH (RAM))
                0x00000200                        _Min_Heap_Size = 0x200
                0x00000400                        _Min_Stack_Size = 0x400

.isr_vector     0x08000000      0x10c
                0x08000000                        . = ALIGN (0x4)
 *(.isr_vector)
 .isr_vector    0x08000000      0x10c build/startup_stm32f103xb.o
                0x08000000                g_pfnVectors
                0x0800010c                        . = ALIGN (0x4)

.text           0x08000110     0x8590
                0x08000110                        . = ALIGN (0x4)
 *(.text)
 .text          0x08000110       0x14 c:/msys64/mingw64/bin/../lib/gcc/arm-none-eabi/12.2.0/../../../../arm-none-eabi/lib/thumb/v7-m/nofp\libc_nano.a(libc_a-calloc.o)
                0x08000110                calloc
 .text          0x08000124       0x28 c:/msys64/mingw64/bin/../lib/gcc/arm-none-eabi/12.2.0/../../../../arm-none-eabi/lib/thumb/v7-m/nofp\libc_nano.a(libc_a-callocr.o)
                0x08000124                _calloc_r
 .text          0x0800014c       0x20 c:/msys64/mingw64/bin/../lib/gcc/arm-none-eabi/12.2.0/../../../../arm-none-eabi/lib/thumb/v7-m/nofp\libc_nano.a(libc_a-malloc.o)
                0x0800014c                malloc
                0x0800015c                free
 .text          0x0800016c      0x144 c:/msys64/mingw64/bin/../lib/gcc/arm-none-eabi/12.2.0/../../../../arm-none-eabi/lib/thumb/v7-m/nofp\libc_nano.a(libc_a-mallocr.o)
                0x080001b8                _malloc_r
 .text          0x080002b0       0x18 c:/msys64/mingw64/bin/../lib/gcc/arm-none-eabi/12.2.0/../../../../arm-none-eabi/lib/thumb/v7-m/nofp\libc_nano.a(libc_a-mlock.o)
                0x080002b0                __malloc_lock
                0x080002bc                __malloc_unlock
 .text          0x080002c8      0x744 c:/msys64/mingw64/bin/../lib/gcc/arm-none-eabi/12.2.0/../../../../arm-none-eabi/lib/thumb/v7-m/nofp\libc_nano.a(libc_a-nano-vfprintf_float.o)
                0x080002c8                __cvt
                0x080003c0                __exponent
                0x08000448                _printf_float
 .text          0x08000a0c      0x3a4 c:/msys64/mingw64/bin/../lib/gcc/arm-none-eabi/12.2.0/../../../../arm-none-eabi/lib/thumb/v7-m/nofp\libc_nano.a(libc_a-nano-vfprintf_i.o)
                0x08000a0c                _printf_common
                0x08000b30                _printf_i
 .text          0x08000db0      0x2dc c:/msys64/mingw64/bin/../lib/gcc/arm-none-eabi/12.2.0/../../../../arm-none-eabi/lib/thumb/v7-m/nofp\libc_nano.a(libc_a-findfp.o)
                0x08000f2c                __sfp
                0x08000fec                __sinit
                0x0800102c                __sfp_lock_acquire
                0x08001038                __sfp_lock_release
                0x08001044                __fp_lock_all
                0x08001068                __fp_unlock_all
 .text          0x0800108c       0x44 c:/msys64/mingw64/bin/../lib/gcc/arm-none-eabi/12.2.0/../../../../arm-none-eabi/lib/thumb/v7-m/nofp\libc_nano.a(libc_a-fwalk.o)
                0x0800108c                _fwalk_sglue
 .text          0x080010d0       0xc8 c:/msys64/mingw64/bin/../lib/gcc/arm-none-eabi/12.2.0/../../../../arm-none-eabi/lib/thumb/v7-m/nofp\libc_nano.a(libc_a-puts.o)
                0x080010d0                _puts_r
                0x08001188                puts
 .text          0x08001198       0x94 c:/msys64/mingw64/bin/../lib/gcc/arm-none-eabi/12.2.0/../../../../arm-none-eabi/lib/thumb/v7-m/nofp\libc_nano.a(libc_a-stdio.o)
                0x08001198                __sread
                0x080011bc                __seofread
                0x080011c0                __swrite
                0x08001200                __sseek
                0x08001224                __sclose
 .text          0x0800122c       0x9c c:/msys64/mingw64/bin/../lib/gcc/arm-none-eabi/12.2.0/../../../../arm-none-eabi/lib/thumb/v7-m/nofp\libc_nano.a(libc_a-wbuf.o)
                0x0800122c                __swbuf_r
                0x080012b4                __swbuf
 .text          0x080012c8       0xc0 c:/msys64/mingw64/bin/../lib/gcc/arm-none-eabi/12.2.0/../../../../arm-none-eabi/lib/thumb/v7-m/nofp\libc_nano.a(libc_a-wsetup.o)
                0x080012c8                __swsetup_r
 .text          0x08001388       0xa0 c:/msys64/mingw64/bin/../lib/gcc/arm-none-eabi/12.2.0/../../../../arm-none-eabi/lib/thumb/v7-m/nofp\libc_nano.a(libc_a-memset.o)
                0x08001388                memset
 .text          0x08001428       0x14 c:/msys64/mingw64/bin/../lib/gcc/arm-none-eabi/12.2.0/../../../../arm-none-eabi/lib/thumb/v7-m/nofp\libc_nano.a(libc_a-localeconv.o)
                0x08001428                __localeconv_l
                0x0800142c                _localeconv_r
                0x08001434                localeconv
 .text          0x0800143c       0x24 c:/msys64/mingw64/bin/../lib/gcc/arm-none-eabi/12.2.0/../../../../arm-none-eabi/lib/thumb/v7-m/nofp\libc_nano.a(libc_a-closer.o)
                0x0800143c                _close_r
 .text          0x08001460       0x2c c:/msys64/mingw64/bin/../lib/gcc/arm-none-eabi/12.2.0/../../../../arm-none-eabi/lib/thumb/v7-m/nofp\libc_nano.a(libc_a-lseekr.o)
                0x08001460                _lseek_r
 .text          0x0800148c       0x2c c:/msys64/mingw64/bin/../lib/gcc/arm-none-eabi/12.2.0/../../../../arm-none-eabi/lib/thumb/v7-m/nofp\libc_nano.a(libc_a-readr.o)
                0x0800148c                _read_r
 .text          0x080014b8       0x24 c:/msys64/mingw64/bin/../lib/gcc/arm-none-eabi/12.2.0/../../../../arm-none-eabi/lib/thumb/v7-m/nofp\libc_nano.a(libc_a-sbrkr.o)
                0x080014b8                _sbrk_r
 .text          0x080014dc       0x2c c:/msys64/mingw64/bin/../lib/gcc/arm-none-eabi/12.2.0/../../../../arm-none-eabi/lib/thumb/v7-m/nofp\libc_nano.a(libc_a-writer.o)
                0x080014dc                _write_r
 .text          0x08001508        0xc c:/msys64/mingw64/bin/../lib/gcc/arm-none-eabi/12.2.0/../../../../arm-none-eabi/lib/thumb/v7-m/nofp\libc_nano.a(libc_a-errno.o)
                0x08001508                __errno
 .text          0x08001514       0x50 c:/msys64/mingw64/bin/../lib/gcc/arm-none-eabi/12.2.0/../../../../arm-none-eabi/lib/thumb/v7-m/nofp\libc_nano.a(libc_a-init.o)
                0x08001514                __libc_init_array
 .text          0x08001564       0x28 c:/msys64/mingw64/bin/../lib/gcc/arm-none-eabi/12.2.0/../../../../arm-none-eabi/lib/thumb/v7-m/nofp\libc_nano.a(libc_a-lock.o)
                0x08001564                __retarget_lock_init
                0x08001568                __retarget_lock_init_recursive
                0x0800156c                __retarget_lock_close
                0x08001570                __retarget_lock_close_recursive
                0x08001574                __retarget_lock_acquire
                0x08001578                __retarget_lock_acquire_recursive
                0x0800157c                __retarget_lock_try_acquire
                0x08001580                __retarget_lock_try_acquire_recursive
                0x08001584                __retarget_lock_release
                0x08001588                __retarget_lock_release_recursive
 .text          0x0800158c       0x98 c:/msys64/mingw64/bin/../lib/gcc/arm-none-eabi/12.2.0/../../../../arm-none-eabi/lib/thumb/v7-m/nofp\libc_nano.a(libc_a-memchr-stub.o)
                0x0800158c                memchr
 .text          0x08001624       0xec c:/msys64/mingw64/bin/../lib/gcc/arm-none-eabi/12.2.0/../../../../arm-none-eabi/lib/thumb/v7-m/nofp\libc_nano.a(libc_a-memcpy.o)
                0x08001624                memcpy
 .text          0x08001710       0x5c c:/msys64/mingw64/bin/../lib/gcc/arm-none-eabi/12.2.0/../../../../arm-none-eabi/lib/thumb/v7-m/nofp\libc_nano.a(libc_a-strlen-stub.o)
                0x08001710                strlen
 *fill*         0x0800176c        0x4 
 .text          0x08001770      0xfec c:/msys64/mingw64/bin/../lib/gcc/arm-none-eabi/12.2.0/../../../../arm-none-eabi/lib/thumb/v7-m/nofp\libc_nano.a(libc_a-dtoa.o)
                0x080018ac                _dtoa_r
 .text          0x0800275c       0xbc c:/msys64/mingw64/bin/../lib/gcc/arm-none-eabi/12.2.0/../../../../arm-none-eabi/lib/thumb/v7-m/nofp\libc_nano.a(libc_a-freer.o)
                0x0800275c                _free_r
 .text          0x08002818      0xab0 c:/msys64/mingw64/bin/../lib/gcc/arm-none-eabi/12.2.0/../../../../arm-none-eabi/lib/thumb/v7-m/nofp\libc_nano.a(libc_a-mprec.o)
                0x08002818                _Balloc
                0x08002898                _Bfree
                0x080028e0                __multadd
                0x0800297c                __s2b
                0x08002a2c                __hi0bits
                0x08002a70                __lo0bits
                0x08002acc                __i2b
                0x08002af8                __multiply
                0x08002c5c                __pow5mult
                0x08002d3c                __lshift
                0x08002e24                __mcmp
                0x08002e64                __mdiff
                0x08002fc4                __ulp
                0x08003014                __b2d
                0x080030c8                __d2b
                0x08003184                __ratio
                0x080031d8                _mprec_log10
                0x08003210                __copybits
                0x08003270                __any_on
 .text          0x080032c8      0x190 c:/msys64/mingw64/bin/../lib/gcc/arm-none-eabi/12.2.0/../../../../arm-none-eabi/lib/thumb/v7-m/nofp\libc_nano.a(libc_a-fflush.o)
                0x080032c8                __sflush_r
                0x080033d8                _fflush_r
                0x08003430                fflush
 .text          0x08003458      0x110 c:/msys64/mingw64/bin/../lib/gcc/arm-none-eabi/12.2.0/../../../../arm-none-eabi/lib/thumb/v7-m/nofp\libc_nano.a(libc_a-makebuf.o)
                0x08003458                __smakebuf_r
                0x0800351c                __swhatbuf_r
 .text          0x08003568       0x28 c:/msys64/mingw64/bin/../lib/gcc/arm-none-eabi/12.2.0/../../../../arm-none-eabi/lib/thumb/v7-m/nofp\libc_nano.a(libc_a-fstatr.o)
                0x08003568                _fstat_r
 .text          0x08003590       0x24 c:/msys64/mingw64/bin/../lib/gcc/arm-none-eabi/12.2.0/../../../../arm-none-eabi/lib/thumb/v7-m/nofp\libc_nano.a(libc_a-isattyr.o)
                0x08003590                _isatty_r
 .text          0x080035b4       0x4c c:/msys64/mingw64/bin/../lib/gcc/arm-none-eabi/12.2.0/../../../../arm-none-eabi/lib/thumb/v7-m/nofp\libc_nano.a(libc_a-assert.o)
                0x080035b4                __assert_func
                0x080035f4                __assert
 .text          0x08003600       0x40 c:/msys64/mingw64/bin/../lib/gcc/arm-none-eabi/12.2.0/../../../../arm-none-eabi/lib/thumb/v7-m/nofp\libc_nano.a(libc_a-mbtowc_r.o)
                0x08003600                _mbtowc_r
                0x08003614                __ascii_mbtowc
 .text          0x08003640       0x30 c:/msys64/mingw64/bin/../lib/gcc/arm-none-eabi/12.2.0/../../../../arm-none-eabi/lib/thumb/v7-m/nofp\libc_nano.a(libc_a-wctomb_r.o)
                0x08003640                _wctomb_r
                0x08003654                __ascii_wctomb
 .text          0x08003670       0x44 c:/msys64/mingw64/bin/../lib/gcc/arm-none-eabi/12.2.0/../../../../arm-none-eabi/lib/thumb/v7-m/nofp\libc_nano.a(libc_a-fprintf.o)
                0x08003670                _fprintf_r
                0x08003670                _fiprintf_r
                0x0800368c                fiprintf
                0x0800368c                fprintf
 .text          0x080036b4       0x10 c:/msys64/mingw64/bin/../lib/gcc/arm-none-eabi/12.2.0/../../../../arm-none-eabi/lib/thumb/v7-m/nofp\libc_nano.a(libc_a-abort.o)
                0x080036b4                abort
 .text          0x080036c4      0x348 c:/msys64/mingw64/bin/../lib/gcc/arm-none-eabi/12.2.0/../../../../arm-none-eabi/lib/thumb/v7-m/nofp\libc_nano.a(libc_a-nano-vfprintf.o)
                0x080036ec                __sfputs_r
                0x0800371c                __sprint_r
                0x0800373c                _vfiprintf_r
                0x0800373c                _vfprintf_r
                0x080039f0                vfprintf
                0x080039f0                vfiprintf
 .text          0x08003a0c      0x2ec c:/msys64/mingw64/bin/../lib/gcc/arm-none-eabi/12.2.0/../../../../arm-none-eabi/lib/thumb/v7-m/nofp\libc_nano.a(libc_a-fvwrite.o)
                0x08003a0c                __sfvwrite_r
 .text          0x08003cf8       0xfc c:/msys64/mingw64/bin/../lib/gcc/arm-none-eabi/12.2.0/../../../../arm-none-eabi/lib/thumb/v7-m/nofp\libc_nano.a(libc_a-memmove.o)
                0x08003cf8                memmove
 .text          0x08003df4      0x264 c:/msys64/mingw64/bin/../lib/gcc/arm-none-eabi/12.2.0/../../../../arm-none-eabi/lib/thumb/v7-m/nofp\libc_nano.a(libc_a-signal.o)
                0x08003df4                _init_signal_r
                0x08003e20                _signal_r
                0x08003e6c                _raise_r
                0x08003ebc                __sigtramp_r
                0x08003f20                raise
                0x08003f74                signal
                0x08003fc0                _init_signal
                0x08003ff4                __sigtramp
 .text          0x08004058       0x2c c:/msys64/mingw64/bin/../lib/gcc/arm-none-eabi/12.2.0/../../../../arm-none-eabi/lib/thumb/v7-m/nofp\libc_nano.a(libc_a-signalr.o)
                0x08004058                _kill_r
                0x08004080                _getpid_r
 .text          0x08004084       0x68 c:/msys64/mingw64/bin/../lib/gcc/arm-none-eabi/12.2.0/../../../../arm-none-eabi/lib/thumb/v7-m/nofp\libc_nano.a(libc_a-reallocr.o)
                0x08004084                _realloc_r
 .text          0x080040ec       0x10 c:/msys64/mingw64/bin/../lib/gcc/arm-none-eabi/12.2.0/../../../../arm-none-eabi/lib/thumb/v7-m/nofp\libc_nano.a(libc_a-msizer.o)
                0x080040ec                _malloc_usable_size_r
 .text          0x080040fc      0x378 c:/msys64/mingw64/bin/../lib/gcc/arm-none-eabi/12.2.0/thumb/v7-m/nofp\libgcc.a(_arm_addsubdf3.o)
                0x080040fc                __aeabi_drsub
                0x08004104                __aeabi_dsub
                0x08004104                __subdf3
                0x08004108                __aeabi_dadd
                0x08004108                __adddf3
                0x08004380                __floatunsidf
                0x08004380                __aeabi_ui2d
                0x080043a0                __floatsidf
                0x080043a0                __aeabi_i2d
                0x080043c4                __aeabi_f2d
                0x080043c4                __extendsfdf2
                0x08004408                __floatundidf
                0x08004408                __aeabi_ul2d
                0x08004418                __floatdidf
                0x08004418                __aeabi_l2d
 .text          0x08004474      0x424 c:/msys64/mingw64/bin/../lib/gcc/arm-none-eabi/12.2.0/thumb/v7-m/nofp\libgcc.a(_arm_muldivdf3.o)
                0x08004474                __aeabi_dmul
                0x08004474                __muldf3
                0x080046c8                __divdf3
                0x080046c8                __aeabi_ddiv
 .text          0x08004898      0x110 c:/msys64/mingw64/bin/../lib/gcc/arm-none-eabi/12.2.0/thumb/v7-m/nofp\libgcc.a(_arm_cmpdf2.o)
                0x08004898                __gtdf2
                0x08004898                __gedf2
                0x080048a0                __ltdf2
                0x080048a0                __ledf2
                0x080048a8                __nedf2
                0x080048a8                __eqdf2
                0x080048a8                __cmpdf2
                0x08004924                __aeabi_cdrcmple
                0x08004934                __aeabi_cdcmpeq
                0x08004934                __aeabi_cdcmple
                0x08004944                __aeabi_dcmpeq
                0x08004958                __aeabi_dcmplt
                0x0800496c                __aeabi_dcmple
                0x08004980                __aeabi_dcmpge
                0x08004994                __aeabi_dcmpgt
 .text          0x080049a8       0x2c c:/msys64/mingw64/bin/../lib/gcc/arm-none-eabi/12.2.0/thumb/v7-m/nofp\libgcc.a(_arm_unorddf2.o)
                0x080049a8                __unorddf2
                0x080049a8                __aeabi_dcmpun
 .text          0x080049d4       0x50 c:/msys64/mingw64/bin/../lib/gcc/arm-none-eabi/12.2.0/thumb/v7-m/nofp\libgcc.a(_arm_fixdfsi.o)
                0x080049d4                __aeabi_d2iz
                0x080049d4                __fixdfsi
 .text          0x08004a24      0x21c c:/msys64/mingw64/bin/../lib/gcc/arm-none-eabi/12.2.0/thumb/v7-m/nofp\libgcc.a(_arm_addsubsf3.o)
                0x08004a24                __aeabi_frsub
                0x08004a2c                __subsf3
                0x08004a2c                __aeabi_fsub
                0x08004a30                __aeabi_fadd
                0x08004a30                __addsf3
                0x08004b90                __aeabi_ui2f
                0x08004b90                __floatunsisf
                0x08004b98                __aeabi_i2f
                0x08004b98                __floatsisf
                0x08004bb4                __aeabi_ul2f
                0x08004bb4                __floatundisf
                0x08004bc4                __aeabi_l2f
                0x08004bc4                __floatdisf
 .text          0x08004c40      0x2a0 c:/msys64/mingw64/bin/../lib/gcc/arm-none-eabi/12.2.0/thumb/v7-m/nofp\libgcc.a(_arm_muldivsf3.o)
                0x08004c40                __mulsf3
                0x08004c40                __aeabi_fmul
                0x08004da8                __aeabi_fdiv
                0x08004da8                __divsf3
 .text          0x08004ee0       0xec c:/msys64/mingw64/bin/../lib/gcc/arm-none-eabi/12.2.0/thumb/v7-m/nofp\libgcc.a(_arm_cmpsf2.o)
                0x08004ee0                __gesf2
                0x08004ee0                __gtsf2
                0x08004ee8                __lesf2
                0x08004ee8                __ltsf2
                0x08004ef0                __nesf2
                0x08004ef0                __eqsf2
                0x08004ef0                __cmpsf2
                0x08004f50                __aeabi_cfrcmple
                0x08004f58                __aeabi_cfcmpeq
                0x08004f58                __aeabi_cfcmple
                0x08004f68                __aeabi_fcmpeq
                0x08004f7c                __aeabi_fcmplt
                0x08004f90                __aeabi_fcmple
                0x08004fa4                __aeabi_fcmpge
                0x08004fb8                __aeabi_fcmpgt
 .text          0x08004fcc       0x40 c:/msys64/mingw64/bin/../lib/gcc/arm-none-eabi/12.2.0/thumb/v7-m/nofp\libgcc.a(_arm_fixunssfsi.o)
                0x08004fcc                __fixunssfsi
                0x08004fcc                __aeabi_f2uiz
 .text          0x0800500c      0x1ac c:/msys64/mingw64/bin/../lib/gcc/arm-none-eabi/12.2.0/thumb/v7-m/nofp\libgcc.a(libunwind.o)
                0x0800500c                __restore_core_regs
                0x0800500c                restore_core_regs
                0x08005024                __gnu_Unwind_Restore_VFP
                0x0800502c                __gnu_Unwind_Save_VFP
                0x08005034                __gnu_Unwind_Restore_VFP_D
                0x0800503c                __gnu_Unwind_Save_VFP_D
                0x08005044                __gnu_Unwind_Restore_VFP_D_16_to_31
                0x0800504c                __gnu_Unwind_Save_VFP_D_16_to_31
                0x08005054                __gnu_Unwind_Restore_WMMXD
                0x08005098                __gnu_Unwind_Save_WMMXD
                0x080050dc                __gnu_Unwind_Restore_WMMXC
                0x080050f0                __gnu_Unwind_Save_WMMXC
                0x08005104                ___Unwind_RaiseException
                0x08005104                _Unwind_RaiseException
                0x08005128                _Unwind_Resume
                0x08005128                ___Unwind_Resume
                0x0800514c                _Unwind_Resume_or_Rethrow
                0x0800514c                ___Unwind_Resume_or_Rethrow
                0x08005170                _Unwind_ForcedUnwind
                0x08005170                ___Unwind_ForcedUnwind
                0x08005194                ___Unwind_Backtrace
                0x08005194                _Unwind_Backtrace
 *(.text*)
 .text.__do_global_dtors_aux
                0x080051b8       0x24 c:/msys64/mingw64/bin/../lib/gcc/arm-none-eabi/12.2.0/thumb/v7-m/nofp/crtbegin.o
 .text.frame_dummy
                0x080051dc       0x1c c:/msys64/mingw64/bin/../lib/gcc/arm-none-eabi/12.2.0/thumb/v7-m/nofp/crtbegin.o
 .text.MX_GPIO_Init
                0x080051f8       0x78 build/main.o
 .text.MX_DMA_Init
                0x08005270       0x34 build/main.o
 .text.Error_Handler
                0x080052a4        0x4 build/main.o
                0x080052a4                Error_Handler
 .text.MX_TIM1_Init
                0x080052a8       0xe4 build/main.o
 .text.MX_USART1_UART_Init
                0x0800538c       0x34 build/main.o
 .text.MX_USART2_UART_Init
                0x080053c0       0x34 build/main.o
 .text.SystemClock_Config
                0x080053f4       0x64 build/main.o
                0x080053f4                SystemClock_Config
 .text.main     0x08005458       0x28 build/main.o
                0x08005458                main
 .text.NMI_Handler
                0x08005480        0x2 build/stm32f1xx_it.o
                0x08005480                NMI_Handler
 .text.HardFault_Handler
                0x08005482        0x2 build/stm32f1xx_it.o
                0x08005482                HardFault_Handler
 .text.MemManage_Handler
                0x08005484        0x2 build/stm32f1xx_it.o
                0x08005484                MemManage_Handler
 .text.BusFault_Handler
                0x08005486        0x2 build/stm32f1xx_it.o
                0x08005486                BusFault_Handler
 .text.UsageFault_Handler
                0x08005488        0x2 build/stm32f1xx_it.o
                0x08005488                UsageFault_Handler
 .text.SVC_Handler
                0x0800548a        0x2 build/stm32f1xx_it.o
                0x0800548a                SVC_Handler
 .text.DebugMon_Handler
                0x0800548c        0x2 build/stm32f1xx_it.o
                0x0800548c                DebugMon_Handler
 .text.PendSV_Handler
                0x0800548e        0x2 build/stm32f1xx_it.o
                0x0800548e                PendSV_Handler
 .text.SysTick_Handler
                0x08005490        0x8 build/stm32f1xx_it.o
                0x08005490                SysTick_Handler
 .text.DMA1_Channel2_IRQHandler
                0x08005498       0x10 build/stm32f1xx_it.o
                0x08005498                DMA1_Channel2_IRQHandler
 .text.TIM1_UP_IRQHandler
                0x080054a8       0x10 build/stm32f1xx_it.o
                0x080054a8                TIM1_UP_IRQHandler
 .text.HAL_MspInit
                0x080054b8       0x44 build/stm32f1xx_hal_msp.o
                0x080054b8                HAL_MspInit
 .text.HAL_TIM_Base_MspInit
                0x080054fc       0x7c build/stm32f1xx_hal_msp.o
                0x080054fc                HAL_TIM_Base_MspInit
 .text.HAL_TIM_MspPostInit
                0x08005578       0x50 build/stm32f1xx_hal_msp.o
                0x08005578                HAL_TIM_MspPostInit
 .text.HAL_UART_MspInit
                0x080055c8       0xd4 build/stm32f1xx_hal_msp.o
                0x080055c8                HAL_UART_MspInit
 .text.HAL_InitTick
                0x0800569c       0x4c build/stm32f1xx_hal.o
                0x0800569c                HAL_InitTick
 .text.HAL_Init
                0x080056e8       0x24 build/stm32f1xx_hal.o
                0x080056e8                HAL_Init
 .text.HAL_IncTick
                0x0800570c       0x18 build/stm32f1xx_hal.o
                0x0800570c                HAL_IncTick
 .text.HAL_GetTick
                0x08005724        0xc build/stm32f1xx_hal.o
                0x08005724                HAL_GetTick
 .text.HAL_Delay
                0x08005730       0x28 build/stm32f1xx_hal.o
                0x08005730                HAL_Delay
 .text.RCC_Delay
                0x08005758       0x2c build/stm32f1xx_hal_rcc.o
 .text.HAL_RCC_OscConfig
                0x08005784      0x410 build/stm32f1xx_hal_rcc.o
                0x08005784                HAL_RCC_OscConfig
 .text.HAL_RCC_GetSysClockFreq
                0x08005b94       0x54 build/stm32f1xx_hal_rcc.o
                0x08005b94                HAL_RCC_GetSysClockFreq
 .text.HAL_RCC_ClockConfig
                0x08005be8      0x16c build/stm32f1xx_hal_rcc.o
                0x08005be8                HAL_RCC_ClockConfig
 .text.HAL_RCC_GetHCLKFreq
                0x08005d54        0xc build/stm32f1xx_hal_rcc.o
                0x08005d54                HAL_RCC_GetHCLKFreq
 .text.HAL_RCC_GetPCLK1Freq
                0x08005d60       0x20 build/stm32f1xx_hal_rcc.o
                0x08005d60                HAL_RCC_GetPCLK1Freq
 .text.HAL_RCC_GetPCLK2Freq
                0x08005d80       0x20 build/stm32f1xx_hal_rcc.o
                0x08005d80                HAL_RCC_GetPCLK2Freq
 .text.HAL_GPIO_Init
                0x08005da0      0x21c build/stm32f1xx_hal_gpio.o
                0x08005da0                HAL_GPIO_Init
 .text.HAL_GPIO_WritePin
                0x08005fbc        0xc build/stm32f1xx_hal_gpio.o
                0x08005fbc                HAL_GPIO_WritePin
 .text.HAL_GPIO_TogglePin
                0x08005fc8       0x12 build/stm32f1xx_hal_gpio.o
                0x08005fc8                HAL_GPIO_TogglePin
 .text.DMA_SetConfig
                0x08005fda       0x2c build/stm32f1xx_hal_dma.o
 *fill*         0x08006006        0x2 
 .text.HAL_DMA_Init
                0x08006008       0x6c build/stm32f1xx_hal_dma.o
                0x08006008                HAL_DMA_Init
 .text.HAL_DMA_Start_IT
                0x08006074       0x76 build/stm32f1xx_hal_dma.o
                0x08006074                HAL_DMA_Start_IT
 *fill*         0x080060ea        0x2 
 .text.HAL_DMA_Abort_IT
                0x080060ec       0x98 build/stm32f1xx_hal_dma.o
                0x080060ec                HAL_DMA_Abort_IT
 .text.HAL_DMA_IRQHandler
                0x08006184      0x144 build/stm32f1xx_hal_dma.o
                0x08006184                HAL_DMA_IRQHandler
 .text.__NVIC_SetPriority
                0x080062c8       0x28 build/stm32f1xx_hal_cortex.o
 .text.NVIC_EncodePriority
                0x080062f0       0x3e build/stm32f1xx_hal_cortex.o
 *fill*         0x0800632e        0x2 
 .text.HAL_NVIC_SetPriorityGrouping
                0x08006330       0x24 build/stm32f1xx_hal_cortex.o
                0x08006330                HAL_NVIC_SetPriorityGrouping
 .text.HAL_NVIC_SetPriority
                0x08006354       0x20 build/stm32f1xx_hal_cortex.o
                0x08006354                HAL_NVIC_SetPriority
 .text.HAL_NVIC_EnableIRQ
                0x08006374       0x1c build/stm32f1xx_hal_cortex.o
                0x08006374                HAL_NVIC_EnableIRQ
 .text.HAL_SYSTICK_Config
                0x08006390       0x28 build/stm32f1xx_hal_cortex.o
                0x08006390                HAL_SYSTICK_Config
 .text.SystemInit
                0x080063b8        0x2 build/system_stm32f1xx.o
                0x080063b8                SystemInit
 *fill*         0x080063ba        0x2 
 .text._sbrk    0x080063bc       0x48 build/sysmem.o
                0x080063bc                _sbrk
 .text._getpid  0x08006404        0x4 build/syscalls.o
                0x08006404                _getpid
 .text._kill    0x08006408       0x10 build/syscalls.o
                0x08006408                _kill
 .text._exit    0x08006418        0xc build/syscalls.o
                0x08006418                _exit
 .text._read    0x08006424       0x20 build/syscalls.o
                0x08006424                _read
 .text._write   0x08006444       0x1c build/syscalls.o
                0x08006444                _write
 .text._close   0x08006460        0x6 build/syscalls.o
                0x08006460                _close
 .text._fstat   0x08006466        0xa build/syscalls.o
                0x08006466                _fstat
 .text._isatty  0x08006470        0x4 build/syscalls.o
                0x08006470                _isatty
 .text._lseek   0x08006474        0x4 build/syscalls.o
                0x08006474                _lseek
 .text.UART_EndRxTransfer
                0x08006478       0x5c build/stm32f1xx_hal_uart.o
 .text.UART_SetConfig
                0x080064d4       0x94 build/stm32f1xx_hal_uart.o
 .text.UART_WaitOnFlagUntilTimeout
                0x08006568       0x86 build/stm32f1xx_hal_uart.o
 .text.HAL_UART_Init
                0x080065ee       0x60 build/stm32f1xx_hal_uart.o
                0x080065ee                HAL_UART_Init
 .text.HAL_UART_Transmit
                0x0800664e       0xcc build/stm32f1xx_hal_uart.o
                0x0800664e                HAL_UART_Transmit
 .text.HAL_UART_Receive
                0x0800671a       0xd2 build/stm32f1xx_hal_uart.o
                0x0800671a                HAL_UART_Receive
 .text.TIM_OC1_SetConfig
                0x080067ec       0x54 build/stm32f1xx_hal_tim.o
 .text.TIM_OC3_SetConfig
                0x08006840       0x5c build/stm32f1xx_hal_tim.o
 .text.TIM_OC4_SetConfig
                0x0800689c       0x48 build/stm32f1xx_hal_tim.o
 .text.TIM_TI1_ConfigInputStage
                0x080068e4       0x24 build/stm32f1xx_hal_tim.o
 .text.TIM_TI2_ConfigInputStage
                0x08006908       0x26 build/stm32f1xx_hal_tim.o
 .text.TIM_ITRx_SetConfig
                0x0800692e       0x10 build/stm32f1xx_hal_tim.o
 .text.HAL_TIM_PWM_MspInit
                0x0800693e        0x2 build/stm32f1xx_hal_tim.o
                0x0800693e                HAL_TIM_PWM_MspInit
 .text.HAL_TIM_OC_DelayElapsedCallback
                0x08006940        0x2 build/stm32f1xx_hal_tim.o
                0x08006940                HAL_TIM_OC_DelayElapsedCallback
 .text.HAL_TIM_IC_CaptureCallback
                0x08006942        0x2 build/stm32f1xx_hal_tim.o
                0x08006942                HAL_TIM_IC_CaptureCallback
 .text.TIM_DMADelayPulseCplt
                0x08006944       0x70 build/stm32f1xx_hal_tim.o
 .text.HAL_TIM_PWM_PulseFinishedHalfCpltCallback
                0x080069b4        0x2 build/stm32f1xx_hal_tim.o
                0x080069b4                HAL_TIM_PWM_PulseFinishedHalfCpltCallback
 .text.TIM_DMADelayPulseHalfCplt
                0x080069b6       0x3e build/stm32f1xx_hal_tim.o
                0x080069b6                TIM_DMADelayPulseHalfCplt
 .text.HAL_TIM_TriggerCallback
                0x080069f4        0x2 build/stm32f1xx_hal_tim.o
                0x080069f4                HAL_TIM_TriggerCallback
 .text.HAL_TIM_IRQHandler
                0x080069f6      0x15e build/stm32f1xx_hal_tim.o
                0x080069f6                HAL_TIM_IRQHandler
 .text.HAL_TIM_ErrorCallback
                0x08006b54        0x2 build/stm32f1xx_hal_tim.o
                0x08006b54                HAL_TIM_ErrorCallback
 .text.TIM_DMAError
                0x08006b56       0x5c build/stm32f1xx_hal_tim.o
                0x08006b56                TIM_DMAError
 *fill*         0x08006bb2        0x2 
 .text.TIM_Base_SetConfig
                0x08006bb4       0x84 build/stm32f1xx_hal_tim.o
                0x08006bb4                TIM_Base_SetConfig
 .text.HAL_TIM_Base_Init
                0x08006c38       0x58 build/stm32f1xx_hal_tim.o
                0x08006c38                HAL_TIM_Base_Init
 .text.HAL_TIM_PWM_Init
                0x08006c90       0x58 build/stm32f1xx_hal_tim.o
                0x08006c90                HAL_TIM_PWM_Init
 .text.TIM_OC2_SetConfig
                0x08006ce8       0x5c build/stm32f1xx_hal_tim.o
                0x08006ce8                TIM_OC2_SetConfig
 .text.HAL_TIM_PWM_ConfigChannel
                0x08006d44       0xdc build/stm32f1xx_hal_tim.o
                0x08006d44                HAL_TIM_PWM_ConfigChannel
 .text.TIM_ETR_SetConfig
                0x08006e20       0x18 build/stm32f1xx_hal_tim.o
                0x08006e20                TIM_ETR_SetConfig
 .text.HAL_TIM_ConfigClockSource
                0x08006e38       0xfe build/stm32f1xx_hal_tim.o
                0x08006e38                HAL_TIM_ConfigClockSource
 .text.TIM_CCxChannelCmd
                0x08006f36       0x1e build/stm32f1xx_hal_tim.o
                0x08006f36                TIM_CCxChannelCmd
 .text.HAL_TIM_PWM_Start_DMA
                0x08006f54      0x26c build/stm32f1xx_hal_tim.o
                0x08006f54                HAL_TIM_PWM_Start_DMA
 .text.HAL_TIM_PWM_Stop_DMA
                0x080071c0       0xec build/stm32f1xx_hal_tim.o
                0x080071c0                HAL_TIM_PWM_Stop_DMA
 .text.HAL_TIMEx_MasterConfigSynchronization
                0x080072ac       0x6c build/stm32f1xx_hal_tim_ex.o
                0x080072ac                HAL_TIMEx_MasterConfigSynchronization
 .text.HAL_TIMEx_ConfigBreakDeadTime
                0x08007318       0x52 build/stm32f1xx_hal_tim_ex.o
                0x08007318                HAL_TIMEx_ConfigBreakDeadTime
 .text.HAL_TIMEx_CommutCallback
                0x0800736a        0x2 build/stm32f1xx_hal_tim_ex.o
                0x0800736a                HAL_TIMEx_CommutCallback
 .text.HAL_TIMEx_BreakCallback
                0x0800736c        0x2 build/stm32f1xx_hal_tim_ex.o
                0x0800736c                HAL_TIMEx_BreakCallback
 *fill*         0x0800736e        0x2 
 .text._Z41__static_initialization_and_destruction_0ii
                0x08007370       0x38 build/app.o
 .text.__io_putchar
                0x080073a8       0x20 build/app.o
                0x080073a8                __io_putchar
 .text.setup    0x080073c8       0x48 build/app.o
                0x080073c8                setup
 .text.loop     0x08007410       0x3c build/app.o
                0x08007410                loop
 .text.HAL_TIM_PWM_PulseFinishedCallback
                0x0800744c       0x1c build/app.o
                0x0800744c                HAL_TIM_PWM_PulseFinishedCallback
 .text.HAL_TIM_PeriodElapsedCallback
                0x08007468       0x68 build/app.o
                0x08007468                HAL_TIM_PeriodElapsedCallback
 .text._GLOBAL__sub_I___io_putchar
                0x080074d0        0xe build/app.o
 .text._ZN9ModbusRTUC2EP20__UART_HandleTypeDef
                0x080074de        0x4 build/modbusRTU.o
                0x080074de                ModbusRTU::ModbusRTU(__UART_HandleTypeDef*)
                0x080074de                ModbusRTU::ModbusRTU(__UART_HandleTypeDef*)
 .text._ZN9ModbusRTU9appendCRCEPh
                0x080074e2       0x3e build/modbusRTU.o
                0x080074e2                ModbusRTU::appendCRC(unsigned char*)
 .text._ZN9ModbusRTU4sendEv
                0x08007520       0x12 build/modbusRTU.o
                0x08007520                ModbusRTU::send()
 .text._ZN9ModbusRTU7receiveEv
                0x08007532       0x12 build/modbusRTU.o
                0x08007532                ModbusRTU::receive()
 .text._ZN9ModbusRTU7requestEhhtt
                0x08007544       0x5a build/modbusRTU.o
                0x08007544                ModbusRTU::request(unsigned char, unsigned char, unsigned short, unsigned short)
 .text._ZN7WS2812BC2EP17TIM_HandleTypeDefmt
                0x0800759e        0x8 build/ws2812b.o
                0x0800759e                WS2812B::WS2812B(TIM_HandleTypeDef*, unsigned long, unsigned short)
                0x0800759e                WS2812B::WS2812B(TIM_HandleTypeDef*, unsigned long, unsigned short)
 *fill*         0x080075a6        0x2 
 .text._ZN7WS2812B4initEh
                0x080075a8       0x60 build/ws2812b.o
                0x080075a8                WS2812B::init(unsigned char)
 .text._ZN7WS2812B10extractRedEm
                0x08007608        0x6 build/ws2812b.o
                0x08007608                WS2812B::extractRed(unsigned long)
 .text._ZN7WS2812B12extractGreenEm
                0x0800760e        0x6 build/ws2812b.o
                0x0800760e                WS2812B::extractGreen(unsigned long)
 .text._ZN7WS2812B11extractBlueEm
                0x08007614        0x4 build/ws2812b.o
                0x08007614                WS2812B::extractBlue(unsigned long)
 .text._ZN7WS2812B10combineRGBEhhh
                0x08007618        0xc build/ws2812b.o
                0x08007618                WS2812B::combineRGB(unsigned char, unsigned char, unsigned char)
 .text._ZN7WS2812B15gradient2ColorsEmtmt
                0x08007624      0x19c build/ws2812b.o
                0x08007624                WS2812B::gradient2Colors(unsigned long, unsigned short, unsigned long, unsigned short)
 .text._ZN7WS2812B5toGRBEm
                0x080077c0       0x24 build/ws2812b.o
                0x080077c0                WS2812B::toGRB(unsigned long)
 .text._ZN7WS2812B12updateBufferEv
                0x080077e4       0x5c build/ws2812b.o
                0x080077e4                WS2812B::updateBuffer()
 .text._ZN7WS2812B6renderEv
                0x08007840       0x38 build/ws2812b.o
                0x08007840                WS2812B::render()
 .text._ZN7WS2812B10transitionEPff
                0x08007878      0x25c build/ws2812b.o
                0x08007878                WS2812B::transition(float*, float)
 .text.Reset_Handler
                0x08007ad4       0x48 build/startup_stm32f103xb.o
                0x08007ad4                Reset_Handler
 .text.Default_Handler
                0x08007b1c        0x2 build/startup_stm32f103xb.o
                0x08007b1c                RTC_Alarm_IRQHandler
                0x08007b1c                EXTI2_IRQHandler
                0x08007b1c                TIM1_CC_IRQHandler
                0x08007b1c                PVD_IRQHandler
                0x08007b1c                EXTI3_IRQHandler
                0x08007b1c                EXTI0_IRQHandler
                0x08007b1c                I2C2_EV_IRQHandler
                0x08007b1c                ADC1_2_IRQHandler
                0x08007b1c                SPI1_IRQHandler
                0x08007b1c                TAMPER_IRQHandler
                0x08007b1c                DMA1_Channel4_IRQHandler
                0x08007b1c                USART3_IRQHandler
                0x08007b1c                RTC_IRQHandler
                0x08007b1c                DMA1_Channel7_IRQHandler
                0x08007b1c                CAN1_RX1_IRQHandler
                0x08007b1c                TIM4_IRQHandler
                0x08007b1c                I2C1_EV_IRQHandler
                0x08007b1c                DMA1_Channel6_IRQHandler
                0x08007b1c                TIM3_IRQHandler
                0x08007b1c                RCC_IRQHandler
                0x08007b1c                TIM1_TRG_COM_IRQHandler
                0x08007b1c                DMA1_Channel1_IRQHandler
                0x08007b1c                Default_Handler
                0x08007b1c                EXTI15_10_IRQHandler
                0x08007b1c                EXTI9_5_IRQHandler
                0x08007b1c                SPI2_IRQHandler
                0x08007b1c                DMA1_Channel5_IRQHandler
                0x08007b1c                EXTI4_IRQHandler
                0x08007b1c                USB_LP_CAN1_RX0_IRQHandler
                0x08007b1c                USB_HP_CAN1_TX_IRQHandler
                0x08007b1c                DMA1_Channel3_IRQHandler
                0x08007b1c                WWDG_IRQHandler
                0x08007b1c                TIM2_IRQHandler
                0x08007b1c                TIM1_BRK_IRQHandler
                0x08007b1c                EXTI1_IRQHandler
                0x08007b1c                USART2_IRQHandler
                0x08007b1c                I2C2_ER_IRQHandler
                0x08007b1c                CAN1_SCE_IRQHandler
                0x08007b1c                FLASH_IRQHandler
                0x08007b1c                USART1_IRQHandler
                0x08007b1c                I2C1_ER_IRQHandler
                0x08007b1c                USBWakeUp_IRQHandler
 .text.selfrel_offset31
                0x08007b1e       0x12 c:/msys64/mingw64/bin/../lib/gcc/arm-none-eabi/12.2.0/thumb/v7-m/nofp\libgcc.a(unwind-arm.o)
 .text.search_EIT_table
                0x08007b30       0x60 c:/msys64/mingw64/bin/../lib/gcc/arm-none-eabi/12.2.0/thumb/v7-m/nofp\libgcc.a(unwind-arm.o)
 .text.__gnu_unwind_get_pr_addr
                0x08007b90       0x28 c:/msys64/mingw64/bin/../lib/gcc/arm-none-eabi/12.2.0/thumb/v7-m/nofp\libgcc.a(unwind-arm.o)
 .text.get_eit_entry
                0x08007bb8       0x8c c:/msys64/mingw64/bin/../lib/gcc/arm-none-eabi/12.2.0/thumb/v7-m/nofp\libgcc.a(unwind-arm.o)
 .text.restore_non_core_regs
                0x08007c44       0x4c c:/msys64/mingw64/bin/../lib/gcc/arm-none-eabi/12.2.0/thumb/v7-m/nofp\libgcc.a(unwind-arm.o)
 .text._Unwind_decode_typeinfo_ptr.constprop.0
                0x08007c90        0xa c:/msys64/mingw64/bin/../lib/gcc/arm-none-eabi/12.2.0/thumb/v7-m/nofp\libgcc.a(unwind-arm.o)
 .text._Unwind_DebugHook
                0x08007c9a        0x2 c:/msys64/mingw64/bin/../lib/gcc/arm-none-eabi/12.2.0/thumb/v7-m/nofp\libgcc.a(unwind-arm.o)
 .text.unwind_phase2
                0x08007c9c       0x3a c:/msys64/mingw64/bin/../lib/gcc/arm-none-eabi/12.2.0/thumb/v7-m/nofp\libgcc.a(unwind-arm.o)
 .text.unwind_phase2_forced
                0x08007cd6       0xba c:/msys64/mingw64/bin/../lib/gcc/arm-none-eabi/12.2.0/thumb/v7-m/nofp\libgcc.a(unwind-arm.o)
 .text.__gnu_Unwind_RaiseException
                0x08007d90       0x5a c:/msys64/mingw64/bin/../lib/gcc/arm-none-eabi/12.2.0/thumb/v7-m/nofp\libgcc.a(unwind-arm.o)
                0x08007d90                __gnu_Unwind_RaiseException
 .text.__gnu_Unwind_ForcedUnwind
                0x08007dea       0x14 c:/msys64/mingw64/bin/../lib/gcc/arm-none-eabi/12.2.0/thumb/v7-m/nofp\libgcc.a(unwind-arm.o)
                0x08007dea                __gnu_Unwind_ForcedUnwind
 .text.__gnu_Unwind_Resume
                0x08007dfe       0x40 c:/msys64/mingw64/bin/../lib/gcc/arm-none-eabi/12.2.0/thumb/v7-m/nofp\libgcc.a(unwind-arm.o)
                0x08007dfe                __gnu_Unwind_Resume
 .text.__gnu_Unwind_Resume_or_Rethrow
                0x08007e3e       0x12 c:/msys64/mingw64/bin/../lib/gcc/arm-none-eabi/12.2.0/thumb/v7-m/nofp\libgcc.a(unwind-arm.o)
                0x08007e3e                __gnu_Unwind_Resume_or_Rethrow
 .text._Unwind_VRS_Get
                0x08007e50       0x30 c:/msys64/mingw64/bin/../lib/gcc/arm-none-eabi/12.2.0/thumb/v7-m/nofp\libgcc.a(unwind-arm.o)
                0x08007e50                _Unwind_VRS_Get
 .text._Unwind_GetGR
                0x08007e80       0x18 c:/msys64/mingw64/bin/../lib/gcc/arm-none-eabi/12.2.0/thumb/v7-m/nofp\libgcc.a(unwind-arm.o)
 .text._Unwind_VRS_Set
                0x08007e98       0x30 c:/msys64/mingw64/bin/../lib/gcc/arm-none-eabi/12.2.0/thumb/v7-m/nofp\libgcc.a(unwind-arm.o)
                0x08007e98                _Unwind_VRS_Set
 .text._Unwind_SetGR
                0x08007ec8       0x18 c:/msys64/mingw64/bin/../lib/gcc/arm-none-eabi/12.2.0/thumb/v7-m/nofp\libgcc.a(unwind-arm.o)
 .text.__gnu_Unwind_Backtrace
                0x08007ee0       0x6c c:/msys64/mingw64/bin/../lib/gcc/arm-none-eabi/12.2.0/thumb/v7-m/nofp\libgcc.a(unwind-arm.o)
                0x08007ee0                __gnu_Unwind_Backtrace
 .text.__gnu_unwind_pr_common
                0x08007f4c      0x24c c:/msys64/mingw64/bin/../lib/gcc/arm-none-eabi/12.2.0/thumb/v7-m/nofp\libgcc.a(unwind-arm.o)
 .text.__aeabi_unwind_cpp_pr0
                0x08008198        0x6 c:/msys64/mingw64/bin/../lib/gcc/arm-none-eabi/12.2.0/thumb/v7-m/nofp\libgcc.a(unwind-arm.o)
                0x08008198                __aeabi_unwind_cpp_pr0
 .text.__aeabi_unwind_cpp_pr1
                0x0800819e        0x6 c:/msys64/mingw64/bin/../lib/gcc/arm-none-eabi/12.2.0/thumb/v7-m/nofp\libgcc.a(unwind-arm.o)
                0x0800819e                __aeabi_unwind_cpp_pr1
 .text.__aeabi_unwind_cpp_pr2
                0x080081a4        0x6 c:/msys64/mingw64/bin/../lib/gcc/arm-none-eabi/12.2.0/thumb/v7-m/nofp\libgcc.a(unwind-arm.o)
                0x080081a4                __aeabi_unwind_cpp_pr2
 .text._Unwind_VRS_Pop
                0x080081aa      0x26a c:/msys64/mingw64/bin/../lib/gcc/arm-none-eabi/12.2.0/thumb/v7-m/nofp\libgcc.a(unwind-arm.o)
                0x080081aa                _Unwind_VRS_Pop
 .text.next_unwind_byte
                0x08008414       0x30 c:/msys64/mingw64/bin/../lib/gcc/arm-none-eabi/12.2.0/thumb/v7-m/nofp\libgcc.a(pr-support.o)
 .text.__gnu_unwind_execute
                0x08008444      0x244 c:/msys64/mingw64/bin/../lib/gcc/arm-none-eabi/12.2.0/thumb/v7-m/nofp\libgcc.a(pr-support.o)
                0x08008444                __gnu_unwind_execute
 *(.glue_7)
 .glue_7        0x08008688        0x0 linker stubs
 *(.glue_7t)
 .glue_7t       0x08008688        0x0 linker stubs
 *(.eh_frame)
 .eh_frame      0x08008688        0x0 c:/msys64/mingw64/bin/../lib/gcc/arm-none-eabi/12.2.0/thumb/v7-m/nofp/crtbegin.o
 *(.init)
 .init          0x08008688        0x4 c:/msys64/mingw64/bin/../lib/gcc/arm-none-eabi/12.2.0/thumb/v7-m/nofp/crti.o
                0x08008688                _init
 .init          0x0800868c        0x8 c:/msys64/mingw64/bin/../lib/gcc/arm-none-eabi/12.2.0/thumb/v7-m/nofp/crtn.o
 *(.fini)
 .fini          0x08008694        0x4 c:/msys64/mingw64/bin/../lib/gcc/arm-none-eabi/12.2.0/thumb/v7-m/nofp/crti.o
                0x08008694                _fini
 .fini          0x08008698        0x8 c:/msys64/mingw64/bin/../lib/gcc/arm-none-eabi/12.2.0/thumb/v7-m/nofp/crtn.o
                0x080086a0                        . = ALIGN (0x4)
                0x080086a0                        _etext = .

.vfp11_veneer   0x080086a0        0x0
 .vfp11_veneer  0x080086a0        0x0 linker stubs

.v4_bx          0x080086a0        0x0
 .v4_bx         0x080086a0        0x0 linker stubs

.iplt           0x080086a0        0x0
 .iplt          0x080086a0        0x0 c:/msys64/mingw64/bin/../lib/gcc/arm-none-eabi/12.2.0/thumb/v7-m/nofp/crtbegin.o

.rodata         0x080086a0      0x3bc
                0x080086a0                        . = ALIGN (0x4)
 *(.rodata)
 .rodata        0x080086a0        0x8 build/app.o
 .rodata        0x080086a8      0x128 c:/msys64/mingw64/bin/../lib/gcc/arm-none-eabi/12.2.0/../../../../arm-none-eabi/lib/thumb/v7-m/nofp\libc_nano.a(libc_a-mprec.o)
                0x080086b8                __mprec_tens
                0x08008780                __mprec_tinytens
                0x080087a8                __mprec_bigtens
 .rodata        0x080087d0      0x101 c:/msys64/mingw64/bin/../lib/gcc/arm-none-eabi/12.2.0/../../../../arm-none-eabi/lib/thumb/v7-m/nofp\libc_nano.a(libc_a-ctype_.o)
                0x080087d0                _ctype_
 *(.rodata*)
 *fill*         0x080088d1        0x3 
 .rodata.aPredivFactorTable.0
                0x080088d4        0x2 build/stm32f1xx_hal_rcc.o
 *fill*         0x080088d6        0x2 
 .rodata.aPLLMULFactorTable.1
                0x080088d8       0x10 build/stm32f1xx_hal_rcc.o
 .rodata.APBPrescTable
                0x080088e8        0x8 build/system_stm32f1xx.o
                0x080088e8                APBPrescTable
 .rodata.AHBPrescTable
                0x080088f0       0x10 build/system_stm32f1xx.o
                0x080088f0                AHBPrescTable
 .rodata.loop.str1.4
                0x08008900      0x15b build/app.o
                                  0x5 (size before relaxing)
 .rodata.str1.4
                0x08008a5b       0x12 c:/msys64/mingw64/bin/../lib/gcc/arm-none-eabi/12.2.0/../../../../arm-none-eabi/lib/thumb/v7-m/nofp\libc_nano.a(libc_a-nano-vfprintf_float.o)
 .rodata.str1.4
                0x08008a5b       0x25 c:/msys64/mingw64/bin/../lib/gcc/arm-none-eabi/12.2.0/../../../../arm-none-eabi/lib/thumb/v7-m/nofp\libc_nano.a(libc_a-nano-vfprintf_i.o)
 .rodata.str1.4
                0x08008a5b       0x79 c:/msys64/mingw64/bin/../lib/gcc/arm-none-eabi/12.2.0/../../../../arm-none-eabi/lib/thumb/v7-m/nofp\libc_nano.a(libc_a-dtoa.o)
 .rodata.str1.4
                0x08008a5b       0x65 c:/msys64/mingw64/bin/../lib/gcc/arm-none-eabi/12.2.0/../../../../arm-none-eabi/lib/thumb/v7-m/nofp\libc_nano.a(libc_a-mprec.o)
 .rodata.str1.4
                0x08008a5b       0x12 c:/msys64/mingw64/bin/../lib/gcc/arm-none-eabi/12.2.0/../../../../arm-none-eabi/lib/thumb/v7-m/nofp\libc_nano.a(libc_a-locale.o)
 .rodata.str1.4
                0x08008a5b       0x43 c:/msys64/mingw64/bin/../lib/gcc/arm-none-eabi/12.2.0/../../../../arm-none-eabi/lib/thumb/v7-m/nofp\libc_nano.a(libc_a-assert.o)
 .rodata.str1.4
                0x08008a5b       0x13 c:/msys64/mingw64/bin/../lib/gcc/arm-none-eabi/12.2.0/../../../../arm-none-eabi/lib/thumb/v7-m/nofp\libc_nano.a(libc_a-nano-vfprintf.o)
                0x08008ad4                        . = ALIGN (0x4)
 *fill*         0x08008a5b        0x1 

.ARM.extab      0x08008a5c       0x24
 *(.ARM.extab* .gnu.linkonce.armextab.*)
 .ARM.extab.text.HAL_TIM_PWM_PulseFinishedCallback
                0x08008a5c        0xc build/app.o
 .ARM.extab.text._ZN9ModbusRTU4sendEv
                0x08008a68        0xc build/modbusRTU.o
 .ARM.extab.text._ZN9ModbusRTU7receiveEv
                0x08008a74        0xc build/modbusRTU.o

.ARM            0x08008a80       0xf0
                0x08008a80                        __exidx_start = .
 *(.ARM.exidx*)
 .ARM.exidx     0x08008a80        0x8 c:/msys64/mingw64/bin/../lib/gcc/arm-none-eabi/12.2.0/../../../../arm-none-eabi/lib/thumb/v7-m/nofp\libc_nano.a(libc_a-memcpy.o)
 .ARM.exidx.text._Z41__static_initialization_and_destruction_0ii
                0x08008a88        0x0 build/app.o
                                  0x8 (size before relaxing)
 .ARM.exidx.text.__io_putchar
                0x08008a88        0x8 build/app.o
 .ARM.exidx.text.setup
                0x08008a90        0x8 build/app.o
 .ARM.exidx.text.loop
                0x08008a98        0x8 build/app.o
 .ARM.exidx.text.HAL_TIM_PWM_PulseFinishedCallback
                0x08008aa0        0x8 build/app.o
 .ARM.exidx.text.HAL_TIM_PeriodElapsedCallback
                0x08008aa8        0x8 build/app.o
 .ARM.exidx.text._GLOBAL__sub_I___io_putchar
                0x08008ab0        0x8 build/app.o
 .ARM.exidx.text._ZN9ModbusRTUC2EP20__UART_HandleTypeDef
                0x08008ab8        0x0 build/modbusRTU.o
                                  0x8 (size before relaxing)
 .ARM.exidx.text._ZN9ModbusRTU9appendCRCEPh
                0x08008ab8        0x0 build/modbusRTU.o
                                  0x8 (size before relaxing)
 .ARM.exidx.text._ZN9ModbusRTU4sendEv
                0x08008ab8        0x8 build/modbusRTU.o
 .ARM.exidx.text._ZN9ModbusRTU7receiveEv
                0x08008ac0        0x8 build/modbusRTU.o
 .ARM.exidx.text._ZN9ModbusRTU7requestEhhtt
                0x08008ac8        0x8 build/modbusRTU.o
 .ARM.exidx.text._ZN7WS2812BC2EP17TIM_HandleTypeDefmt
                0x08008ad0        0x8 build/ws2812b.o
 .ARM.exidx.text._ZN7WS2812B4initEh
                0x08008ad8        0x0 build/ws2812b.o
                                  0x8 (size before relaxing)
 .ARM.exidx.text._ZN7WS2812B10extractRedEm
                0x08008ad8        0x0 build/ws2812b.o
                                  0x8 (size before relaxing)
 .ARM.exidx.text._ZN7WS2812B12extractGreenEm
                0x08008ad8        0x0 build/ws2812b.o
                                  0x8 (size before relaxing)
 .ARM.exidx.text._ZN7WS2812B11extractBlueEm
                0x08008ad8        0x0 build/ws2812b.o
                                  0x8 (size before relaxing)
 .ARM.exidx.text._ZN7WS2812B10combineRGBEhhh
                0x08008ad8        0x0 build/ws2812b.o
                                  0x8 (size before relaxing)
 .ARM.exidx.text._ZN7WS2812B15gradient2ColorsEmtmt
                0x08008ad8        0x0 build/ws2812b.o
                                  0x8 (size before relaxing)
 .ARM.exidx.text._ZN7WS2812B5toGRBEm
                0x08008ad8        0x0 build/ws2812b.o
                                  0x8 (size before relaxing)
 .ARM.exidx.text._ZN7WS2812B12updateBufferEv
                0x08008ad8        0x0 build/ws2812b.o
                                  0x8 (size before relaxing)
 .ARM.exidx.text._ZN7WS2812B6renderEv
                0x08008ad8        0x8 build/ws2812b.o
 .ARM.exidx.text._ZN7WS2812B10transitionEPff
                0x08008ae0       0x10 build/ws2812b.o
                                  0x8 (size before relaxing)
 .ARM.exidx.text.selfrel_offset31
                0x08008af0        0x0 c:/msys64/mingw64/bin/../lib/gcc/arm-none-eabi/12.2.0/thumb/v7-m/nofp\libgcc.a(unwind-arm.o)
                                  0x8 (size before relaxing)
 .ARM.exidx.text.search_EIT_table
                0x08008af0        0x0 c:/msys64/mingw64/bin/../lib/gcc/arm-none-eabi/12.2.0/thumb/v7-m/nofp\libgcc.a(unwind-arm.o)
                                  0x8 (size before relaxing)
 .ARM.exidx.text.__gnu_unwind_get_pr_addr
                0x08008af0        0x0 c:/msys64/mingw64/bin/../lib/gcc/arm-none-eabi/12.2.0/thumb/v7-m/nofp\libgcc.a(unwind-arm.o)
                                  0x8 (size before relaxing)
 .ARM.exidx.text.get_eit_entry
                0x08008af0        0x8 c:/msys64/mingw64/bin/../lib/gcc/arm-none-eabi/12.2.0/thumb/v7-m/nofp\libgcc.a(unwind-arm.o)
 .ARM.exidx.text.restore_non_core_regs
                0x08008af8        0x8 c:/msys64/mingw64/bin/../lib/gcc/arm-none-eabi/12.2.0/thumb/v7-m/nofp\libgcc.a(unwind-arm.o)
 .ARM.exidx.text._Unwind_decode_typeinfo_ptr.constprop.0
                0x08008b00        0x8 c:/msys64/mingw64/bin/../lib/gcc/arm-none-eabi/12.2.0/thumb/v7-m/nofp\libgcc.a(unwind-arm.o)
 .ARM.exidx.text._Unwind_DebugHook
                0x08008b08        0x0 c:/msys64/mingw64/bin/../lib/gcc/arm-none-eabi/12.2.0/thumb/v7-m/nofp\libgcc.a(unwind-arm.o)
                                  0x8 (size before relaxing)
 .ARM.exidx.text.unwind_phase2
                0x08008b08        0x8 c:/msys64/mingw64/bin/../lib/gcc/arm-none-eabi/12.2.0/thumb/v7-m/nofp\libgcc.a(unwind-arm.o)
 .ARM.exidx.text.unwind_phase2_forced
                0x08008b10        0x8 c:/msys64/mingw64/bin/../lib/gcc/arm-none-eabi/12.2.0/thumb/v7-m/nofp\libgcc.a(unwind-arm.o)
 .ARM.exidx.text.__gnu_Unwind_RaiseException
                0x08008b18        0x8 c:/msys64/mingw64/bin/../lib/gcc/arm-none-eabi/12.2.0/thumb/v7-m/nofp\libgcc.a(unwind-arm.o)
 .ARM.exidx.text.__gnu_Unwind_ForcedUnwind
                0x08008b20        0x8 c:/msys64/mingw64/bin/../lib/gcc/arm-none-eabi/12.2.0/thumb/v7-m/nofp\libgcc.a(unwind-arm.o)
 .ARM.exidx.text.__gnu_Unwind_Resume
                0x08008b28        0x8 c:/msys64/mingw64/bin/../lib/gcc/arm-none-eabi/12.2.0/thumb/v7-m/nofp\libgcc.a(unwind-arm.o)
 .ARM.exidx.text.__gnu_Unwind_Resume_or_Rethrow
                0x08008b30        0x8 c:/msys64/mingw64/bin/../lib/gcc/arm-none-eabi/12.2.0/thumb/v7-m/nofp\libgcc.a(unwind-arm.o)
 .ARM.exidx.text._Unwind_VRS_Get
                0x08008b38        0x0 c:/msys64/mingw64/bin/../lib/gcc/arm-none-eabi/12.2.0/thumb/v7-m/nofp\libgcc.a(unwind-arm.o)
                                  0x8 (size before relaxing)
 .ARM.exidx.text._Unwind_GetGR
                0x08008b38        0x0 c:/msys64/mingw64/bin/../lib/gcc/arm-none-eabi/12.2.0/thumb/v7-m/nofp\libgcc.a(unwind-arm.o)
                                  0x8 (size before relaxing)
 .ARM.exidx.text._Unwind_VRS_Set
                0x08008b38        0x0 c:/msys64/mingw64/bin/../lib/gcc/arm-none-eabi/12.2.0/thumb/v7-m/nofp\libgcc.a(unwind-arm.o)
                                  0x8 (size before relaxing)
 .ARM.exidx.text._Unwind_SetGR
                0x08008b38        0x0 c:/msys64/mingw64/bin/../lib/gcc/arm-none-eabi/12.2.0/thumb/v7-m/nofp\libgcc.a(unwind-arm.o)
                                  0x8 (size before relaxing)
 .ARM.exidx.text.__gnu_Unwind_Backtrace
                0x08008b38        0x8 c:/msys64/mingw64/bin/../lib/gcc/arm-none-eabi/12.2.0/thumb/v7-m/nofp\libgcc.a(unwind-arm.o)
 .ARM.exidx.text.__gnu_unwind_pr_common
                0x08008b40        0x8 c:/msys64/mingw64/bin/../lib/gcc/arm-none-eabi/12.2.0/thumb/v7-m/nofp\libgcc.a(unwind-arm.o)
 .ARM.exidx.text.__aeabi_unwind_cpp_pr0
                0x08008b48        0x8 c:/msys64/mingw64/bin/../lib/gcc/arm-none-eabi/12.2.0/thumb/v7-m/nofp\libgcc.a(unwind-arm.o)
 .ARM.exidx.text.__aeabi_unwind_cpp_pr1
                0x08008b50        0x0 c:/msys64/mingw64/bin/../lib/gcc/arm-none-eabi/12.2.0/thumb/v7-m/nofp\libgcc.a(unwind-arm.o)
                                  0x8 (size before relaxing)
 .ARM.exidx.text.__aeabi_unwind_cpp_pr2
                0x08008b50        0x0 c:/msys64/mingw64/bin/../lib/gcc/arm-none-eabi/12.2.0/thumb/v7-m/nofp\libgcc.a(unwind-arm.o)
                                  0x8 (size before relaxing)
 .ARM.exidx.text._Unwind_VRS_Pop
                0x08008b50        0x8 c:/msys64/mingw64/bin/../lib/gcc/arm-none-eabi/12.2.0/thumb/v7-m/nofp\libgcc.a(unwind-arm.o)
 .ARM.exidx.text.next_unwind_byte
                0x08008b58        0x8 c:/msys64/mingw64/bin/../lib/gcc/arm-none-eabi/12.2.0/thumb/v7-m/nofp\libgcc.a(pr-support.o)
 .ARM.exidx.text.__gnu_unwind_execute
                0x08008b60       0x10 c:/msys64/mingw64/bin/../lib/gcc/arm-none-eabi/12.2.0/thumb/v7-m/nofp\libgcc.a(pr-support.o)
                                  0x8 (size before relaxing)
                0x08008b70                        __exidx_end = .

.rel.dyn        0x08008b70        0x0
 .rel.iplt      0x08008b70        0x0 c:/msys64/mingw64/bin/../lib/gcc/arm-none-eabi/12.2.0/thumb/v7-m/nofp/crtbegin.o

.preinit_array  0x08008b70        0x0
                0x08008b70                        PROVIDE (__preinit_array_start = .)
 *(.preinit_array*)
                0x08008b70                        PROVIDE (__preinit_array_end = .)

.init_array     0x08008b70        0x8
                0x08008b70                        PROVIDE (__init_array_start = .)
 *(SORT_BY_NAME(.init_array.*))
 *(.init_array*)
 .init_array    0x08008b70        0x4 c:/msys64/mingw64/bin/../lib/gcc/arm-none-eabi/12.2.0/thumb/v7-m/nofp/crtbegin.o
 .init_array    0x08008b74        0x4 build/app.o
                0x08008b78                        PROVIDE (__init_array_end = .)

.fini_array     0x08008b78        0x4
                0x08008b78                        PROVIDE (__fini_array_start = .)
 *(SORT_BY_NAME(.fini_array.*))
 *(.fini_array*)
 .fini_array    0x08008b78        0x4 c:/msys64/mingw64/bin/../lib/gcc/arm-none-eabi/12.2.0/thumb/v7-m/nofp/crtbegin.o
                0x08008b7c                        PROVIDE (__fini_array_end = .)
                0x08008b7c                        _sidata = LOADADDR (.data)

.data           0x20000000      0x1d4 load address 0x08008b7c
                0x20000000                        . = ALIGN (0x4)
                0x20000000                        _sdata = .
 *(.data)
 .data          0x20000000        0xc c:/msys64/mingw64/bin/../lib/gcc/arm-none-eabi/12.2.0/../../../../arm-none-eabi/lib/thumb/v7-m/nofp\libc_nano.a(libc_a-findfp.o)
                0x20000000                __sglue
 .data          0x2000000c       0x50 c:/msys64/mingw64/bin/../lib/gcc/arm-none-eabi/12.2.0/../../../../arm-none-eabi/lib/thumb/v7-m/nofp\libc_nano.a(libc_a-impure.o)
                0x2000000c                _impure_ptr
                0x20000010                _impure_data
 .data          0x2000005c      0x16c c:/msys64/mingw64/bin/../lib/gcc/arm-none-eabi/12.2.0/../../../../arm-none-eabi/lib/thumb/v7-m/nofp\libc_nano.a(libc_a-locale.o)
                0x2000005c                __global_locale
 *(.data*)
 .data.uwTickFreq
                0x200001c8        0x1 build/stm32f1xx_hal.o
                0x200001c8                uwTickFreq
 *fill*         0x200001c9        0x3 
 .data.uwTickPrio
                0x200001cc        0x4 build/stm32f1xx_hal.o
                0x200001cc                uwTickPrio
 .data.SystemCoreClock
                0x200001d0        0x4 build/system_stm32f1xx.o
                0x200001d0                SystemCoreClock
                0x200001d4                        . = ALIGN (0x4)
                0x200001d4                        _edata = .

.igot.plt       0x200001d4        0x0 load address 0x08008d50
 .igot.plt      0x200001d4        0x0 c:/msys64/mingw64/bin/../lib/gcc/arm-none-eabi/12.2.0/thumb/v7-m/nofp/crtbegin.o
                0x200001d4                        . = ALIGN (0x4)

.bss            0x200001d4      0x2fc load address 0x08008d50
                0x200001d4                        _sbss = .
                0x200001d4                        __bss_start__ = _sbss
 *(.bss)
 .bss           0x200001d4        0x8 c:/msys64/mingw64/bin/../lib/gcc/arm-none-eabi/12.2.0/../../../../arm-none-eabi/lib/thumb/v7-m/nofp\libc_nano.a(libc_a-mallocr.o)
                0x200001d4                __malloc_sbrk_start
                0x200001d8                __malloc_free_list
 .bss           0x200001dc      0x13c c:/msys64/mingw64/bin/../lib/gcc/arm-none-eabi/12.2.0/../../../../arm-none-eabi/lib/thumb/v7-m/nofp\libc_nano.a(libc_a-findfp.o)
                0x200001dc                __sf
                0x20000314                __stdio_exit_handler
 .bss           0x20000318        0x4 c:/msys64/mingw64/bin/../lib/gcc/arm-none-eabi/12.2.0/../../../../arm-none-eabi/lib/thumb/v7-m/nofp\libc_nano.a(libc_a-reent.o)
                0x20000318                errno
 .bss           0x2000031c       0x1d c:/msys64/mingw64/bin/../lib/gcc/arm-none-eabi/12.2.0/../../../../arm-none-eabi/lib/thumb/v7-m/nofp\libc_nano.a(libc_a-lock.o)
                0x2000031c                __lock___arc4random_mutex
                0x20000320                __lock___dd_hash_mutex
                0x20000324                __lock___tz_mutex
                0x20000328                __lock___env_recursive_mutex
                0x2000032c                __lock___malloc_recursive_mutex
                0x20000330                __lock___at_quick_exit_mutex
                0x20000334                __lock___atexit_recursive_mutex
                0x20000338                __lock___sfp_recursive_mutex
 *(.bss*)
 .bss.completed.1
                0x20000339        0x1 c:/msys64/mingw64/bin/../lib/gcc/arm-none-eabi/12.2.0/thumb/v7-m/nofp/crtbegin.o
 *fill*         0x2000033a        0x2 
 .bss.object.0  0x2000033c       0x18 c:/msys64/mingw64/bin/../lib/gcc/arm-none-eabi/12.2.0/thumb/v7-m/nofp/crtbegin.o
 .bss.huart2    0x20000354       0x48 build/main.o
                0x20000354                huart2
 .bss.huart1    0x2000039c       0x48 build/main.o
                0x2000039c                huart1
 .bss.hdma_tim1_ch1
                0x200003e4       0x44 build/main.o
                0x200003e4                hdma_tim1_ch1
 .bss.htim1     0x20000428       0x48 build/main.o
                0x20000428                htim1
 .bss.uwTick    0x20000470        0x4 build/stm32f1xx_hal.o
                0x20000470                uwTick
 .bss.__sbrk_heap_end
                0x20000474        0x4 build/sysmem.o
 .bss.callbackCounter
                0x20000478        0x2 build/app.o
                0x20000478                callbackCounter
 *fill*         0x2000047a        0x2 
 .bss.tick      0x2000047c        0x4 build/app.o
                0x2000047c                tick
 .bss.valueChanged
                0x20000480        0x1 build/app.o
                0x20000480                valueChanged
 *fill*         0x20000481        0x3 
 .bss.modbusClient
                0x20000484       0x14 build/app.o
                0x20000484                modbusClient
 .bss.led       0x20000498       0x38 build/app.o
                0x20000498                led
 *(COMMON)
                0x200004d0                        . = ALIGN (0x4)
                0x200004d0                        _ebss = .
                0x200004d0                        __bss_end__ = _ebss

._user_heap_stack
                0x200004d0      0x600 load address 0x08008d50
                0x200004d0                        . = ALIGN (0x8)
                [!provide]                        PROVIDE (end = .)
                0x200004d0                        PROVIDE (_end = .)
                0x200006d0                        . = (. + _Min_Heap_Size)
 *fill*         0x200004d0      0x200 
                0x20000ad0                        . = (. + _Min_Stack_Size)
 *fill*         0x200006d0      0x400 
                0x20000ad0                        . = ALIGN (0x8)

/DISCARD/
 libc.a(*)
 libm.a(*)
 libgcc.a(*)
OUTPUT(build/_firmware.elf elf32-littlearm)
LOAD linker stubs
LOAD c:/msys64/mingw64/bin/../lib/gcc/arm-none-eabi/12.2.0/../../../../arm-none-eabi/lib/thumb/v7-m/nofp\libc.a
LOAD c:/msys64/mingw64/bin/../lib/gcc/arm-none-eabi/12.2.0/../../../../arm-none-eabi/lib/thumb/v7-m/nofp\libm.a
LOAD c:/msys64/mingw64/bin/../lib/gcc/arm-none-eabi/12.2.0/thumb/v7-m/nofp\libgcc.a

.ARM.attributes
                0x00000000       0x29
 .ARM.attributes
                0x00000000       0x1d c:/msys64/mingw64/bin/../lib/gcc/arm-none-eabi/12.2.0/thumb/v7-m/nofp/crti.o
 .ARM.attributes
                0x0000001d       0x2d c:/msys64/mingw64/bin/../lib/gcc/arm-none-eabi/12.2.0/thumb/v7-m/nofp/crtbegin.o
 .ARM.attributes
                0x0000004a       0x2d build/main.o
 .ARM.attributes
                0x00000077       0x2d build/stm32f1xx_it.o
 .ARM.attributes
                0x000000a4       0x2d build/stm32f1xx_hal_msp.o
 .ARM.attributes
                0x000000d1       0x2d build/stm32f1xx_hal.o
 .ARM.attributes
                0x000000fe       0x2d build/stm32f1xx_hal_rcc.o
 .ARM.attributes
                0x0000012b       0x2d build/stm32f1xx_hal_gpio.o
 .ARM.attributes
                0x00000158       0x2d build/stm32f1xx_hal_dma.o
 .ARM.attributes
                0x00000185       0x2d build/stm32f1xx_hal_cortex.o
 .ARM.attributes
                0x000001b2       0x2d build/system_stm32f1xx.o
 .ARM.attributes
                0x000001df       0x2d build/sysmem.o
 .ARM.attributes
                0x0000020c       0x2d build/syscalls.o
 .ARM.attributes
                0x00000239       0x2d build/stm32f1xx_hal_uart.o
 .ARM.attributes
                0x00000266       0x2d build/stm32f1xx_hal_tim.o
 .ARM.attributes
                0x00000293       0x2d build/stm32f1xx_hal_tim_ex.o
 .ARM.attributes
                0x000002c0       0x2d build/app.o
 .ARM.attributes
                0x000002ed       0x2d build/modbusRTU.o
 .ARM.attributes
                0x0000031a       0x2d build/ws2812b.o
 .ARM.attributes
                0x00000347       0x21 build/startup_stm32f103xb.o
 .ARM.attributes
                0x00000368       0x2d c:/msys64/mingw64/bin/../lib/gcc/arm-none-eabi/12.2.0/../../../../arm-none-eabi/lib/thumb/v7-m/nofp\libc_nano.a(libc_a-calloc.o)
 .ARM.attributes
                0x00000395       0x2d c:/msys64/mingw64/bin/../lib/gcc/arm-none-eabi/12.2.0/../../../../arm-none-eabi/lib/thumb/v7-m/nofp\libc_nano.a(libc_a-callocr.o)
 .ARM.attributes
                0x000003c2       0x2d c:/msys64/mingw64/bin/../lib/gcc/arm-none-eabi/12.2.0/../../../../arm-none-eabi/lib/thumb/v7-m/nofp\libc_nano.a(libc_a-malloc.o)
 .ARM.attributes
                0x000003ef       0x2d c:/msys64/mingw64/bin/../lib/gcc/arm-none-eabi/12.2.0/../../../../arm-none-eabi/lib/thumb/v7-m/nofp\libc_nano.a(libc_a-mallocr.o)
 .ARM.attributes
                0x0000041c       0x2d c:/msys64/mingw64/bin/../lib/gcc/arm-none-eabi/12.2.0/../../../../arm-none-eabi/lib/thumb/v7-m/nofp\libc_nano.a(libc_a-mlock.o)
 .ARM.attributes
                0x00000449       0x2d c:/msys64/mingw64/bin/../lib/gcc/arm-none-eabi/12.2.0/../../../../arm-none-eabi/lib/thumb/v7-m/nofp\libc_nano.a(libc_a-nano-vfprintf_float.o)
 .ARM.attributes
                0x00000476       0x2d c:/msys64/mingw64/bin/../lib/gcc/arm-none-eabi/12.2.0/../../../../arm-none-eabi/lib/thumb/v7-m/nofp\libc_nano.a(libc_a-nano-vfprintf_i.o)
 .ARM.attributes
                0x000004a3       0x2d c:/msys64/mingw64/bin/../lib/gcc/arm-none-eabi/12.2.0/../../../../arm-none-eabi/lib/thumb/v7-m/nofp\libc_nano.a(libc_a-findfp.o)
 .ARM.attributes
                0x000004d0       0x2d c:/msys64/mingw64/bin/../lib/gcc/arm-none-eabi/12.2.0/../../../../arm-none-eabi/lib/thumb/v7-m/nofp\libc_nano.a(libc_a-fwalk.o)
 .ARM.attributes
                0x000004fd       0x2d c:/msys64/mingw64/bin/../lib/gcc/arm-none-eabi/12.2.0/../../../../arm-none-eabi/lib/thumb/v7-m/nofp\libc_nano.a(libc_a-puts.o)
 .ARM.attributes
                0x0000052a       0x2d c:/msys64/mingw64/bin/../lib/gcc/arm-none-eabi/12.2.0/../../../../arm-none-eabi/lib/thumb/v7-m/nofp\libc_nano.a(libc_a-stdio.o)
 .ARM.attributes
                0x00000557       0x2d c:/msys64/mingw64/bin/../lib/gcc/arm-none-eabi/12.2.0/../../../../arm-none-eabi/lib/thumb/v7-m/nofp\libc_nano.a(libc_a-wbuf.o)
 .ARM.attributes
                0x00000584       0x2d c:/msys64/mingw64/bin/../lib/gcc/arm-none-eabi/12.2.0/../../../../arm-none-eabi/lib/thumb/v7-m/nofp\libc_nano.a(libc_a-wsetup.o)
 .ARM.attributes
                0x000005b1       0x2d c:/msys64/mingw64/bin/../lib/gcc/arm-none-eabi/12.2.0/../../../../arm-none-eabi/lib/thumb/v7-m/nofp\libc_nano.a(libc_a-memset.o)
 .ARM.attributes
                0x000005de       0x2d c:/msys64/mingw64/bin/../lib/gcc/arm-none-eabi/12.2.0/../../../../arm-none-eabi/lib/thumb/v7-m/nofp\libc_nano.a(libc_a-localeconv.o)
 .ARM.attributes
                0x0000060b       0x2d c:/msys64/mingw64/bin/../lib/gcc/arm-none-eabi/12.2.0/../../../../arm-none-eabi/lib/thumb/v7-m/nofp\libc_nano.a(libc_a-closer.o)
 .ARM.attributes
                0x00000638       0x2d c:/msys64/mingw64/bin/../lib/gcc/arm-none-eabi/12.2.0/../../../../arm-none-eabi/lib/thumb/v7-m/nofp\libc_nano.a(libc_a-reent.o)
 .ARM.attributes
                0x00000665       0x2d c:/msys64/mingw64/bin/../lib/gcc/arm-none-eabi/12.2.0/../../../../arm-none-eabi/lib/thumb/v7-m/nofp\libc_nano.a(libc_a-impure.o)
 .ARM.attributes
                0x00000692       0x2d c:/msys64/mingw64/bin/../lib/gcc/arm-none-eabi/12.2.0/../../../../arm-none-eabi/lib/thumb/v7-m/nofp\libc_nano.a(libc_a-lseekr.o)
 .ARM.attributes
                0x000006bf       0x2d c:/msys64/mingw64/bin/../lib/gcc/arm-none-eabi/12.2.0/../../../../arm-none-eabi/lib/thumb/v7-m/nofp\libc_nano.a(libc_a-readr.o)
 .ARM.attributes
                0x000006ec       0x2d c:/msys64/mingw64/bin/../lib/gcc/arm-none-eabi/12.2.0/../../../../arm-none-eabi/lib/thumb/v7-m/nofp\libc_nano.a(libc_a-sbrkr.o)
 .ARM.attributes
                0x00000719       0x2d c:/msys64/mingw64/bin/../lib/gcc/arm-none-eabi/12.2.0/../../../../arm-none-eabi/lib/thumb/v7-m/nofp\libc_nano.a(libc_a-writer.o)
 .ARM.attributes
                0x00000746       0x2d c:/msys64/mingw64/bin/../lib/gcc/arm-none-eabi/12.2.0/../../../../arm-none-eabi/lib/thumb/v7-m/nofp\libc_nano.a(libc_a-errno.o)
 .ARM.attributes
                0x00000773       0x2d c:/msys64/mingw64/bin/../lib/gcc/arm-none-eabi/12.2.0/../../../../arm-none-eabi/lib/thumb/v7-m/nofp\libc_nano.a(libc_a-init.o)
 .ARM.attributes
                0x000007a0       0x2d c:/msys64/mingw64/bin/../lib/gcc/arm-none-eabi/12.2.0/../../../../arm-none-eabi/lib/thumb/v7-m/nofp\libc_nano.a(libc_a-lock.o)
 .ARM.attributes
                0x000007cd       0x2d c:/msys64/mingw64/bin/../lib/gcc/arm-none-eabi/12.2.0/../../../../arm-none-eabi/lib/thumb/v7-m/nofp\libc_nano.a(libc_a-memchr-stub.o)
 .ARM.attributes
                0x000007fa       0x1b c:/msys64/mingw64/bin/../lib/gcc/arm-none-eabi/12.2.0/../../../../arm-none-eabi/lib/thumb/v7-m/nofp\libc_nano.a(libc_a-memcpy.o)
 .ARM.attributes
                0x00000815       0x2d c:/msys64/mingw64/bin/../lib/gcc/arm-none-eabi/12.2.0/../../../../arm-none-eabi/lib/thumb/v7-m/nofp\libc_nano.a(libc_a-strlen-stub.o)
 .ARM.attributes
                0x00000842       0x2d c:/msys64/mingw64/bin/../lib/gcc/arm-none-eabi/12.2.0/../../../../arm-none-eabi/lib/thumb/v7-m/nofp\libc_nano.a(libc_a-dtoa.o)
 .ARM.attributes
                0x0000086f       0x2d c:/msys64/mingw64/bin/../lib/gcc/arm-none-eabi/12.2.0/../../../../arm-none-eabi/lib/thumb/v7-m/nofp\libc_nano.a(libc_a-freer.o)
 .ARM.attributes
                0x0000089c       0x2d c:/msys64/mingw64/bin/../lib/gcc/arm-none-eabi/12.2.0/../../../../arm-none-eabi/lib/thumb/v7-m/nofp\libc_nano.a(libc_a-mprec.o)
 .ARM.attributes
                0x000008c9       0x2d c:/msys64/mingw64/bin/../lib/gcc/arm-none-eabi/12.2.0/../../../../arm-none-eabi/lib/thumb/v7-m/nofp\libc_nano.a(libc_a-fflush.o)
 .ARM.attributes
                0x000008f6       0x2d c:/msys64/mingw64/bin/../lib/gcc/arm-none-eabi/12.2.0/../../../../arm-none-eabi/lib/thumb/v7-m/nofp\libc_nano.a(libc_a-makebuf.o)
 .ARM.attributes
                0x00000923       0x2d c:/msys64/mingw64/bin/../lib/gcc/arm-none-eabi/12.2.0/../../../../arm-none-eabi/lib/thumb/v7-m/nofp\libc_nano.a(libc_a-locale.o)
 .ARM.attributes
                0x00000950       0x2d c:/msys64/mingw64/bin/../lib/gcc/arm-none-eabi/12.2.0/../../../../arm-none-eabi/lib/thumb/v7-m/nofp\libc_nano.a(libc_a-fstatr.o)
 .ARM.attributes
                0x0000097d       0x2d c:/msys64/mingw64/bin/../lib/gcc/arm-none-eabi/12.2.0/../../../../arm-none-eabi/lib/thumb/v7-m/nofp\libc_nano.a(libc_a-isattyr.o)
 .ARM.attributes
                0x000009aa       0x2d c:/msys64/mingw64/bin/../lib/gcc/arm-none-eabi/12.2.0/../../../../arm-none-eabi/lib/thumb/v7-m/nofp\libc_nano.a(libc_a-assert.o)
 .ARM.attributes
                0x000009d7       0x2d c:/msys64/mingw64/bin/../lib/gcc/arm-none-eabi/12.2.0/../../../../arm-none-eabi/lib/thumb/v7-m/nofp\libc_nano.a(libc_a-mbtowc_r.o)
 .ARM.attributes
                0x00000a04       0x2d c:/msys64/mingw64/bin/../lib/gcc/arm-none-eabi/12.2.0/../../../../arm-none-eabi/lib/thumb/v7-m/nofp\libc_nano.a(libc_a-wctomb_r.o)
 .ARM.attributes
                0x00000a31       0x2d c:/msys64/mingw64/bin/../lib/gcc/arm-none-eabi/12.2.0/../../../../arm-none-eabi/lib/thumb/v7-m/nofp\libc_nano.a(libc_a-ctype_.o)
 .ARM.attributes
                0x00000a5e       0x2d c:/msys64/mingw64/bin/../lib/gcc/arm-none-eabi/12.2.0/../../../../arm-none-eabi/lib/thumb/v7-m/nofp\libc_nano.a(libc_a-fprintf.o)
 .ARM.attributes
                0x00000a8b       0x2d c:/msys64/mingw64/bin/../lib/gcc/arm-none-eabi/12.2.0/../../../../arm-none-eabi/lib/thumb/v7-m/nofp\libc_nano.a(libc_a-abort.o)
 .ARM.attributes
                0x00000ab8       0x2d c:/msys64/mingw64/bin/../lib/gcc/arm-none-eabi/12.2.0/../../../../arm-none-eabi/lib/thumb/v7-m/nofp\libc_nano.a(libc_a-nano-vfprintf.o)
 .ARM.attributes
                0x00000ae5       0x2d c:/msys64/mingw64/bin/../lib/gcc/arm-none-eabi/12.2.0/../../../../arm-none-eabi/lib/thumb/v7-m/nofp\libc_nano.a(libc_a-fvwrite.o)
 .ARM.attributes
                0x00000b12       0x2d c:/msys64/mingw64/bin/../lib/gcc/arm-none-eabi/12.2.0/../../../../arm-none-eabi/lib/thumb/v7-m/nofp\libc_nano.a(libc_a-memmove.o)
 .ARM.attributes
                0x00000b3f       0x2d c:/msys64/mingw64/bin/../lib/gcc/arm-none-eabi/12.2.0/../../../../arm-none-eabi/lib/thumb/v7-m/nofp\libc_nano.a(libc_a-signal.o)
 .ARM.attributes
                0x00000b6c       0x2d c:/msys64/mingw64/bin/../lib/gcc/arm-none-eabi/12.2.0/../../../../arm-none-eabi/lib/thumb/v7-m/nofp\libc_nano.a(libc_a-signalr.o)
 .ARM.attributes
                0x00000b99       0x2d c:/msys64/mingw64/bin/../lib/gcc/arm-none-eabi/12.2.0/../../../../arm-none-eabi/lib/thumb/v7-m/nofp\libc_nano.a(libc_a-reallocr.o)
 .ARM.attributes
                0x00000bc6       0x2d c:/msys64/mingw64/bin/../lib/gcc/arm-none-eabi/12.2.0/../../../../arm-none-eabi/lib/thumb/v7-m/nofp\libc_nano.a(libc_a-msizer.o)
 .ARM.attributes
                0x00000bf3       0x1d c:/msys64/mingw64/bin/../lib/gcc/arm-none-eabi/12.2.0/thumb/v7-m/nofp\libgcc.a(_arm_addsubdf3.o)
 .ARM.attributes
                0x00000c10       0x1d c:/msys64/mingw64/bin/../lib/gcc/arm-none-eabi/12.2.0/thumb/v7-m/nofp\libgcc.a(_arm_muldivdf3.o)
 .ARM.attributes
                0x00000c2d       0x1d c:/msys64/mingw64/bin/../lib/gcc/arm-none-eabi/12.2.0/thumb/v7-m/nofp\libgcc.a(_arm_cmpdf2.o)
 .ARM.attributes
                0x00000c4a       0x1d c:/msys64/mingw64/bin/../lib/gcc/arm-none-eabi/12.2.0/thumb/v7-m/nofp\libgcc.a(_arm_unorddf2.o)
 .ARM.attributes
                0x00000c67       0x1d c:/msys64/mingw64/bin/../lib/gcc/arm-none-eabi/12.2.0/thumb/v7-m/nofp\libgcc.a(_arm_fixdfsi.o)
 .ARM.attributes
                0x00000c84       0x1d c:/msys64/mingw64/bin/../lib/gcc/arm-none-eabi/12.2.0/thumb/v7-m/nofp\libgcc.a(_arm_addsubsf3.o)
 .ARM.attributes
                0x00000ca1       0x1d c:/msys64/mingw64/bin/../lib/gcc/arm-none-eabi/12.2.0/thumb/v7-m/nofp\libgcc.a(_arm_muldivsf3.o)
 .ARM.attributes
                0x00000cbe       0x1d c:/msys64/mingw64/bin/../lib/gcc/arm-none-eabi/12.2.0/thumb/v7-m/nofp\libgcc.a(_arm_cmpsf2.o)
 .ARM.attributes
                0x00000cdb       0x1d c:/msys64/mingw64/bin/../lib/gcc/arm-none-eabi/12.2.0/thumb/v7-m/nofp\libgcc.a(_arm_fixunssfsi.o)
 .ARM.attributes
                0x00000cf8       0x2d c:/msys64/mingw64/bin/../lib/gcc/arm-none-eabi/12.2.0/thumb/v7-m/nofp\libgcc.a(unwind-arm.o)
 .ARM.attributes
                0x00000d25       0x1d c:/msys64/mingw64/bin/../lib/gcc/arm-none-eabi/12.2.0/thumb/v7-m/nofp\libgcc.a(libunwind.o)
 .ARM.attributes
                0x00000d42       0x2d c:/msys64/mingw64/bin/../lib/gcc/arm-none-eabi/12.2.0/thumb/v7-m/nofp\libgcc.a(pr-support.o)
 .ARM.attributes
                0x00000d6f       0x1d c:/msys64/mingw64/bin/../lib/gcc/arm-none-eabi/12.2.0/thumb/v7-m/nofp/crtn.o

.comment        0x00000000       0x24
 .comment       0x00000000       0x24 build/main.o
                                 0x13 (size before relaxing)
 .comment       0x00000024       0x13 build/stm32f1xx_it.o
 .comment       0x00000024       0x13 build/stm32f1xx_hal_msp.o
 .comment       0x00000024       0x13 build/stm32f1xx_hal.o
 .comment       0x00000024       0x13 build/stm32f1xx_hal_rcc.o
 .comment       0x00000024       0x13 build/stm32f1xx_hal_gpio.o
 .comment       0x00000024       0x13 build/stm32f1xx_hal_dma.o
 .comment       0x00000024       0x13 build/stm32f1xx_hal_cortex.o
 .comment       0x00000024       0x13 build/system_stm32f1xx.o
 .comment       0x00000024       0x13 build/sysmem.o
 .comment       0x00000024       0x13 build/syscalls.o
 .comment       0x00000024       0x13 build/stm32f1xx_hal_uart.o
 .comment       0x00000024       0x13 build/stm32f1xx_hal_tim.o
 .comment       0x00000024       0x13 build/stm32f1xx_hal_tim_ex.o
 .comment       0x00000024       0x13 build/app.o
 .comment       0x00000024       0x13 build/modbusRTU.o
 .comment       0x00000024       0x13 build/ws2812b.o
 .comment       0x00000024       0x13 c:/msys64/mingw64/bin/../lib/gcc/arm-none-eabi/12.2.0/../../../../arm-none-eabi/lib/thumb/v7-m/nofp\libc_nano.a(libc_a-calloc.o)
 .comment       0x00000024       0x13 c:/msys64/mingw64/bin/../lib/gcc/arm-none-eabi/12.2.0/../../../../arm-none-eabi/lib/thumb/v7-m/nofp\libc_nano.a(libc_a-callocr.o)
 .comment       0x00000024       0x13 c:/msys64/mingw64/bin/../lib/gcc/arm-none-eabi/12.2.0/../../../../arm-none-eabi/lib/thumb/v7-m/nofp\libc_nano.a(libc_a-malloc.o)
 .comment       0x00000024       0x13 c:/msys64/mingw64/bin/../lib/gcc/arm-none-eabi/12.2.0/../../../../arm-none-eabi/lib/thumb/v7-m/nofp\libc_nano.a(libc_a-mallocr.o)
 .comment       0x00000024       0x13 c:/msys64/mingw64/bin/../lib/gcc/arm-none-eabi/12.2.0/../../../../arm-none-eabi/lib/thumb/v7-m/nofp\libc_nano.a(libc_a-mlock.o)
 .comment       0x00000024       0x13 c:/msys64/mingw64/bin/../lib/gcc/arm-none-eabi/12.2.0/../../../../arm-none-eabi/lib/thumb/v7-m/nofp\libc_nano.a(libc_a-nano-vfprintf_float.o)
 .comment       0x00000024       0x13 c:/msys64/mingw64/bin/../lib/gcc/arm-none-eabi/12.2.0/../../../../arm-none-eabi/lib/thumb/v7-m/nofp\libc_nano.a(libc_a-nano-vfprintf_i.o)
 .comment       0x00000024       0x13 c:/msys64/mingw64/bin/../lib/gcc/arm-none-eabi/12.2.0/../../../../arm-none-eabi/lib/thumb/v7-m/nofp\libc_nano.a(libc_a-findfp.o)
 .comment       0x00000024       0x13 c:/msys64/mingw64/bin/../lib/gcc/arm-none-eabi/12.2.0/../../../../arm-none-eabi/lib/thumb/v7-m/nofp\libc_nano.a(libc_a-fwalk.o)
 .comment       0x00000024       0x13 c:/msys64/mingw64/bin/../lib/gcc/arm-none-eabi/12.2.0/../../../../arm-none-eabi/lib/thumb/v7-m/nofp\libc_nano.a(libc_a-puts.o)
 .comment       0x00000024       0x13 c:/msys64/mingw64/bin/../lib/gcc/arm-none-eabi/12.2.0/../../../../arm-none-eabi/lib/thumb/v7-m/nofp\libc_nano.a(libc_a-stdio.o)
 .comment       0x00000024       0x13 c:/msys64/mingw64/bin/../lib/gcc/arm-none-eabi/12.2.0/../../../../arm-none-eabi/lib/thumb/v7-m/nofp\libc_nano.a(libc_a-wbuf.o)
 .comment       0x00000024       0x13 c:/msys64/mingw64/bin/../lib/gcc/arm-none-eabi/12.2.0/../../../../arm-none-eabi/lib/thumb/v7-m/nofp\libc_nano.a(libc_a-wsetup.o)
 .comment       0x00000024       0x13 c:/msys64/mingw64/bin/../lib/gcc/arm-none-eabi/12.2.0/../../../../arm-none-eabi/lib/thumb/v7-m/nofp\libc_nano.a(libc_a-memset.o)
 .comment       0x00000024       0x13 c:/msys64/mingw64/bin/../lib/gcc/arm-none-eabi/12.2.0/../../../../arm-none-eabi/lib/thumb/v7-m/nofp\libc_nano.a(libc_a-localeconv.o)
 .comment       0x00000024       0x13 c:/msys64/mingw64/bin/../lib/gcc/arm-none-eabi/12.2.0/../../../../arm-none-eabi/lib/thumb/v7-m/nofp\libc_nano.a(libc_a-closer.o)
 .comment       0x00000024       0x13 c:/msys64/mingw64/bin/../lib/gcc/arm-none-eabi/12.2.0/../../../../arm-none-eabi/lib/thumb/v7-m/nofp\libc_nano.a(libc_a-reent.o)
 .comment       0x00000024       0x13 c:/msys64/mingw64/bin/../lib/gcc/arm-none-eabi/12.2.0/../../../../arm-none-eabi/lib/thumb/v7-m/nofp\libc_nano.a(libc_a-impure.o)
 .comment       0x00000024       0x13 c:/msys64/mingw64/bin/../lib/gcc/arm-none-eabi/12.2.0/../../../../arm-none-eabi/lib/thumb/v7-m/nofp\libc_nano.a(libc_a-lseekr.o)
 .comment       0x00000024       0x13 c:/msys64/mingw64/bin/../lib/gcc/arm-none-eabi/12.2.0/../../../../arm-none-eabi/lib/thumb/v7-m/nofp\libc_nano.a(libc_a-readr.o)
 .comment       0x00000024       0x13 c:/msys64/mingw64/bin/../lib/gcc/arm-none-eabi/12.2.0/../../../../arm-none-eabi/lib/thumb/v7-m/nofp\libc_nano.a(libc_a-sbrkr.o)
 .comment       0x00000024       0x13 c:/msys64/mingw64/bin/../lib/gcc/arm-none-eabi/12.2.0/../../../../arm-none-eabi/lib/thumb/v7-m/nofp\libc_nano.a(libc_a-writer.o)
 .comment       0x00000024       0x13 c:/msys64/mingw64/bin/../lib/gcc/arm-none-eabi/12.2.0/../../../../arm-none-eabi/lib/thumb/v7-m/nofp\libc_nano.a(libc_a-errno.o)
 .comment       0x00000024       0x13 c:/msys64/mingw64/bin/../lib/gcc/arm-none-eabi/12.2.0/../../../../arm-none-eabi/lib/thumb/v7-m/nofp\libc_nano.a(libc_a-init.o)
 .comment       0x00000024       0x13 c:/msys64/mingw64/bin/../lib/gcc/arm-none-eabi/12.2.0/../../../../arm-none-eabi/lib/thumb/v7-m/nofp\libc_nano.a(libc_a-lock.o)
 .comment       0x00000024       0x13 c:/msys64/mingw64/bin/../lib/gcc/arm-none-eabi/12.2.0/../../../../arm-none-eabi/lib/thumb/v7-m/nofp\libc_nano.a(libc_a-memchr-stub.o)
 .comment       0x00000024       0x13 c:/msys64/mingw64/bin/../lib/gcc/arm-none-eabi/12.2.0/../../../../arm-none-eabi/lib/thumb/v7-m/nofp\libc_nano.a(libc_a-strlen-stub.o)
 .comment       0x00000024       0x13 c:/msys64/mingw64/bin/../lib/gcc/arm-none-eabi/12.2.0/../../../../arm-none-eabi/lib/thumb/v7-m/nofp\libc_nano.a(libc_a-dtoa.o)
 .comment       0x00000024       0x13 c:/msys64/mingw64/bin/../lib/gcc/arm-none-eabi/12.2.0/../../../../arm-none-eabi/lib/thumb/v7-m/nofp\libc_nano.a(libc_a-freer.o)
 .comment       0x00000024       0x13 c:/msys64/mingw64/bin/../lib/gcc/arm-none-eabi/12.2.0/../../../../arm-none-eabi/lib/thumb/v7-m/nofp\libc_nano.a(libc_a-mprec.o)
 .comment       0x00000024       0x13 c:/msys64/mingw64/bin/../lib/gcc/arm-none-eabi/12.2.0/../../../../arm-none-eabi/lib/thumb/v7-m/nofp\libc_nano.a(libc_a-fflush.o)
 .comment       0x00000024       0x13 c:/msys64/mingw64/bin/../lib/gcc/arm-none-eabi/12.2.0/../../../../arm-none-eabi/lib/thumb/v7-m/nofp\libc_nano.a(libc_a-makebuf.o)
 .comment       0x00000024       0x13 c:/msys64/mingw64/bin/../lib/gcc/arm-none-eabi/12.2.0/../../../../arm-none-eabi/lib/thumb/v7-m/nofp\libc_nano.a(libc_a-locale.o)
 .comment       0x00000024       0x13 c:/msys64/mingw64/bin/../lib/gcc/arm-none-eabi/12.2.0/../../../../arm-none-eabi/lib/thumb/v7-m/nofp\libc_nano.a(libc_a-fstatr.o)
 .comment       0x00000024       0x13 c:/msys64/mingw64/bin/../lib/gcc/arm-none-eabi/12.2.0/../../../../arm-none-eabi/lib/thumb/v7-m/nofp\libc_nano.a(libc_a-isattyr.o)
 .comment       0x00000024       0x13 c:/msys64/mingw64/bin/../lib/gcc/arm-none-eabi/12.2.0/../../../../arm-none-eabi/lib/thumb/v7-m/nofp\libc_nano.a(libc_a-assert.o)
 .comment       0x00000024       0x13 c:/msys64/mingw64/bin/../lib/gcc/arm-none-eabi/12.2.0/../../../../arm-none-eabi/lib/thumb/v7-m/nofp\libc_nano.a(libc_a-mbtowc_r.o)
 .comment       0x00000024       0x13 c:/msys64/mingw64/bin/../lib/gcc/arm-none-eabi/12.2.0/../../../../arm-none-eabi/lib/thumb/v7-m/nofp\libc_nano.a(libc_a-wctomb_r.o)
 .comment       0x00000024       0x13 c:/msys64/mingw64/bin/../lib/gcc/arm-none-eabi/12.2.0/../../../../arm-none-eabi/lib/thumb/v7-m/nofp\libc_nano.a(libc_a-ctype_.o)
 .comment       0x00000024       0x13 c:/msys64/mingw64/bin/../lib/gcc/arm-none-eabi/12.2.0/../../../../arm-none-eabi/lib/thumb/v7-m/nofp\libc_nano.a(libc_a-fprintf.o)
 .comment       0x00000024       0x13 c:/msys64/mingw64/bin/../lib/gcc/arm-none-eabi/12.2.0/../../../../arm-none-eabi/lib/thumb/v7-m/nofp\libc_nano.a(libc_a-abort.o)
 .comment       0x00000024       0x13 c:/msys64/mingw64/bin/../lib/gcc/arm-none-eabi/12.2.0/../../../../arm-none-eabi/lib/thumb/v7-m/nofp\libc_nano.a(libc_a-nano-vfprintf.o)
 .comment       0x00000024       0x13 c:/msys64/mingw64/bin/../lib/gcc/arm-none-eabi/12.2.0/../../../../arm-none-eabi/lib/thumb/v7-m/nofp\libc_nano.a(libc_a-fvwrite.o)
 .comment       0x00000024       0x13 c:/msys64/mingw64/bin/../lib/gcc/arm-none-eabi/12.2.0/../../../../arm-none-eabi/lib/thumb/v7-m/nofp\libc_nano.a(libc_a-memmove.o)
 .comment       0x00000024       0x13 c:/msys64/mingw64/bin/../lib/gcc/arm-none-eabi/12.2.0/../../../../arm-none-eabi/lib/thumb/v7-m/nofp\libc_nano.a(libc_a-signal.o)
 .comment       0x00000024       0x13 c:/msys64/mingw64/bin/../lib/gcc/arm-none-eabi/12.2.0/../../../../arm-none-eabi/lib/thumb/v7-m/nofp\libc_nano.a(libc_a-signalr.o)
 .comment       0x00000024       0x13 c:/msys64/mingw64/bin/../lib/gcc/arm-none-eabi/12.2.0/../../../../arm-none-eabi/lib/thumb/v7-m/nofp\libc_nano.a(libc_a-reallocr.o)
 .comment       0x00000024       0x13 c:/msys64/mingw64/bin/../lib/gcc/arm-none-eabi/12.2.0/../../../../arm-none-eabi/lib/thumb/v7-m/nofp\libc_nano.a(libc_a-msizer.o)
 .comment       0x00000024       0x13 c:/msys64/mingw64/bin/../lib/gcc/arm-none-eabi/12.2.0/thumb/v7-m/nofp\libgcc.a(unwind-arm.o)
 .comment       0x00000024       0x13 c:/msys64/mingw64/bin/../lib/gcc/arm-none-eabi/12.2.0/thumb/v7-m/nofp\libgcc.a(pr-support.o)

.debug_info     0x00000000    0x32ee7
 .debug_info    0x00000000     0x1616 build/main.o
 .debug_info    0x00001616      0x801 build/stm32f1xx_it.o
 .debug_info    0x00001e17     0x1107 build/stm32f1xx_hal_msp.o
 .debug_info    0x00002f1e      0x880 build/stm32f1xx_hal.o
 .debug_info    0x0000379e      0xb10 build/stm32f1xx_hal_rcc.o
 .debug_info    0x000042ae      0x6d7 build/stm32f1xx_hal_gpio.o
 .debug_info    0x00004985      0x8bd build/stm32f1xx_hal_dma.o
 .debug_info    0x00005242      0xe13 build/stm32f1xx_hal_cortex.o
 .debug_info    0x00006055      0x26e build/system_stm32f1xx.o
 .debug_info    0x000062c3      0x18c build/sysmem.o
 .debug_info    0x0000644f      0x842 build/syscalls.o
 .debug_info    0x00006c91     0x42de build/stm32f1xx_hal_uart.o
 .debug_info    0x0000af6f     0x40d3 build/stm32f1xx_hal_tim.o
 .debug_info    0x0000f042     0x1d2b build/stm32f1xx_hal_tim_ex.o
 .debug_info    0x00010d6d     0x1501 build/app.o
 .debug_info    0x0001226e     0x120c build/modbusRTU.o
 .debug_info    0x0001347a     0x1e8e build/ws2812b.o
 .debug_info    0x00015308       0x30 build/startup_stm32f103xb.o
 .debug_info    0x00015338      0x762 c:/msys64/mingw64/bin/../lib/gcc/arm-none-eabi/12.2.0/../../../../arm-none-eabi/lib/thumb/v7-m/nofp\libc_nano.a(libc_a-calloc.o)
 .debug_info    0x00015a9a      0x7cd c:/msys64/mingw64/bin/../lib/gcc/arm-none-eabi/12.2.0/../../../../arm-none-eabi/lib/thumb/v7-m/nofp\libc_nano.a(libc_a-callocr.o)
 .debug_info    0x00016267      0x794 c:/msys64/mingw64/bin/../lib/gcc/arm-none-eabi/12.2.0/../../../../arm-none-eabi/lib/thumb/v7-m/nofp\libc_nano.a(libc_a-malloc.o)
 .debug_info    0x000169fb      0x9c1 c:/msys64/mingw64/bin/../lib/gcc/arm-none-eabi/12.2.0/../../../../arm-none-eabi/lib/thumb/v7-m/nofp\libc_nano.a(libc_a-mallocr.o)
 .debug_info    0x000173bc      0x76b c:/msys64/mingw64/bin/../lib/gcc/arm-none-eabi/12.2.0/../../../../arm-none-eabi/lib/thumb/v7-m/nofp\libc_nano.a(libc_a-mlock.o)
 .debug_info    0x00017b27     0x140a c:/msys64/mingw64/bin/../lib/gcc/arm-none-eabi/12.2.0/../../../../arm-none-eabi/lib/thumb/v7-m/nofp\libc_nano.a(libc_a-nano-vfprintf_float.o)
 .debug_info    0x00018f31      0xde1 c:/msys64/mingw64/bin/../lib/gcc/arm-none-eabi/12.2.0/../../../../arm-none-eabi/lib/thumb/v7-m/nofp\libc_nano.a(libc_a-nano-vfprintf_i.o)
 .debug_info    0x00019d12     0x10be c:/msys64/mingw64/bin/../lib/gcc/arm-none-eabi/12.2.0/../../../../arm-none-eabi/lib/thumb/v7-m/nofp\libc_nano.a(libc_a-findfp.o)
 .debug_info    0x0001add0      0x7d2 c:/msys64/mingw64/bin/../lib/gcc/arm-none-eabi/12.2.0/../../../../arm-none-eabi/lib/thumb/v7-m/nofp\libc_nano.a(libc_a-fwalk.o)
 .debug_info    0x0001b5a2      0x943 c:/msys64/mingw64/bin/../lib/gcc/arm-none-eabi/12.2.0/../../../../arm-none-eabi/lib/thumb/v7-m/nofp\libc_nano.a(libc_a-puts.o)
 .debug_info    0x0001bee5      0xa4e c:/msys64/mingw64/bin/../lib/gcc/arm-none-eabi/12.2.0/../../../../arm-none-eabi/lib/thumb/v7-m/nofp\libc_nano.a(libc_a-stdio.o)
 .debug_info    0x0001c933      0x861 c:/msys64/mingw64/bin/../lib/gcc/arm-none-eabi/12.2.0/../../../../arm-none-eabi/lib/thumb/v7-m/nofp\libc_nano.a(libc_a-wbuf.o)
 .debug_info    0x0001d194      0x7bb c:/msys64/mingw64/bin/../lib/gcc/arm-none-eabi/12.2.0/../../../../arm-none-eabi/lib/thumb/v7-m/nofp\libc_nano.a(libc_a-wsetup.o)
 .debug_info    0x0001d94f      0x135 c:/msys64/mingw64/bin/../lib/gcc/arm-none-eabi/12.2.0/../../../../arm-none-eabi/lib/thumb/v7-m/nofp\libc_nano.a(libc_a-memset.o)
 .debug_info    0x0001da84      0xa18 c:/msys64/mingw64/bin/../lib/gcc/arm-none-eabi/12.2.0/../../../../arm-none-eabi/lib/thumb/v7-m/nofp\libc_nano.a(libc_a-localeconv.o)
 .debug_info    0x0001e49c      0x756 c:/msys64/mingw64/bin/../lib/gcc/arm-none-eabi/12.2.0/../../../../arm-none-eabi/lib/thumb/v7-m/nofp\libc_nano.a(libc_a-closer.o)
 .debug_info    0x0001ebf2      0x8a3 c:/msys64/mingw64/bin/../lib/gcc/arm-none-eabi/12.2.0/../../../../arm-none-eabi/lib/thumb/v7-m/nofp\libc_nano.a(libc_a-reent.o)
 .debug_info    0x0001f495      0x715 c:/msys64/mingw64/bin/../lib/gcc/arm-none-eabi/12.2.0/../../../../arm-none-eabi/lib/thumb/v7-m/nofp\libc_nano.a(libc_a-impure.o)
 .debug_info    0x0001fbaa      0x796 c:/msys64/mingw64/bin/../lib/gcc/arm-none-eabi/12.2.0/../../../../arm-none-eabi/lib/thumb/v7-m/nofp\libc_nano.a(libc_a-lseekr.o)
 .debug_info    0x00020340      0x7ad c:/msys64/mingw64/bin/../lib/gcc/arm-none-eabi/12.2.0/../../../../arm-none-eabi/lib/thumb/v7-m/nofp\libc_nano.a(libc_a-readr.o)