Archive member included to satisfy reference by file (symbol)

c:/msys64/mingw64/bin/../lib/gcc/arm-none-eabi/12.2.0/../../../../arm-none-eabi/lib/thumb/v7-m/nofp\libc_nano.a(libc_a-atexit.o)
                              c:/msys64/mingw64/bin/../lib/gcc/arm-none-eabi/12.2.0/../../../../arm-none-eabi/lib/thumb/v7-m/nofp/crt0.o (atexit)
c:/msys64/mingw64/bin/../lib/gcc/arm-none-eabi/12.2.0/../../../../arm-none-eabi/lib/thumb/v7-m/nofp\libc_nano.a(libc_a-calloc.o)
                              build/modbusRTU.o (calloc)
c:/msys64/mingw64/bin/../lib/gcc/arm-none-eabi/12.2.0/../../../../arm-none-eabi/lib/thumb/v7-m/nofp\libc_nano.a(libc_a-callocr.o)
                              c:/msys64/mingw64/bin/../lib/gcc/arm-none-eabi/12.2.0/../../../../arm-none-eabi/lib/thumb/v7-m/nofp\libc_nano.a(libc_a-calloc.o) (_calloc_r)
c:/msys64/mingw64/bin/../lib/gcc/arm-none-eabi/12.2.0/../../../../arm-none-eabi/lib/thumb/v7-m/nofp\libc_nano.a(libc_a-exit.o)
                              c:/msys64/mingw64/bin/../lib/gcc/arm-none-eabi/12.2.0/../../../../arm-none-eabi/lib/thumb/v7-m/nofp/crt0.o (exit)
c:/msys64/mingw64/bin/../lib/gcc/arm-none-eabi/12.2.0/../../../../arm-none-eabi/lib/thumb/v7-m/nofp\libc_nano.a(libc_a-malloc.o)
                              build/modbusRTU.o (free)
c:/msys64/mingw64/bin/../lib/gcc/arm-none-eabi/12.2.0/../../../../arm-none-eabi/lib/thumb/v7-m/nofp\libc_nano.a(libc_a-mallocr.o)
                              c:/msys64/mingw64/bin/../lib/gcc/arm-none-eabi/12.2.0/../../../../arm-none-eabi/lib/thumb/v7-m/nofp\libc_nano.a(libc_a-callocr.o) (_malloc_r)
c:/msys64/mingw64/bin/../lib/gcc/arm-none-eabi/12.2.0/../../../../arm-none-eabi/lib/thumb/v7-m/nofp\libc_nano.a(libc_a-mlock.o)
                              c:/msys64/mingw64/bin/../lib/gcc/arm-none-eabi/12.2.0/../../../../arm-none-eabi/lib/thumb/v7-m/nofp\libc_nano.a(libc_a-mallocr.o) (__malloc_lock)
c:/msys64/mingw64/bin/../lib/gcc/arm-none-eabi/12.2.0/../../../../arm-none-eabi/lib/thumb/v7-m/nofp\libc_nano.a(libc_a-nano-vfprintf_float.o)
                              (_printf_float)
c:/msys64/mingw64/bin/../lib/gcc/arm-none-eabi/12.2.0/../../../../arm-none-eabi/lib/thumb/v7-m/nofp\libc_nano.a(libc_a-nano-vfprintf_i.o)
                              c:/msys64/mingw64/bin/../lib/gcc/arm-none-eabi/12.2.0/../../../../arm-none-eabi/lib/thumb/v7-m/nofp\libc_nano.a(libc_a-nano-vfprintf_float.o) (_printf_common)
c:/msys64/mingw64/bin/../lib/gcc/arm-none-eabi/12.2.0/../../../../arm-none-eabi/lib/thumb/v7-m/nofp\libc_nano.a(libc_a-findfp.o)
                              c:/msys64/mingw64/bin/../lib/gcc/arm-none-eabi/12.2.0/../../../../arm-none-eabi/lib/thumb/v7-m/nofp\libc_nano.a(libc_a-exit.o) (__stdio_exit_handler)
c:/msys64/mingw64/bin/../lib/gcc/arm-none-eabi/12.2.0/../../../../arm-none-eabi/lib/thumb/v7-m/nofp\libc_nano.a(libc_a-fwalk.o)
                              c:/msys64/mingw64/bin/../lib/gcc/arm-none-eabi/12.2.0/../../../../arm-none-eabi/lib/thumb/v7-m/nofp\libc_nano.a(libc_a-findfp.o) (_fwalk_sglue)
c:/msys64/mingw64/bin/../lib/gcc/arm-none-eabi/12.2.0/../../../../arm-none-eabi/lib/thumb/v7-m/nofp\libc_nano.a(libc_a-printf.o)
                              build/app.o (printf)
c:/msys64/mingw64/bin/../lib/gcc/arm-none-eabi/12.2.0/../../../../arm-none-eabi/lib/thumb/v7-m/nofp\libc_nano.a(libc_a-putchar.o)
                              build/app.o (putchar)
c:/msys64/mingw64/bin/../lib/gcc/arm-none-eabi/12.2.0/../../../../arm-none-eabi/lib/thumb/v7-m/nofp\libc_nano.a(libc_a-stdio.o)
                              c:/msys64/mingw64/bin/../lib/gcc/arm-none-eabi/12.2.0/../../../../arm-none-eabi/lib/thumb/v7-m/nofp\libc_nano.a(libc_a-findfp.o) (__sread)
c:/msys64/mingw64/bin/../lib/gcc/arm-none-eabi/12.2.0/../../../../arm-none-eabi/lib/thumb/v7-m/nofp\libc_nano.a(libc_a-memset.o)
                              c:/msys64/mingw64/bin/../lib/gcc/arm-none-eabi/12.2.0/../../../../arm-none-eabi/lib/thumb/v7-m/nofp/crt0.o (memset)
c:/msys64/mingw64/bin/../lib/gcc/arm-none-eabi/12.2.0/../../../../arm-none-eabi/lib/thumb/v7-m/nofp\libc_nano.a(libc_a-localeconv.o)
                              c:/msys64/mingw64/bin/../lib/gcc/arm-none-eabi/12.2.0/../../../../arm-none-eabi/lib/thumb/v7-m/nofp\libc_nano.a(libc_a-nano-vfprintf_float.o) (_localeconv_r)
c:/msys64/mingw64/bin/../lib/gcc/arm-none-eabi/12.2.0/../../../../arm-none-eabi/lib/thumb/v7-m/nofp\libc_nano.a(libc_a-closer.o)
                              c:/msys64/mingw64/bin/../lib/gcc/arm-none-eabi/12.2.0/../../../../arm-none-eabi/lib/thumb/v7-m/nofp\libc_nano.a(libc_a-stdio.o) (_close_r)
c:/msys64/mingw64/bin/../lib/gcc/arm-none-eabi/12.2.0/../../../../arm-none-eabi/lib/thumb/v7-m/nofp\libc_nano.a(libc_a-reent.o)
                              c:/msys64/mingw64/bin/../lib/gcc/arm-none-eabi/12.2.0/../../../../arm-none-eabi/lib/thumb/v7-m/nofp\libc_nano.a(libc_a-closer.o) (errno)
c:/msys64/mingw64/bin/../lib/gcc/arm-none-eabi/12.2.0/../../../../arm-none-eabi/lib/thumb/v7-m/nofp\libc_nano.a(libc_a-impure.o)
[...]
Memory Configuration

Name             Origin             Length             Attributes
RAM              0x20000000         0x00005000         xrw
FLASH            0x08000000         0x00010000         xr
*default*        0x00000000         0xffffffff

Linker script and memory map

LOAD c:/msys64/mingw64/bin/../lib/gcc/arm-none-eabi/12.2.0/thumb/v7-m/nofp/crti.o
LOAD c:/msys64/mingw64/bin/../lib/gcc/arm-none-eabi/12.2.0/thumb/v7-m/nofp/crtbegin.o
LOAD c:/msys64/mingw64/bin/../lib/gcc/arm-none-eabi/12.2.0/../../../../arm-none-eabi/lib/thumb/v7-m/nofp/crt0.o
LOAD build/main.o
LOAD build/stm32f1xx_it.o
LOAD build/stm32f1xx_hal_msp.o
LOAD build/stm32f1xx_hal_gpio_ex.o
LOAD build/stm32f1xx_hal.o
LOAD build/stm32f1xx_hal_rcc.o
LOAD build/stm32f1xx_hal_rcc_ex.o
LOAD build/stm32f1xx_hal_gpio.o
LOAD build/stm32f1xx_hal_dma.o
LOAD build/stm32f1xx_hal_cortex.o
LOAD build/stm32f1xx_hal_pwr.o
LOAD build/stm32f1xx_hal_flash.o
LOAD build/stm32f1xx_hal_flash_ex.o
LOAD build/stm32f1xx_hal_exti.o
LOAD build/system_stm32f1xx.o
LOAD build/sysmem.o
LOAD build/syscalls.o
LOAD build/stm32f1xx_hal_uart.o
LOAD build/stm32f1xx_hal_tim.o
LOAD build/stm32f1xx_hal_tim_ex.o
LOAD build/app.o
LOAD build/modbusRTU.o
LOAD build/ws2812b.o
LOAD build/startup_stm32f103xb.o
LOAD c:/msys64/mingw64/bin/../lib/gcc/arm-none-eabi/12.2.0/../../../../arm-none-eabi/lib/thumb/v7-m/nofp\libnosys.a
LOAD c:/msys64/mingw64/bin/../lib/gcc/arm-none-eabi/12.2.0/../../../../arm-none-eabi/lib/thumb/v7-m/nofp\librdimon_nano.a
LOAD c:/msys64/mingw64/bin/../lib/gcc/arm-none-eabi/12.2.0/../../../../arm-none-eabi/lib/thumb/v7-m/nofp\libstdc++_nano.a
LOAD c:/msys64/mingw64/bin/../lib/gcc/arm-none-eabi/12.2.0/../../../../arm-none-eabi/lib/thumb/v7-m/nofp\libm.a
LOAD c:/msys64/mingw64/bin/../lib/gcc/arm-none-eabi/12.2.0/../../../../arm-none-eabi/lib/thumb/v7-m/nofp\libc_nano.a
START GROUP
LOAD c:/msys64/mingw64/bin/../lib/gcc/arm-none-eabi/12.2.0/thumb/v7-m/nofp\libgcc.a
LOAD c:/msys64/mingw64/bin/../lib/gcc/arm-none-eabi/12.2.0/../../../../arm-none-eabi/lib/thumb/v7-m/nofp\libc_nano.a
END GROUP
START GROUP
LOAD c:/msys64/mingw64/bin/../lib/gcc/arm-none-eabi/12.2.0/thumb/v7-m/nofp\libgcc.a
LOAD c:/msys64/mingw64/bin/../lib/gcc/arm-none-eabi/12.2.0/../../../../arm-none-eabi/lib/thumb/v7-m/nofp\libc_nano.a
END GROUP
LOAD c:/msys64/mingw64/bin/../lib/gcc/arm-none-eabi/12.2.0/thumb/v7-m/nofp/crtend.o
LOAD c:/msys64/mingw64/bin/../lib/gcc/arm-none-eabi/12.2.0/thumb/v7-m/nofp/crtn.o
                0x20005000                        _estack = (ORIGIN (RAM) + LENGTH (RAM))
                0x00000200                        _Min_Heap_Size = 0x200
                0x00000400                        _Min_Stack_Size = 0x400

.isr_vector     0x08000000      0x10c
                0x08000000                        . = ALIGN (0x4)
 *(.isr_vector)
 .isr_vector    0x08000000      0x10c build/startup_stm32f103xb.o
                0x08000000                g_pfnVectors
                0x0800010c                        . = ALIGN (0x4)

.text           0x08000110     0x7d80
                0x08000110                        . = ALIGN (0x4)
 *(.text)
 .text          0x08000110       0x14 c:/msys64/mingw64/bin/../lib/gcc/arm-none-eabi/12.2.0/../../../../arm-none-eabi/lib/thumb/v7-m/nofp\libc_nano.a(libc_a-calloc.o)
                0x08000110                calloc
 .text          0x08000124       0x28 c:/msys64/mingw64/bin/../lib/gcc/arm-none-eabi/12.2.0/../../../../arm-none-eabi/lib/thumb/v7-m/nofp\libc_nano.a(libc_a-callocr.o)
                0x08000124                _calloc_r
 .text          0x0800014c       0x20 c:/msys64/mingw64/bin/../lib/gcc/arm-none-eabi/12.2.0/../../../../arm-none-eabi/lib/thumb/v7-m/nofp\libc_nano.a(libc_a-malloc.o)
                0x0800014c                malloc
                0x0800015c                free
 .text          0x0800016c      0x144 c:/msys64/mingw64/bin/../lib/gcc/arm-none-eabi/12.2.0/../../../../arm-none-eabi/lib/thumb/v7-m/nofp\libc_nano.a(libc_a-mallocr.o)
                0x080001b8                _malloc_r
 .text          0x080002b0       0x18 c:/msys64/mingw64/bin/../lib/gcc/arm-none-eabi/12.2.0/../../../../arm-none-eabi/lib/thumb/v7-m/nofp\libc_nano.a(libc_a-mlock.o)
                0x080002b0                __malloc_lock
                0x080002bc                __malloc_unlock
 .text          0x080002c8      0x744 c:/msys64/mingw64/bin/../lib/gcc/arm-none-eabi/12.2.0/../../../../arm-none-eabi/lib/thumb/v7-m/nofp\libc_nano.a(libc_a-nano-vfprintf_float.o)
                0x080002c8                __cvt
                0x080003c0                __exponent
                0x08000448                _printf_float
 .text          0x08000a0c      0x3a4 c:/msys64/mingw64/bin/../lib/gcc/arm-none-eabi/12.2.0/../../../../arm-none-eabi/lib/thumb/v7-m/nofp\libc_nano.a(libc_a-nano-vfprintf_i.o)
                0x08000a0c                _printf_common
                0x08000b30                _printf_i
 .text          0x08000db0      0x2dc c:/msys64/mingw64/bin/../lib/gcc/arm-none-eabi/12.2.0/../../../../arm-none-eabi/lib/thumb/v7-m/nofp\libc_nano.a(libc_a-findfp.o)
                0x08000f2c                __sfp
                0x08000fec                __sinit
                0x0800102c                __sfp_lock_acquire
                0x08001038                __sfp_lock_release
                0x08001044                __fp_lock_all
                0x08001068                __fp_unlock_all
 .text          0x0800108c       0x44 c:/msys64/mingw64/bin/../lib/gcc/arm-none-eabi/12.2.0/../../../../arm-none-eabi/lib/thumb/v7-m/nofp\libc_nano.a(libc_a-fwalk.o)
                0x0800108c                _fwalk_sglue
 .text          0x080010d0       0x48 c:/msys64/mingw64/bin/../lib/gcc/arm-none-eabi/12.2.0/../../../../arm-none-eabi/lib/thumb/v7-m/nofp\libc_nano.a(libc_a-printf.o)
                0x080010d0                _printf_r
                0x080010d0                _iprintf_r
                0x080010f0                iprintf
                0x080010f0                printf
 .text          0x08001118       0x18 c:/msys64/mingw64/bin/../lib/gcc/arm-none-eabi/12.2.0/../../../../arm-none-eabi/lib/thumb/v7-m/nofp\libc_nano.a(libc_a-putchar.o)
                0x08001118                _putchar_r
                0x08001120                putchar
 .text          0x08001130       0x94 c:/msys64/mingw64/bin/../lib/gcc/arm-none-eabi/12.2.0/../../../../arm-none-eabi/lib/thumb/v7-m/nofp\libc_nano.a(libc_a-stdio.o)
                0x08001130                __sread
                0x08001154                __seofread
                0x08001158                __swrite
                0x08001198                __sseek
                0x080011bc                __sclose
 .text          0x080011c4       0xa0 c:/msys64/mingw64/bin/../lib/gcc/arm-none-eabi/12.2.0/../../../../arm-none-eabi/lib/thumb/v7-m/nofp\libc_nano.a(libc_a-memset.o)
                0x080011c4                memset
 .text          0x08001264       0x14 c:/msys64/mingw64/bin/../lib/gcc/arm-none-eabi/12.2.0/../../../../arm-none-eabi/lib/thumb/v7-m/nofp\libc_nano.a(libc_a-localeconv.o)
                0x08001264                __localeconv_l
                0x08001268                _localeconv_r
                0x08001270                localeconv
 .text          0x08001278       0x24 c:/msys64/mingw64/bin/../lib/gcc/arm-none-eabi/12.2.0/../../../../arm-none-eabi/lib/thumb/v7-m/nofp\libc_nano.a(libc_a-closer.o)
                0x08001278                _close_r
 .text          0x0800129c       0x2c c:/msys64/mingw64/bin/../lib/gcc/arm-none-eabi/12.2.0/../../../../arm-none-eabi/lib/thumb/v7-m/nofp\libc_nano.a(libc_a-lseekr.o)
                0x0800129c                _lseek_r
 .text          0x080012c8       0x2c c:/msys64/mingw64/bin/../lib/gcc/arm-none-eabi/12.2.0/../../../../arm-none-eabi/lib/thumb/v7-m/nofp\libc_nano.a(libc_a-readr.o)
                0x080012c8                _read_r
 .text          0x080012f4       0x24 c:/msys64/mingw64/bin/../lib/gcc/arm-none-eabi/12.2.0/../../../../arm-none-eabi/lib/thumb/v7-m/nofp\libc_nano.a(libc_a-sbrkr.o)
                0x080012f4                _sbrk_r
 .text          0x08001318       0x2c c:/msys64/mingw64/bin/../lib/gcc/arm-none-eabi/12.2.0/../../../../arm-none-eabi/lib/thumb/v7-m/nofp\libc_nano.a(libc_a-writer.o)
                0x08001318                _write_r
 .text          0x08001344        0xc c:/msys64/mingw64/bin/../lib/gcc/arm-none-eabi/12.2.0/../../../../arm-none-eabi/lib/thumb/v7-m/nofp\libc_nano.a(libc_a-errno.o)
                0x08001344                __errno
 .text          0x08001350       0x50 c:/msys64/mingw64/bin/../lib/gcc/arm-none-eabi/12.2.0/../../../../arm-none-eabi/lib/thumb/v7-m/nofp\libc_nano.a(libc_a-init.o)
                0x08001350                __libc_init_array
 .text          0x080013a0       0x28 c:/msys64/mingw64/bin/../lib/gcc/arm-none-eabi/12.2.0/../../../../arm-none-eabi/lib/thumb/v7-m/nofp\libc_nano.a(libc_a-lock.o)
                0x080013a0                __retarget_lock_init
                0x080013a4                __retarget_lock_init_recursive
                0x080013a8                __retarget_lock_close
                0x080013ac                __retarget_lock_close_recursive
                0x080013b0                __retarget_lock_acquire
                0x080013b4                __retarget_lock_acquire_recursive
                0x080013b8                __retarget_lock_try_acquire
                0x080013bc                __retarget_lock_try_acquire_recursive
                0x080013c0                __retarget_lock_release
                0x080013c4                __retarget_lock_release_recursive
 .text          0x080013c8       0x98 c:/msys64/mingw64/bin/../lib/gcc/arm-none-eabi/12.2.0/../../../../arm-none-eabi/lib/thumb/v7-m/nofp\libc_nano.a(libc_a-memchr-stub.o)
                0x080013c8                memchr
 .text          0x08001460       0xec c:/msys64/mingw64/bin/../lib/gcc/arm-none-eabi/12.2.0/../../../../arm-none-eabi/lib/thumb/v7-m/nofp\libc_nano.a(libc_a-memcpy.o)
                0x08001460                memcpy
 .text          0x0800154c       0x5c c:/msys64/mingw64/bin/../lib/gcc/arm-none-eabi/12.2.0/../../../../arm-none-eabi/lib/thumb/v7-m/nofp\libc_nano.a(libc_a-strlen-stub.o)
                0x0800154c                strlen
 .text          0x080015a8      0xfec c:/msys64/mingw64/bin/../lib/gcc/arm-none-eabi/12.2.0/../../../../arm-none-eabi/lib/thumb/v7-m/nofp\libc_nano.a(libc_a-dtoa.o)
                0x080016e4                _dtoa_r
 .text          0x08002594       0xbc c:/msys64/mingw64/bin/../lib/gcc/arm-none-eabi/12.2.0/../../../../arm-none-eabi/lib/thumb/v7-m/nofp\libc_nano.a(libc_a-freer.o)
                0x08002594                _free_r
 .text          0x08002650      0xab0 c:/msys64/mingw64/bin/../lib/gcc/arm-none-eabi/12.2.0/../../../../arm-none-eabi/lib/thumb/v7-m/nofp\libc_nano.a(libc_a-mprec.o)
                0x08002650                _Balloc
                0x080026d0                _Bfree
                0x08002718                __multadd
                0x080027b4                __s2b
                0x08002864                __hi0bits
                0x080028a8                __lo0bits
                0x08002904                __i2b
                0x08002930                __multiply
                0x08002a94                __pow5mult
                0x08002b74                __lshift
                0x08002c5c                __mcmp
                0x08002c9c                __mdiff
                0x08002dfc                __ulp
                0x08002e4c                __b2d
                0x08002f00                __d2b
                0x08002fbc                __ratio
                0x08003010                _mprec_log10
                0x08003048                __copybits
                0x080030a8                __any_on
 .text          0x08003100      0x348 c:/msys64/mingw64/bin/../lib/gcc/arm-none-eabi/12.2.0/../../../../arm-none-eabi/lib/thumb/v7-m/nofp\libc_nano.a(libc_a-nano-vfprintf.o)
                0x08003128                __sfputs_r
                0x08003158                __sprint_r
                0x08003178                _vfiprintf_r
                0x08003178                _vfprintf_r
                0x0800342c                vfprintf
                0x0800342c                vfiprintf
 .text          0x08003448      0x190 c:/msys64/mingw64/bin/../lib/gcc/arm-none-eabi/12.2.0/../../../../arm-none-eabi/lib/thumb/v7-m/nofp\libc_nano.a(libc_a-fflush.o)
                0x08003448                __sflush_r
                0x08003558                _fflush_r
                0x080035b0                fflush
 .text          0x080035d8      0x2ec c:/msys64/mingw64/bin/../lib/gcc/arm-none-eabi/12.2.0/../../../../arm-none-eabi/lib/thumb/v7-m/nofp\libc_nano.a(libc_a-fvwrite.o)
                0x080035d8                __sfvwrite_r
 .text          0x080038c4       0xf8 c:/msys64/mingw64/bin/../lib/gcc/arm-none-eabi/12.2.0/../../../../arm-none-eabi/lib/thumb/v7-m/nofp\libc_nano.a(libc_a-putc.o)
                0x080038c4                _putc_r
                0x0800393c                putc
 .text          0x080039bc       0x9c c:/msys64/mingw64/bin/../lib/gcc/arm-none-eabi/12.2.0/../../../../arm-none-eabi/lib/thumb/v7-m/nofp\libc_nano.a(libc_a-wbuf.o)
                0x080039bc                __swbuf_r
                0x08003a44                __swbuf
 .text          0x08003a58       0xc0 c:/msys64/mingw64/bin/../lib/gcc/arm-none-eabi/12.2.0/../../../../arm-none-eabi/lib/thumb/v7-m/nofp\libc_nano.a(libc_a-wsetup.o)
                0x08003a58                __swsetup_r
 .text          0x08003b18       0xfc c:/msys64/mingw64/bin/../lib/gcc/arm-none-eabi/12.2.0/../../../../arm-none-eabi/lib/thumb/v7-m/nofp\libc_nano.a(libc_a-memmove.o)
                0x08003b18                memmove
 .text          0x08003c14       0x4c c:/msys64/mingw64/bin/../lib/gcc/arm-none-eabi/12.2.0/../../../../arm-none-eabi/lib/thumb/v7-m/nofp\libc_nano.a(libc_a-assert.o)
                0x08003c14                __assert_func
                0x08003c54                __assert
 .text          0x08003c60       0x40 c:/msys64/mingw64/bin/../lib/gcc/arm-none-eabi/12.2.0/../../../../arm-none-eabi/lib/thumb/v7-m/nofp\libc_nano.a(libc_a-mbtowc_r.o)
                0x08003c60                _mbtowc_r
                0x08003c74                __ascii_mbtowc
 .text          0x08003ca0       0x68 c:/msys64/mingw64/bin/../lib/gcc/arm-none-eabi/12.2.0/../../../../arm-none-eabi/lib/thumb/v7-m/nofp\libc_nano.a(libc_a-reallocr.o)
                0x08003ca0                _realloc_r
 .text          0x08003d08       0x30 c:/msys64/mingw64/bin/../lib/gcc/arm-none-eabi/12.2.0/../../../../arm-none-eabi/lib/thumb/v7-m/nofp\libc_nano.a(libc_a-wctomb_r.o)
                0x08003d08                _wctomb_r
                0x08003d1c                __ascii_wctomb
 .text          0x08003d38       0x44 c:/msys64/mingw64/bin/../lib/gcc/arm-none-eabi/12.2.0/../../../../arm-none-eabi/lib/thumb/v7-m/nofp\libc_nano.a(libc_a-fprintf.o)
                0x08003d38                _fprintf_r
                0x08003d38                _fiprintf_r
                0x08003d54                fiprintf
                0x08003d54                fprintf
 .text          0x08003d7c      0x110 c:/msys64/mingw64/bin/../lib/gcc/arm-none-eabi/12.2.0/../../../../arm-none-eabi/lib/thumb/v7-m/nofp\libc_nano.a(libc_a-makebuf.o)
                0x08003d7c                __smakebuf_r
                0x08003e40                __swhatbuf_r
 .text          0x08003e8c       0x28 c:/msys64/mingw64/bin/../lib/gcc/arm-none-eabi/12.2.0/../../../../arm-none-eabi/lib/thumb/v7-m/nofp\libc_nano.a(libc_a-fstatr.o)
                0x08003e8c                _fstat_r
 .text          0x08003eb4       0x24 c:/msys64/mingw64/bin/../lib/gcc/arm-none-eabi/12.2.0/../../../../arm-none-eabi/lib/thumb/v7-m/nofp\libc_nano.a(libc_a-isattyr.o)
                0x08003eb4                _isatty_r
 .text          0x08003ed8       0x10 c:/msys64/mingw64/bin/../lib/gcc/arm-none-eabi/12.2.0/../../../../arm-none-eabi/lib/thumb/v7-m/nofp\libc_nano.a(libc_a-abort.o)
                0x08003ed8                abort
 .text          0x08003ee8       0x10 c:/msys64/mingw64/bin/../lib/gcc/arm-none-eabi/12.2.0/../../../../arm-none-eabi/lib/thumb/v7-m/nofp\libc_nano.a(libc_a-msizer.o)
                0x08003ee8                _malloc_usable_size_r
 .text          0x08003ef8      0x264 c:/msys64/mingw64/bin/../lib/gcc/arm-none-eabi/12.2.0/../../../../arm-none-eabi/lib/thumb/v7-m/nofp\libc_nano.a(libc_a-signal.o)
                0x08003ef8                _init_signal_r
                0x08003f24                _signal_r
                0x08003f70                _raise_r
                0x08003fc0                __sigtramp_r
                0x08004024                raise
                0x08004078                signal
                0x080040c4                _init_signal
                0x080040f8                __sigtramp
 .text          0x0800415c       0x2c c:/msys64/mingw64/bin/../lib/gcc/arm-none-eabi/12.2.0/../../../../arm-none-eabi/lib/thumb/v7-m/nofp\libc_nano.a(libc_a-signalr.o)
                0x0800415c                _kill_r
                0x08004184                _getpid_r
 .text          0x08004188      0x378 c:/msys64/mingw64/bin/../lib/gcc/arm-none-eabi/12.2.0/thumb/v7-m/nofp\libgcc.a(_arm_addsubdf3.o)
                0x08004188                __aeabi_drsub
                0x08004190                __aeabi_dsub
                0x08004190                __subdf3
                0x08004194                __aeabi_dadd
                0x08004194                __adddf3
                0x0800440c                __floatunsidf
                0x0800440c                __aeabi_ui2d
                0x0800442c                __floatsidf
                0x0800442c                __aeabi_i2d
                0x08004450                __aeabi_f2d
                0x08004450                __extendsfdf2
                0x08004494                __floatundidf
                0x08004494                __aeabi_ul2d
                0x080044a4                __floatdidf
                0x080044a4                __aeabi_l2d
 .text          0x08004500      0x424 c:/msys64/mingw64/bin/../lib/gcc/arm-none-eabi/12.2.0/thumb/v7-m/nofp\libgcc.a(_arm_muldivdf3.o)
                0x08004500                __aeabi_dmul
                0x08004500                __muldf3
                0x08004754                __divdf3
                0x08004754                __aeabi_ddiv
 .text          0x08004924      0x110 c:/msys64/mingw64/bin/../lib/gcc/arm-none-eabi/12.2.0/thumb/v7-m/nofp\libgcc.a(_arm_cmpdf2.o)
                0x08004924                __gtdf2
                0x08004924                __gedf2
                0x0800492c                __ltdf2
                0x0800492c                __ledf2
                0x08004934                __nedf2
                0x08004934                __eqdf2
                0x08004934                __cmpdf2
                0x080049b0                __aeabi_cdrcmple
                0x080049c0                __aeabi_cdcmpeq
                0x080049c0                __aeabi_cdcmple
                0x080049d0                __aeabi_dcmpeq
                0x080049e4                __aeabi_dcmplt
                0x080049f8                __aeabi_dcmple
                0x08004a0c                __aeabi_dcmpge
                0x08004a20                __aeabi_dcmpgt
 .text          0x08004a34       0x2c c:/msys64/mingw64/bin/../lib/gcc/arm-none-eabi/12.2.0/thumb/v7-m/nofp\libgcc.a(_arm_unorddf2.o)
                0x08004a34                __unorddf2
                0x08004a34                __aeabi_dcmpun
 .text          0x08004a60       0x50 c:/msys64/mingw64/bin/../lib/gcc/arm-none-eabi/12.2.0/thumb/v7-m/nofp\libgcc.a(_arm_fixdfsi.o)
                0x08004a60                __aeabi_d2iz
                0x08004a60                __fixdfsi
 .text          0x08004ab0      0x1ac c:/msys64/mingw64/bin/../lib/gcc/arm-none-eabi/12.2.0/thumb/v7-m/nofp\libgcc.a(libunwind.o)
                0x08004ab0                __restore_core_regs
                0x08004ab0                restore_core_regs
                0x08004ac8                __gnu_Unwind_Restore_VFP
                0x08004ad0                __gnu_Unwind_Save_VFP
                0x08004ad8                __gnu_Unwind_Restore_VFP_D
                0x08004ae0                __gnu_Unwind_Save_VFP_D
                0x08004ae8                __gnu_Unwind_Restore_VFP_D_16_to_31
                0x08004af0                __gnu_Unwind_Save_VFP_D_16_to_31
                0x08004af8                __gnu_Unwind_Restore_WMMXD
                0x08004b3c                __gnu_Unwind_Save_WMMXD
                0x08004b80                __gnu_Unwind_Restore_WMMXC
                0x08004b94                __gnu_Unwind_Save_WMMXC
                0x08004ba8                ___Unwind_RaiseException
                0x08004ba8                _Unwind_RaiseException
                0x08004bcc                _Unwind_Resume
                0x08004bcc                ___Unwind_Resume
                0x08004bf0                _Unwind_Resume_or_Rethrow
                0x08004bf0                ___Unwind_Resume_or_Rethrow
                0x08004c14                _Unwind_ForcedUnwind
                0x08004c14                ___Unwind_ForcedUnwind
                0x08004c38                ___Unwind_Backtrace
                0x08004c38                _Unwind_Backtrace
 *(.text*)
 .text.__do_global_dtors_aux
                0x08004c5c       0x24 c:/msys64/mingw64/bin/../lib/gcc/arm-none-eabi/12.2.0/thumb/v7-m/nofp/crtbegin.o
 .text.frame_dummy
                0x08004c80       0x1c c:/msys64/mingw64/bin/../lib/gcc/arm-none-eabi/12.2.0/thumb/v7-m/nofp/crtbegin.o
 .text.MX_GPIO_Init
                0x08004c9c       0x78 build/main.o
 .text.MX_DMA_Init
                0x08004d14       0x34 build/main.o
 .text.Error_Handler
                0x08004d48        0x4 build/main.o
                0x08004d48                Error_Handler
 .text.MX_TIM1_Init
                0x08004d4c       0xe4 build/main.o
 .text.MX_USART1_UART_Init
                0x08004e30       0x34 build/main.o
 .text.MX_USART2_UART_Init
                0x08004e64       0x34 build/main.o
 .text.SystemClock_Config
                0x08004e98       0x64 build/main.o
                0x08004e98                SystemClock_Config
 .text.main     0x08004efc       0x28 build/main.o
                0x08004efc                main
 .text.NMI_Handler
                0x08004f24        0x2 build/stm32f1xx_it.o
                0x08004f24                NMI_Handler
 .text.HardFault_Handler
                0x08004f26        0x2 build/stm32f1xx_it.o
                0x08004f26                HardFault_Handler
 .text.MemManage_Handler
                0x08004f28        0x2 build/stm32f1xx_it.o
                0x08004f28                MemManage_Handler
 .text.BusFault_Handler
                0x08004f2a        0x2 build/stm32f1xx_it.o
                0x08004f2a                BusFault_Handler
 .text.UsageFault_Handler
                0x08004f2c        0x2 build/stm32f1xx_it.o
                0x08004f2c                UsageFault_Handler
 .text.SVC_Handler
                0x08004f2e        0x2 build/stm32f1xx_it.o
                0x08004f2e                SVC_Handler
 .text.DebugMon_Handler
                0x08004f30        0x2 build/stm32f1xx_it.o
                0x08004f30                DebugMon_Handler
 .text.PendSV_Handler
                0x08004f32        0x2 build/stm32f1xx_it.o
                0x08004f32                PendSV_Handler
 .text.SysTick_Handler
                0x08004f34        0x8 build/stm32f1xx_it.o
                0x08004f34                SysTick_Handler
 .text.DMA1_Channel2_IRQHandler
                0x08004f3c       0x10 build/stm32f1xx_it.o
                0x08004f3c                DMA1_Channel2_IRQHandler
 .text.TIM1_UP_IRQHandler
                0x08004f4c       0x10 build/stm32f1xx_it.o
                0x08004f4c                TIM1_UP_IRQHandler
 .text.HAL_MspInit
                0x08004f5c       0x44 build/stm32f1xx_hal_msp.o
                0x08004f5c                HAL_MspInit
 .text.HAL_TIM_Base_MspInit
                0x08004fa0       0x7c build/stm32f1xx_hal_msp.o
                0x08004fa0                HAL_TIM_Base_MspInit
 .text.HAL_TIM_MspPostInit
                0x0800501c       0x50 build/stm32f1xx_hal_msp.o
                0x0800501c                HAL_TIM_MspPostInit
 .text.HAL_UART_MspInit
                0x0800506c       0xd4 build/stm32f1xx_hal_msp.o
                0x0800506c                HAL_UART_MspInit
 .text.HAL_InitTick
                0x08005140       0x4c build/stm32f1xx_hal.o
                0x08005140                HAL_InitTick
 .text.HAL_Init
                0x0800518c       0x24 build/stm32f1xx_hal.o
                0x0800518c                HAL_Init
 .text.HAL_IncTick
                0x080051b0       0x18 build/stm32f1xx_hal.o
                0x080051b0                HAL_IncTick
 .text.HAL_GetTick
                0x080051c8        0xc build/stm32f1xx_hal.o
                0x080051c8                HAL_GetTick
 .text.HAL_Delay
                0x080051d4       0x28 build/stm32f1xx_hal.o
                0x080051d4                HAL_Delay
 .text.RCC_Delay
                0x080051fc       0x2c build/stm32f1xx_hal_rcc.o
 .text.HAL_RCC_OscConfig
                0x08005228      0x410 build/stm32f1xx_hal_rcc.o
                0x08005228                HAL_RCC_OscConfig
 .text.HAL_RCC_GetSysClockFreq
                0x08005638       0x54 build/stm32f1xx_hal_rcc.o
                0x08005638                HAL_RCC_GetSysClockFreq
 .text.HAL_RCC_ClockConfig
                0x0800568c      0x16c build/stm32f1xx_hal_rcc.o
                0x0800568c                HAL_RCC_ClockConfig
 .text.HAL_RCC_GetHCLKFreq
                0x080057f8        0xc build/stm32f1xx_hal_rcc.o
                0x080057f8                HAL_RCC_GetHCLKFreq
 .text.HAL_RCC_GetPCLK1Freq
                0x08005804       0x20 build/stm32f1xx_hal_rcc.o
                0x08005804                HAL_RCC_GetPCLK1Freq
 .text.HAL_RCC_GetPCLK2Freq
                0x08005824       0x20 build/stm32f1xx_hal_rcc.o
                0x08005824                HAL_RCC_GetPCLK2Freq
 .text.HAL_GPIO_Init
                0x08005844      0x21c build/stm32f1xx_hal_gpio.o
                0x08005844                HAL_GPIO_Init
 .text.HAL_GPIO_WritePin
                0x08005a60        0xc build/stm32f1xx_hal_gpio.o
                0x08005a60                HAL_GPIO_WritePin
 .text.HAL_GPIO_TogglePin
                0x08005a6c       0x12 build/stm32f1xx_hal_gpio.o
                0x08005a6c                HAL_GPIO_TogglePin
 .text.DMA_SetConfig
                0x08005a7e       0x2c build/stm32f1xx_hal_dma.o
 *fill*         0x08005aaa        0x2 
 .text.HAL_DMA_Init
                0x08005aac       0x6c build/stm32f1xx_hal_dma.o
                0x08005aac                HAL_DMA_Init
 .text.HAL_DMA_Start_IT
                0x08005b18       0x76 build/stm32f1xx_hal_dma.o
                0x08005b18                HAL_DMA_Start_IT
 *fill*         0x08005b8e        0x2 
 .text.HAL_DMA_Abort_IT
                0x08005b90       0x98 build/stm32f1xx_hal_dma.o
                0x08005b90                HAL_DMA_Abort_IT
 .text.HAL_DMA_IRQHandler
                0x08005c28      0x144 build/stm32f1xx_hal_dma.o
                0x08005c28                HAL_DMA_IRQHandler
 .text.__NVIC_SetPriority
                0x08005d6c       0x28 build/stm32f1xx_hal_cortex.o
 .text.NVIC_EncodePriority
                0x08005d94       0x3e build/stm32f1xx_hal_cortex.o
 *fill*         0x08005dd2        0x2 
 .text.HAL_NVIC_SetPriorityGrouping
                0x08005dd4       0x24 build/stm32f1xx_hal_cortex.o
                0x08005dd4                HAL_NVIC_SetPriorityGrouping
 .text.HAL_NVIC_SetPriority
                0x08005df8       0x20 build/stm32f1xx_hal_cortex.o
                0x08005df8                HAL_NVIC_SetPriority
 .text.HAL_NVIC_EnableIRQ
                0x08005e18       0x1c build/stm32f1xx_hal_cortex.o
                0x08005e18                HAL_NVIC_EnableIRQ
 .text.HAL_SYSTICK_Config
                0x08005e34       0x28 build/stm32f1xx_hal_cortex.o
                0x08005e34                HAL_SYSTICK_Config
 .text.SystemInit
                0x08005e5c        0x2 build/system_stm32f1xx.o
                0x08005e5c                SystemInit
 *fill*         0x08005e5e        0x2 
 .text._sbrk    0x08005e60       0x48 build/sysmem.o
                0x08005e60                _sbrk
 .text._getpid  0x08005ea8        0x4 build/syscalls.o
                0x08005ea8                _getpid
 .text._kill    0x08005eac       0x10 build/syscalls.o
                0x08005eac                _kill
 .text._exit    0x08005ebc        0xc build/syscalls.o
                0x08005ebc                _exit
 .text._read    0x08005ec8       0x20 build/syscalls.o
                0x08005ec8                _read
 .text._write   0x08005ee8       0x1c build/syscalls.o
                0x08005ee8                _write
 .text._close   0x08005f04        0x6 build/syscalls.o
                0x08005f04                _close
 .text._fstat   0x08005f0a        0xa build/syscalls.o
                0x08005f0a                _fstat
 .text._isatty  0x08005f14        0x4 build/syscalls.o
                0x08005f14                _isatty
 .text._lseek   0x08005f18        0x4 build/syscalls.o
                0x08005f18                _lseek
 .text.UART_EndRxTransfer
                0x08005f1c       0x5c build/stm32f1xx_hal_uart.o
 .text.UART_SetConfig
                0x08005f78       0x94 build/stm32f1xx_hal_uart.o
 .text.UART_WaitOnFlagUntilTimeout
                0x0800600c       0x86 build/stm32f1xx_hal_uart.o
 .text.HAL_UART_Init
                0x08006092       0x60 build/stm32f1xx_hal_uart.o
                0x08006092                HAL_UART_Init
 .text.HAL_UART_Transmit
                0x080060f2       0xcc build/stm32f1xx_hal_uart.o
                0x080060f2                HAL_UART_Transmit
 .text.HAL_UART_Receive
                0x080061be       0xd2 build/stm32f1xx_hal_uart.o
                0x080061be                HAL_UART_Receive
 .text.TIM_OC1_SetConfig
                0x08006290       0x54 build/stm32f1xx_hal_tim.o
 .text.TIM_OC3_SetConfig
                0x080062e4       0x5c build/stm32f1xx_hal_tim.o
 .text.TIM_OC4_SetConfig
                0x08006340       0x48 build/stm32f1xx_hal_tim.o
 .text.TIM_TI1_ConfigInputStage
                0x08006388       0x24 build/stm32f1xx_hal_tim.o
 .text.TIM_TI2_ConfigInputStage
                0x080063ac       0x26 build/stm32f1xx_hal_tim.o
 .text.TIM_ITRx_SetConfig
                0x080063d2       0x10 build/stm32f1xx_hal_tim.o
 .text.HAL_TIM_PWM_MspInit
                0x080063e2        0x2 build/stm32f1xx_hal_tim.o
                0x080063e2                HAL_TIM_PWM_MspInit
 .text.HAL_TIM_OC_DelayElapsedCallback
                0x080063e4        0x2 build/stm32f1xx_hal_tim.o
                0x080063e4                HAL_TIM_OC_DelayElapsedCallback
 .text.HAL_TIM_IC_CaptureCallback
                0x080063e6        0x2 build/stm32f1xx_hal_tim.o
                0x080063e6                HAL_TIM_IC_CaptureCallback
 .text.TIM_DMADelayPulseCplt
                0x080063e8       0x70 build/stm32f1xx_hal_tim.o
 .text.HAL_TIM_PWM_PulseFinishedHalfCpltCallback
                0x08006458        0x2 build/stm32f1xx_hal_tim.o
                0x08006458                HAL_TIM_PWM_PulseFinishedHalfCpltCallback
 .text.TIM_DMADelayPulseHalfCplt
                0x0800645a       0x3e build/stm32f1xx_hal_tim.o
                0x0800645a                TIM_DMADelayPulseHalfCplt
 .text.HAL_TIM_TriggerCallback
                0x08006498        0x2 build/stm32f1xx_hal_tim.o
                0x08006498                HAL_TIM_TriggerCallback
 .text.HAL_TIM_IRQHandler
                0x0800649a      0x15e build/stm32f1xx_hal_tim.o
                0x0800649a                HAL_TIM_IRQHandler
 .text.HAL_TIM_ErrorCallback
                0x080065f8        0x2 build/stm32f1xx_hal_tim.o
                0x080065f8                HAL_TIM_ErrorCallback
 .text.TIM_DMAError
                0x080065fa       0x5c build/stm32f1xx_hal_tim.o
                0x080065fa                TIM_DMAError
 *fill*         0x08006656        0x2 
 .text.TIM_Base_SetConfig
                0x08006658       0x84 build/stm32f1xx_hal_tim.o
                0x08006658                TIM_Base_SetConfig
 .text.HAL_TIM_Base_Init
                0x080066dc       0x58 build/stm32f1xx_hal_tim.o
                0x080066dc                HAL_TIM_Base_Init
 .text.HAL_TIM_PWM_Init
                0x08006734       0x58 build/stm32f1xx_hal_tim.o
                0x08006734                HAL_TIM_PWM_Init
 .text.TIM_OC2_SetConfig
                0x0800678c       0x5c build/stm32f1xx_hal_tim.o
                0x0800678c                TIM_OC2_SetConfig
 .text.HAL_TIM_PWM_ConfigChannel
                0x080067e8       0xdc build/stm32f1xx_hal_tim.o
                0x080067e8                HAL_TIM_PWM_ConfigChannel
 .text.TIM_ETR_SetConfig
                0x080068c4       0x18 build/stm32f1xx_hal_tim.o
                0x080068c4                TIM_ETR_SetConfig
 .text.HAL_TIM_ConfigClockSource
                0x080068dc       0xfe build/stm32f1xx_hal_tim.o
                0x080068dc                HAL_TIM_ConfigClockSource
 .text.TIM_CCxChannelCmd
                0x080069da       0x1e build/stm32f1xx_hal_tim.o
                0x080069da                TIM_CCxChannelCmd
 .text.HAL_TIM_PWM_Start_DMA
                0x080069f8      0x26c build/stm32f1xx_hal_tim.o
                0x080069f8                HAL_TIM_PWM_Start_DMA
 .text.HAL_TIM_PWM_Stop_DMA
                0x08006c64       0xec build/stm32f1xx_hal_tim.o
                0x08006c64                HAL_TIM_PWM_Stop_DMA
 .text.HAL_TIMEx_MasterConfigSynchronization
                0x08006d50       0x6c build/stm32f1xx_hal_tim_ex.o
                0x08006d50                HAL_TIMEx_MasterConfigSynchronization
 .text.HAL_TIMEx_ConfigBreakDeadTime
                0x08006dbc       0x52 build/stm32f1xx_hal_tim_ex.o
                0x08006dbc                HAL_TIMEx_ConfigBreakDeadTime
 .text.HAL_TIMEx_CommutCallback
                0x08006e0e        0x2 build/stm32f1xx_hal_tim_ex.o
                0x08006e0e                HAL_TIMEx_CommutCallback
 .text.HAL_TIMEx_BreakCallback
                0x08006e10        0x2 build/stm32f1xx_hal_tim_ex.o
                0x08006e10                HAL_TIMEx_BreakCallback
 *fill*         0x08006e12        0x2 
 .text._Z41__static_initialization_and_destruction_0ii
                0x08006e14       0x38 build/app.o
 .text.__io_putchar
                0x08006e4c       0x20 build/app.o
                0x08006e4c                __io_putchar
 .text.setup    0x08006e6c       0x6c build/app.o
                0x08006e6c                setup
 .text.loop     0x08006ed8       0x3c build/app.o
                0x08006ed8                loop
 .text.HAL_TIM_PWM_PulseFinishedCallback
                0x08006f14       0x1c build/app.o
                0x08006f14                HAL_TIM_PWM_PulseFinishedCallback
 .text.HAL_TIM_PeriodElapsedCallback
                0x08006f30       0x68 build/app.o
                0x08006f30                HAL_TIM_PeriodElapsedCallback
 .text._GLOBAL__sub_I___io_putchar
                0x08006f98        0xe build/app.o
 .text._ZN9ModbusRTUC2EP20__UART_HandleTypeDef
                0x08006fa6        0x4 build/modbusRTU.o
                0x08006fa6                ModbusRTU::ModbusRTU(__UART_HandleTypeDef*)
                0x08006fa6                ModbusRTU::ModbusRTU(__UART_HandleTypeDef*)
 .text._ZN9ModbusRTU9appendCRCEPh
                0x08006faa       0x3e build/modbusRTU.o
                0x08006faa                ModbusRTU::appendCRC(unsigned char*)
 .text._ZN9ModbusRTU4sendEv
                0x08006fe8       0x12 build/modbusRTU.o
                0x08006fe8                ModbusRTU::send()
 .text._ZN9ModbusRTU7receiveEv
                0x08006ffa       0x12 build/modbusRTU.o
                0x08006ffa                ModbusRTU::receive()
 .text._ZN9ModbusRTU7requestEhhtt
                0x0800700c       0x5a build/modbusRTU.o
                0x0800700c                ModbusRTU::request(unsigned char, unsigned char, unsigned short, unsigned short)
 .text._ZN7WS2812BC2EP17TIM_HandleTypeDefmt
                0x08007066        0x8 build/ws2812b.o
                0x08007066                WS2812B::WS2812B(TIM_HandleTypeDef*, unsigned long, unsigned short)
                0x08007066                WS2812B::WS2812B(TIM_HandleTypeDef*, unsigned long, unsigned short)
 *fill*         0x0800706e        0x2 
 .text._ZN7WS2812B4initEh
                0x08007070       0x70 build/ws2812b.o
                0x08007070                WS2812B::init(unsigned char)
 .text._ZN7WS2812B10extractRedEm
                0x080070e0        0x6 build/ws2812b.o
                0x080070e0                WS2812B::extractRed(unsigned long)
 .text._ZN7WS2812B12extractGreenEm
                0x080070e6        0x6 build/ws2812b.o
                0x080070e6                WS2812B::extractGreen(unsigned long)
 .text._ZN7WS2812B11extractBlueEm
                0x080070ec        0x4 build/ws2812b.o
                0x080070ec                WS2812B::extractBlue(unsigned long)
 .text._ZN7WS2812B10combineRGBEhhh
                0x080070f0        0xc build/ws2812b.o
                0x080070f0                WS2812B::combineRGB(unsigned char, unsigned char, unsigned char)
 .text._ZN7WS2812B5toGRBEm
                0x080070fc       0x24 build/ws2812b.o
                0x080070fc                WS2812B::toGRB(unsigned long)
 .text._ZN7WS2812B10solidColorEmtt
                0x08007120       0x1e build/ws2812b.o
                0x08007120                WS2812B::solidColor(unsigned long, unsigned short, unsigned short)
 .text._ZN7WS2812B12updateBufferEv
                0x0800713e       0x5c build/ws2812b.o
                0x0800713e                WS2812B::updateBuffer()
 .text._ZN7WS2812B6renderEv
                0x0800719a       0x38 build/ws2812b.o
                0x0800719a                WS2812B::render()
 .text._ZN7WS2812B10transitionEv
                0x080071d2       0xf0 build/ws2812b.o
                0x080071d2                WS2812B::transition()
 *fill*         0x080072c2        0x2 
 .text.Reset_Handler
                0x080072c4       0x48 build/startup_stm32f103xb.o
                0x080072c4                Reset_Handler
 .text.Default_Handler
                0x0800730c        0x2 build/startup_stm32f103xb.o
                0x0800730c                RTC_Alarm_IRQHandler
                0x0800730c                EXTI2_IRQHandler
                0x0800730c                TIM1_CC_IRQHandler
                0x0800730c                PVD_IRQHandler
                0x0800730c                EXTI3_IRQHandler
                0x0800730c                EXTI0_IRQHandler
                0x0800730c                I2C2_EV_IRQHandler
                0x0800730c                ADC1_2_IRQHandler
                0x0800730c                SPI1_IRQHandler
                0x0800730c                TAMPER_IRQHandler
                0x0800730c                DMA1_Channel4_IRQHandler
                0x0800730c                USART3_IRQHandler
                0x0800730c                RTC_IRQHandler
                0x0800730c                DMA1_Channel7_IRQHandler
                0x0800730c                CAN1_RX1_IRQHandler
                0x0800730c                TIM4_IRQHandler
                0x0800730c                I2C1_EV_IRQHandler
                0x0800730c                DMA1_Channel6_IRQHandler
                0x0800730c                TIM3_IRQHandler
                0x0800730c                RCC_IRQHandler
                0x0800730c                TIM1_TRG_COM_IRQHandler
                0x0800730c                DMA1_Channel1_IRQHandler
                0x0800730c                Default_Handler
                0x0800730c                EXTI15_10_IRQHandler
                0x0800730c                EXTI9_5_IRQHandler
                0x0800730c                SPI2_IRQHandler
                0x0800730c                DMA1_Channel5_IRQHandler
                0x0800730c                EXTI4_IRQHandler
                0x0800730c                USB_LP_CAN1_RX0_IRQHandler
                0x0800730c                USB_HP_CAN1_TX_IRQHandler
                0x0800730c                DMA1_Channel3_IRQHandler
                0x0800730c                WWDG_IRQHandler
                0x0800730c                TIM2_IRQHandler
                0x0800730c                TIM1_BRK_IRQHandler
                0x0800730c                EXTI1_IRQHandler
                0x0800730c                USART2_IRQHandler
                0x0800730c                I2C2_ER_IRQHandler
                0x0800730c                CAN1_SCE_IRQHandler
                0x0800730c                FLASH_IRQHandler
                0x0800730c                USART1_IRQHandler
                0x0800730c                I2C1_ER_IRQHandler
                0x0800730c                USBWakeUp_IRQHandler
 .text.selfrel_offset31
                0x0800730e       0x12 c:/msys64/mingw64/bin/../lib/gcc/arm-none-eabi/12.2.0/thumb/v7-m/nofp\libgcc.a(unwind-arm.o)
 .text.search_EIT_table
                0x08007320       0x60 c:/msys64/mingw64/bin/../lib/gcc/arm-none-eabi/12.2.0/thumb/v7-m/nofp\libgcc.a(unwind-arm.o)
 .text.__gnu_unwind_get_pr_addr
                0x08007380       0x28 c:/msys64/mingw64/bin/../lib/gcc/arm-none-eabi/12.2.0/thumb/v7-m/nofp\libgcc.a(unwind-arm.o)
 .text.get_eit_entry
                0x080073a8       0x8c c:/msys64/mingw64/bin/../lib/gcc/arm-none-eabi/12.2.0/thumb/v7-m/nofp\libgcc.a(unwind-arm.o)
 .text.restore_non_core_regs
                0x08007434       0x4c c:/msys64/mingw64/bin/../lib/gcc/arm-none-eabi/12.2.0/thumb/v7-m/nofp\libgcc.a(unwind-arm.o)
 .text._Unwind_decode_typeinfo_ptr.constprop.0
                0x08007480        0xa c:/msys64/mingw64/bin/../lib/gcc/arm-none-eabi/12.2.0/thumb/v7-m/nofp\libgcc.a(unwind-arm.o)
 .text._Unwind_DebugHook
                0x0800748a        0x2 c:/msys64/mingw64/bin/../lib/gcc/arm-none-eabi/12.2.0/thumb/v7-m/nofp\libgcc.a(unwind-arm.o)
 .text.unwind_phase2
                0x0800748c       0x3a c:/msys64/mingw64/bin/../lib/gcc/arm-none-eabi/12.2.0/thumb/v7-m/nofp\libgcc.a(unwind-arm.o)
 .text.unwind_phase2_forced
                0x080074c6       0xba c:/msys64/mingw64/bin/../lib/gcc/arm-none-eabi/12.2.0/thumb/v7-m/nofp\libgcc.a(unwind-arm.o)
 .text.__gnu_Unwind_RaiseException
                0x08007580       0x5a c:/msys64/mingw64/bin/../lib/gcc/arm-none-eabi/12.2.0/thumb/v7-m/nofp\libgcc.a(unwind-arm.o)
                0x08007580                __gnu_Unwind_RaiseException
 .text.__gnu_Unwind_ForcedUnwind
                0x080075da       0x14 c:/msys64/mingw64/bin/../lib/gcc/arm-none-eabi/12.2.0/thumb/v7-m/nofp\libgcc.a(unwind-arm.o)
                0x080075da                __gnu_Unwind_ForcedUnwind
 .text.__gnu_Unwind_Resume
                0x080075ee       0x40 c:/msys64/mingw64/bin/../lib/gcc/arm-none-eabi/12.2.0/thumb/v7-m/nofp\libgcc.a(unwind-arm.o)
                0x080075ee                __gnu_Unwind_Resume
 .text.__gnu_Unwind_Resume_or_Rethrow
                0x0800762e       0x12 c:/msys64/mingw64/bin/../lib/gcc/arm-none-eabi/12.2.0/thumb/v7-m/nofp\libgcc.a(unwind-arm.o)
                0x0800762e                __gnu_Unwind_Resume_or_Rethrow
 .text._Unwind_VRS_Get
                0x08007640       0x30 c:/msys64/mingw64/bin/../lib/gcc/arm-none-eabi/12.2.0/thumb/v7-m/nofp\libgcc.a(unwind-arm.o)
                0x08007640                _Unwind_VRS_Get
 .text._Unwind_GetGR
                0x08007670       0x18 c:/msys64/mingw64/bin/../lib/gcc/arm-none-eabi/12.2.0/thumb/v7-m/nofp\libgcc.a(unwind-arm.o)
 .text._Unwind_VRS_Set
                0x08007688       0x30 c:/msys64/mingw64/bin/../lib/gcc/arm-none-eabi/12.2.0/thumb/v7-m/nofp\libgcc.a(unwind-arm.o)
                0x08007688                _Unwind_VRS_Set
 .text._Unwind_SetGR
                0x080076b8       0x18 c:/msys64/mingw64/bin/../lib/gcc/arm-none-eabi/12.2.0/thumb/v7-m/nofp\libgcc.a(unwind-arm.o)
 .text.__gnu_Unwind_Backtrace
                0x080076d0       0x6c c:/msys64/mingw64/bin/../lib/gcc/arm-none-eabi/12.2.0/thumb/v7-m/nofp\libgcc.a(unwind-arm.o)
                0x080076d0                __gnu_Unwind_Backtrace
 .text.__gnu_unwind_pr_common
                0x0800773c      0x24c c:/msys64/mingw64/bin/../lib/gcc/arm-none-eabi/12.2.0/thumb/v7-m/nofp\libgcc.a(unwind-arm.o)
 .text.__aeabi_unwind_cpp_pr0
                0x08007988        0x6 c:/msys64/mingw64/bin/../lib/gcc/arm-none-eabi/12.2.0/thumb/v7-m/nofp\libgcc.a(unwind-arm.o)
                0x08007988                __aeabi_unwind_cpp_pr0
 .text.__aeabi_unwind_cpp_pr1
                0x0800798e        0x6 c:/msys64/mingw64/bin/../lib/gcc/arm-none-eabi/12.2.0/thumb/v7-m/nofp\libgcc.a(unwind-arm.o)
                0x0800798e                __aeabi_unwind_cpp_pr1
 .text.__aeabi_unwind_cpp_pr2
                0x08007994        0x6 c:/msys64/mingw64/bin/../lib/gcc/arm-none-eabi/12.2.0/thumb/v7-m/nofp\libgcc.a(unwind-arm.o)
                0x08007994                __aeabi_unwind_cpp_pr2
 .text._Unwind_VRS_Pop
                0x0800799a      0x26a c:/msys64/mingw64/bin/../lib/gcc/arm-none-eabi/12.2.0/thumb/v7-m/nofp\libgcc.a(unwind-arm.o)
                0x0800799a                _Unwind_VRS_Pop
 .text.next_unwind_byte
                0x08007c04       0x30 c:/msys64/mingw64/bin/../lib/gcc/arm-none-eabi/12.2.0/thumb/v7-m/nofp\libgcc.a(pr-support.o)
 .text.__gnu_unwind_execute
                0x08007c34      0x244 c:/msys64/mingw64/bin/../lib/gcc/arm-none-eabi/12.2.0/thumb/v7-m/nofp\libgcc.a(pr-support.o)
                0x08007c34                __gnu_unwind_execute
 *(.glue_7)
 .glue_7        0x08007e78        0x0 linker stubs
 *(.glue_7t)
 .glue_7t       0x08007e78        0x0 linker stubs
 *(.eh_frame)
 .eh_frame      0x08007e78        0x0 c:/msys64/mingw64/bin/../lib/gcc/arm-none-eabi/12.2.0/thumb/v7-m/nofp/crtbegin.o
 *(.init)
 .init          0x08007e78        0x4 c:/msys64/mingw64/bin/../lib/gcc/arm-none-eabi/12.2.0/thumb/v7-m/nofp/crti.o
                0x08007e78                _init
 .init          0x08007e7c        0x8 c:/msys64/mingw64/bin/../lib/gcc/arm-none-eabi/12.2.0/thumb/v7-m/nofp/crtn.o
 *(.fini)
 .fini          0x08007e84        0x4 c:/msys64/mingw64/bin/../lib/gcc/arm-none-eabi/12.2.0/thumb/v7-m/nofp/crti.o
                0x08007e84                _fini
 .fini          0x08007e88        0x8 c:/msys64/mingw64/bin/../lib/gcc/arm-none-eabi/12.2.0/thumb/v7-m/nofp/crtn.o
                0x08007e90                        . = ALIGN (0x4)
                0x08007e90                        _etext = .

.vfp11_veneer   0x08007e90        0x0
 .vfp11_veneer  0x08007e90        0x0 linker stubs

.v4_bx          0x08007e90        0x0
 .v4_bx         0x08007e90        0x0 linker stubs

.iplt           0x08007e90        0x0
 .iplt          0x08007e90        0x0 c:/msys64/mingw64/bin/../lib/gcc/arm-none-eabi/12.2.0/thumb/v7-m/nofp/crtbegin.o

.rodata         0x08007e90      0x3b8
                0x08007e90                        . = ALIGN (0x4)
 *(.rodata)
 .rodata        0x08007e90        0x8 build/app.o
 .rodata        0x08007e98      0x128 c:/msys64/mingw64/bin/../lib/gcc/arm-none-eabi/12.2.0/../../../../arm-none-eabi/lib/thumb/v7-m/nofp\libc_nano.a(libc_a-mprec.o)
                0x08007ea8                __mprec_tens
                0x08007f70                __mprec_tinytens
                0x08007f98                __mprec_bigtens
 .rodata        0x08007fc0      0x101 c:/msys64/mingw64/bin/../lib/gcc/arm-none-eabi/12.2.0/../../../../arm-none-eabi/lib/thumb/v7-m/nofp\libc_nano.a(libc_a-ctype_.o)
                0x08007fc0                _ctype_
 *(.rodata*)
 *fill*         0x080080c1        0x3 
 .rodata.aPredivFactorTable.0
                0x080080c4        0x2 build/stm32f1xx_hal_rcc.o
 *fill*         0x080080c6        0x2 
 .rodata.aPLLMULFactorTable.1
                0x080080c8       0x10 build/stm32f1xx_hal_rcc.o
 .rodata.APBPrescTable
                0x080080d8        0x8 build/system_stm32f1xx.o
                0x080080d8                APBPrescTable
 .rodata.AHBPrescTable
                0x080080e0       0x10 build/system_stm32f1xx.o
                0x080080e0                AHBPrescTable
 .rodata.setup.str1.4
                0x080080f0      0x157 build/app.o
                                  0x4 (size before relaxing)
 .rodata.str1.4
                0x08008247       0x12 c:/msys64/mingw64/bin/../lib/gcc/arm-none-eabi/12.2.0/../../../../arm-none-eabi/lib/thumb/v7-m/nofp\libc_nano.a(libc_a-nano-vfprintf_float.o)
 .rodata.str1.4
                0x08008247       0x25 c:/msys64/mingw64/bin/../lib/gcc/arm-none-eabi/12.2.0/../../../../arm-none-eabi/lib/thumb/v7-m/nofp\libc_nano.a(libc_a-nano-vfprintf_i.o)
 .rodata.str1.4
                0x08008247       0x79 c:/msys64/mingw64/bin/../lib/gcc/arm-none-eabi/12.2.0/../../../../arm-none-eabi/lib/thumb/v7-m/nofp\libc_nano.a(libc_a-dtoa.o)
 .rodata.str1.4
                0x08008247       0x65 c:/msys64/mingw64/bin/../lib/gcc/arm-none-eabi/12.2.0/../../../../arm-none-eabi/lib/thumb/v7-m/nofp\libc_nano.a(libc_a-mprec.o)
 .rodata.str1.4
                0x08008247       0x13 c:/msys64/mingw64/bin/../lib/gcc/arm-none-eabi/12.2.0/../../../../arm-none-eabi/lib/thumb/v7-m/nofp\libc_nano.a(libc_a-nano-vfprintf.o)
 .rodata.str1.4
                0x08008247       0x12 c:/msys64/mingw64/bin/../lib/gcc/arm-none-eabi/12.2.0/../../../../arm-none-eabi/lib/thumb/v7-m/nofp\libc_nano.a(libc_a-locale.o)
 .rodata.str1.4
                0x08008247       0x43 c:/msys64/mingw64/bin/../lib/gcc/arm-none-eabi/12.2.0/../../../../arm-none-eabi/lib/thumb/v7-m/nofp\libc_nano.a(libc_a-assert.o)
                0x080082c0                        . = ALIGN (0x4)
 *fill*         0x08008247        0x1 

.ARM.extab      0x08008248       0x24
 *(.ARM.extab* .gnu.linkonce.armextab.*)
 .ARM.extab.text.HAL_TIM_PWM_PulseFinishedCallback
                0x08008248        0xc build/app.o
 .ARM.extab.text._ZN9ModbusRTU4sendEv
                0x08008254        0xc build/modbusRTU.o
 .ARM.extab.text._ZN9ModbusRTU7receiveEv
                0x08008260        0xc build/modbusRTU.o

.ARM            0x0800826c       0xe8
                0x0800826c                        __exidx_start = .
 *(.ARM.exidx*)
 .ARM.exidx     0x0800826c        0x8 c:/msys64/mingw64/bin/../lib/gcc/arm-none-eabi/12.2.0/../../../../arm-none-eabi/lib/thumb/v7-m/nofp\libc_nano.a(libc_a-memcpy.o)
 .ARM.exidx.text._Z41__static_initialization_and_destruction_0ii
                0x08008274        0x0 build/app.o
                                  0x8 (size before relaxing)
 .ARM.exidx.text.__io_putchar
                0x08008274        0x8 build/app.o
 .ARM.exidx.text.setup
                0x0800827c        0x8 build/app.o
 .ARM.exidx.text.loop
                0x08008284        0x0 build/app.o
                                  0x8 (size before relaxing)
 .ARM.exidx.text.HAL_TIM_PWM_PulseFinishedCallback
                0x08008284        0x8 build/app.o
 .ARM.exidx.text.HAL_TIM_PeriodElapsedCallback
                0x0800828c        0x8 build/app.o
 .ARM.exidx.text._GLOBAL__sub_I___io_putchar
                0x08008294        0x8 build/app.o
 .ARM.exidx.text._ZN9ModbusRTUC2EP20__UART_HandleTypeDef
                0x0800829c        0x0 build/modbusRTU.o
                                  0x8 (size before relaxing)
 .ARM.exidx.text._ZN9ModbusRTU9appendCRCEPh
                0x0800829c        0x0 build/modbusRTU.o
                                  0x8 (size before relaxing)
 .ARM.exidx.text._ZN9ModbusRTU4sendEv
                0x0800829c        0x8 build/modbusRTU.o
 .ARM.exidx.text._ZN9ModbusRTU7receiveEv
                0x080082a4        0x8 build/modbusRTU.o
 .ARM.exidx.text._ZN9ModbusRTU7requestEhhtt
                0x080082ac        0x8 build/modbusRTU.o
 .ARM.exidx.text._ZN7WS2812BC2EP17TIM_HandleTypeDefmt
                0x080082b4        0x8 build/ws2812b.o
 .ARM.exidx.text._ZN7WS2812B4initEh
                0x080082bc        0x0 build/ws2812b.o
                                  0x8 (size before relaxing)
 .ARM.exidx.text._ZN7WS2812B10extractRedEm
                0x080082bc        0x0 build/ws2812b.o
                                  0x8 (size before relaxing)
 .ARM.exidx.text._ZN7WS2812B12extractGreenEm
                0x080082bc        0x0 build/ws2812b.o
                                  0x8 (size before relaxing)
 .ARM.exidx.text._ZN7WS2812B11extractBlueEm
                0x080082bc        0x0 build/ws2812b.o
                                  0x8 (size before relaxing)
 .ARM.exidx.text._ZN7WS2812B10combineRGBEhhh
                0x080082bc        0x0 build/ws2812b.o
                                  0x8 (size before relaxing)
 .ARM.exidx.text._ZN7WS2812B5toGRBEm
                0x080082bc        0x0 build/ws2812b.o
                                  0x8 (size before relaxing)
 .ARM.exidx.text._ZN7WS2812B10solidColorEmtt
                0x080082bc        0x0 build/ws2812b.o
                                  0x8 (size before relaxing)
 .ARM.exidx.text._ZN7WS2812B12updateBufferEv
                0x080082bc        0x0 build/ws2812b.o
                                  0x8 (size before relaxing)
 .ARM.exidx.text._ZN7WS2812B6renderEv
                0x080082bc        0x8 build/ws2812b.o
 .ARM.exidx.text._ZN7WS2812B10transitionEv
                0x080082c4       0x10 build/ws2812b.o
                                  0x8 (size before relaxing)
 .ARM.exidx.text.selfrel_offset31
                0x080082d4        0x0 c:/msys64/mingw64/bin/../lib/gcc/arm-none-eabi/12.2.0/thumb/v7-m/nofp\libgcc.a(unwind-arm.o)
                                  0x8 (size before relaxing)
 .ARM.exidx.text.search_EIT_table
                0x080082d4        0x0 c:/msys64/mingw64/bin/../lib/gcc/arm-none-eabi/12.2.0/thumb/v7-m/nofp\libgcc.a(unwind-arm.o)
                                  0x8 (size before relaxing)
 .ARM.exidx.text.__gnu_unwind_get_pr_addr
                0x080082d4        0x0 c:/msys64/mingw64/bin/../lib/gcc/arm-none-eabi/12.2.0/thumb/v7-m/nofp\libgcc.a(unwind-arm.o)
                                  0x8 (size before relaxing)
 .ARM.exidx.text.get_eit_entry
                0x080082d4        0x8 c:/msys64/mingw64/bin/../lib/gcc/arm-none-eabi/12.2.0/thumb/v7-m/nofp\libgcc.a(unwind-arm.o)
 .ARM.exidx.text.restore_non_core_regs
                0x080082dc        0x8 c:/msys64/mingw64/bin/../lib/gcc/arm-none-eabi/12.2.0/thumb/v7-m/nofp\libgcc.a(unwind-arm.o)
 .ARM.exidx.text._Unwind_decode_typeinfo_ptr.constprop.0
                0x080082e4        0x8 c:/msys64/mingw64/bin/../lib/gcc/arm-none-eabi/12.2.0/thumb/v7-m/nofp\libgcc.a(unwind-arm.o)
 .ARM.exidx.text._Unwind_DebugHook
                0x080082ec        0x0 c:/msys64/mingw64/bin/../lib/gcc/arm-none-eabi/12.2.0/thumb/v7-m/nofp\libgcc.a(unwind-arm.o)
                                  0x8 (size before relaxing)
 .ARM.exidx.text.unwind_phase2
                0x080082ec        0x8 c:/msys64/mingw64/bin/../lib/gcc/arm-none-eabi/12.2.0/thumb/v7-m/nofp\libgcc.a(unwind-arm.o)
 .ARM.exidx.text.unwind_phase2_forced
                0x080082f4        0x8 c:/msys64/mingw64/bin/../lib/gcc/arm-none-eabi/12.2.0/thumb/v7-m/nofp\libgcc.a(unwind-arm.o)
 .ARM.exidx.text.__gnu_Unwind_RaiseException
                0x080082fc        0x8 c:/msys64/mingw64/bin/../lib/gcc/arm-none-eabi/12.2.0/thumb/v7-m/nofp\libgcc.a(unwind-arm.o)
 .ARM.exidx.text.__gnu_Unwind_ForcedUnwind
                0x08008304        0x8 c:/msys64/mingw64/bin/../lib/gcc/arm-none-eabi/12.2.0/thumb/v7-m/nofp\libgcc.a(unwind-arm.o)
 .ARM.exidx.text.__gnu_Unwind_Resume
                0x0800830c        0x8 c:/msys64/mingw64/bin/../lib/gcc/arm-none-eabi/12.2.0/thumb/v7-m/nofp\libgcc.a(unwind-arm.o)
 .ARM.exidx.text.__gnu_Unwind_Resume_or_Rethrow
                0x08008314        0x8 c:/msys64/mingw64/bin/../lib/gcc/arm-none-eabi/12.2.0/thumb/v7-m/nofp\libgcc.a(unwind-arm.o)
 .ARM.exidx.text._Unwind_VRS_Get
                0x0800831c        0x0 c:/msys64/mingw64/bin/../lib/gcc/arm-none-eabi/12.2.0/thumb/v7-m/nofp\libgcc.a(unwind-arm.o)
                                  0x8 (size before relaxing)
 .ARM.exidx.text._Unwind_GetGR
                0x0800831c        0x0 c:/msys64/mingw64/bin/../lib/gcc/arm-none-eabi/12.2.0/thumb/v7-m/nofp\libgcc.a(unwind-arm.o)
                                  0x8 (size before relaxing)
 .ARM.exidx.text._Unwind_VRS_Set
                0x0800831c        0x0 c:/msys64/mingw64/bin/../lib/gcc/arm-none-eabi/12.2.0/thumb/v7-m/nofp\libgcc.a(unwind-arm.o)
                                  0x8 (size before relaxing)
 .ARM.exidx.text._Unwind_SetGR
                0x0800831c        0x0 c:/msys64/mingw64/bin/../lib/gcc/arm-none-eabi/12.2.0/thumb/v7-m/nofp\libgcc.a(unwind-arm.o)
                                  0x8 (size before relaxing)
 .ARM.exidx.text.__gnu_Unwind_Backtrace
                0x0800831c        0x8 c:/msys64/mingw64/bin/../lib/gcc/arm-none-eabi/12.2.0/thumb/v7-m/nofp\libgcc.a(unwind-arm.o)
 .ARM.exidx.text.__gnu_unwind_pr_common
                0x08008324        0x8 c:/msys64/mingw64/bin/../lib/gcc/arm-none-eabi/12.2.0/thumb/v7-m/nofp\libgcc.a(unwind-arm.o)
 .ARM.exidx.text.__aeabi_unwind_cpp_pr0
                0x0800832c        0x8 c:/msys64/mingw64/bin/../lib/gcc/arm-none-eabi/12.2.0/thumb/v7-m/nofp\libgcc.a(unwind-arm.o)
 .ARM.exidx.text.__aeabi_unwind_cpp_pr1
                0x08008334        0x0 c:/msys64/mingw64/bin/../lib/gcc/arm-none-eabi/12.2.0/thumb/v7-m/nofp\libgcc.a(unwind-arm.o)
                                  0x8 (size before relaxing)
 .ARM.exidx.text.__aeabi_unwind_cpp_pr2
                0x08008334        0x0 c:/msys64/mingw64/bin/../lib/gcc/arm-none-eabi/12.2.0/thumb/v7-m/nofp\libgcc.a(unwind-arm.o)
                                  0x8 (size before relaxing)
 .ARM.exidx.text._Unwind_VRS_Pop
                0x08008334        0x8 c:/msys64/mingw64/bin/../lib/gcc/arm-none-eabi/12.2.0/thumb/v7-m/nofp\libgcc.a(unwind-arm.o)
 .ARM.exidx.text.next_unwind_byte
                0x0800833c        0x8 c:/msys64/mingw64/bin/../lib/gcc/arm-none-eabi/12.2.0/thumb/v7-m/nofp\libgcc.a(pr-support.o)
 .ARM.exidx.text.__gnu_unwind_execute
                0x08008344       0x10 c:/msys64/mingw64/bin/../lib/gcc/arm-none-eabi/12.2.0/thumb/v7-m/nofp\libgcc.a(pr-support.o)
                                  0x8 (size before relaxing)
                0x08008354                        __exidx_end = .

.rel.dyn        0x08008354        0x0
 .rel.iplt      0x08008354        0x0 c:/msys64/mingw64/bin/../lib/gcc/arm-none-eabi/12.2.0/thumb/v7-m/nofp/crtbegin.o

.preinit_array  0x08008354        0x0
                0x08008354                        PROVIDE (__preinit_array_start = .)
 *(.preinit_array*)
                0x08008354                        PROVIDE (__preinit_array_end = .)

.init_array     0x08008354        0x8
                0x08008354                        PROVIDE (__init_array_start = .)
 *(SORT_BY_NAME(.init_array.*))
 *(.init_array*)
 .init_array    0x08008354        0x4 c:/msys64/mingw64/bin/../lib/gcc/arm-none-eabi/12.2.0/thumb/v7-m/nofp/crtbegin.o
 .init_array    0x08008358        0x4 build/app.o
                0x0800835c                        PROVIDE (__init_array_end = .)

.fini_array     0x0800835c        0x4
                0x0800835c                        PROVIDE (__fini_array_start = .)
 *(SORT_BY_NAME(.fini_array.*))
 *(.fini_array*)
 .fini_array    0x0800835c        0x4 c:/msys64/mingw64/bin/../lib/gcc/arm-none-eabi/12.2.0/thumb/v7-m/nofp/crtbegin.o
                0x08008360                        PROVIDE (__fini_array_end = .)
                0x08008360                        _sidata = LOADADDR (.data)

.data           0x20000000      0x1d4 load address 0x08008360
                0x20000000                        . = ALIGN (0x4)
                0x20000000                        _sdata = .
 *(.data)
 .data          0x20000000        0xc c:/msys64/mingw64/bin/../lib/gcc/arm-none-eabi/12.2.0/../../../../arm-none-eabi/lib/thumb/v7-m/nofp\libc_nano.a(libc_a-findfp.o)
                0x20000000                __sglue
 .data          0x2000000c       0x50 c:/msys64/mingw64/bin/../lib/gcc/arm-none-eabi/12.2.0/../../../../arm-none-eabi/lib/thumb/v7-m/nofp\libc_nano.a(libc_a-impure.o)
                0x2000000c                _impure_ptr
                0x20000010                _impure_data
 .data          0x2000005c      0x16c c:/msys64/mingw64/bin/../lib/gcc/arm-none-eabi/12.2.0/../../../../arm-none-eabi/lib/thumb/v7-m/nofp\libc_nano.a(libc_a-locale.o)
                0x2000005c                __global_locale
 *(.data*)
 .data.uwTickFreq
                0x200001c8        0x1 build/stm32f1xx_hal.o
                0x200001c8                uwTickFreq
 *fill*         0x200001c9        0x3 
 .data.uwTickPrio
                0x200001cc        0x4 build/stm32f1xx_hal.o
                0x200001cc                uwTickPrio
 .data.SystemCoreClock
                0x200001d0        0x4 build/system_stm32f1xx.o
                0x200001d0                SystemCoreClock
                0x200001d4                        . = ALIGN (0x4)
                0x200001d4                        _edata = .

.igot.plt       0x200001d4        0x0 load address 0x08008534
 .igot.plt      0x200001d4        0x0 c:/msys64/mingw64/bin/../lib/gcc/arm-none-eabi/12.2.0/thumb/v7-m/nofp/crtbegin.o
                0x200001d4                        . = ALIGN (0x4)

.bss            0x200001d4      0x2ec load address 0x08008534
                0x200001d4                        _sbss = .
                0x200001d4                        __bss_start__ = _sbss
 *(.bss)
 .bss           0x200001d4        0x8 c:/msys64/mingw64/bin/../lib/gcc/arm-none-eabi/12.2.0/../../../../arm-none-eabi/lib/thumb/v7-m/nofp\libc_nano.a(libc_a-mallocr.o)
                0x200001d4                __malloc_sbrk_start
                0x200001d8                __malloc_free_list
 .bss           0x200001dc      0x13c c:/msys64/mingw64/bin/../lib/gcc/arm-none-eabi/12.2.0/../../../../arm-none-eabi/lib/thumb/v7-m/nofp\libc_nano.a(libc_a-findfp.o)
                0x200001dc                __sf
                0x20000314                __stdio_exit_handler
 .bss           0x20000318        0x4 c:/msys64/mingw64/bin/../lib/gcc/arm-none-eabi/12.2.0/../../../../arm-none-eabi/lib/thumb/v7-m/nofp\libc_nano.a(libc_a-reent.o)
                0x20000318                errno
 .bss           0x2000031c       0x1d c:/msys64/mingw64/bin/../lib/gcc/arm-none-eabi/12.2.0/../../../../arm-none-eabi/lib/thumb/v7-m/nofp\libc_nano.a(libc_a-lock.o)
                0x2000031c                __lock___arc4random_mutex
                0x20000320                __lock___dd_hash_mutex
                0x20000324                __lock___tz_mutex
                0x20000328                __lock___env_recursive_mutex
                0x2000032c                __lock___malloc_recursive_mutex
                0x20000330                __lock___at_quick_exit_mutex
                0x20000334                __lock___atexit_recursive_mutex
                0x20000338                __lock___sfp_recursive_mutex
 *(.bss*)
 .bss.completed.1
                0x20000339        0x1 c:/msys64/mingw64/bin/../lib/gcc/arm-none-eabi/12.2.0/thumb/v7-m/nofp/crtbegin.o
 *fill*         0x2000033a        0x2 
 .bss.object.0  0x2000033c       0x18 c:/msys64/mingw64/bin/../lib/gcc/arm-none-eabi/12.2.0/thumb/v7-m/nofp/crtbegin.o
 .bss.huart2    0x20000354       0x48 build/main.o
                0x20000354                huart2
 .bss.huart1    0x2000039c       0x48 build/main.o
                0x2000039c                huart1
 .bss.hdma_tim1_ch1
                0x200003e4       0x44 build/main.o
                0x200003e4                hdma_tim1_ch1
 .bss.htim1     0x20000428       0x48 build/main.o
                0x20000428                htim1
 .bss.uwTick    0x20000470        0x4 build/stm32f1xx_hal.o
                0x20000470                uwTick
 .bss.__sbrk_heap_end
                0x20000474        0x4 build/sysmem.o
 .bss.callbackCounter
                0x20000478        0x2 build/app.o
                0x20000478                callbackCounter
 .bss.valueChanged
                0x2000047a        0x1 build/app.o
                0x2000047a                valueChanged
 *fill*         0x2000047b        0x1 
 .bss.modbusClient
                0x2000047c       0x14 build/app.o
                0x2000047c                modbusClient
 .bss.led       0x20000490       0x30 build/app.o
                0x20000490                led
 *(COMMON)
                0x200004c0                        . = ALIGN (0x4)
                0x200004c0                        _ebss = .
                0x200004c0                        __bss_end__ = _ebss

._user_heap_stack
                0x200004c0      0x600 load address 0x08008534
                0x200004c0                        . = ALIGN (0x8)
                [!provide]                        PROVIDE (end = .)
                0x200004c0                        PROVIDE (_end = .)
                0x200006c0                        . = (. + _Min_Heap_Size)
 *fill*         0x200004c0      0x200 
                0x20000ac0                        . = (. + _Min_Stack_Size)
 *fill*         0x200006c0      0x400 
                0x20000ac0                        . = ALIGN (0x8)

/DISCARD/
 libc.a(*)
 libm.a(*)
 libgcc.a(*)
OUTPUT(build/_firmware.elf elf32-littlearm)
LOAD linker stubs
LOAD c:/msys64/mingw64/bin/../lib/gcc/arm-none-eabi/12.2.0/../../../../arm-none-eabi/lib/thumb/v7-m/nofp\libc.a
LOAD c:/msys64/mingw64/bin/../lib/gcc/arm-none-eabi/12.2.0/../../../../arm-none-eabi/lib/thumb/v7-m/nofp\libm.a
LOAD c:/msys64/mingw64/bin/../lib/gcc/arm-none-eabi/12.2.0/thumb/v7-m/nofp\libgcc.a

.ARM.attributes
                0x00000000       0x29
 .ARM.attributes
                0x00000000       0x1d c:/msys64/mingw64/bin/../lib/gcc/arm-none-eabi/12.2.0/thumb/v7-m/nofp/crti.o
 .ARM.attributes
                0x0000001d       0x2d c:/msys64/mingw64/bin/../lib/gcc/arm-none-eabi/12.2.0/thumb/v7-m/nofp/crtbegin.o
 .ARM.attributes
                0x0000004a       0x2d build/main.o
 .ARM.attributes
                0x00000077       0x2d build/stm32f1xx_it.o
 .ARM.attributes
                0x000000a4       0x2d build/stm32f1xx_hal_msp.o
 .ARM.attributes
                0x000000d1       0x2d build/stm32f1xx_hal.o
 .ARM.attributes
                0x000000fe       0x2d build/stm32f1xx_hal_rcc.o
 .ARM.attributes
                0x0000012b       0x2d build/stm32f1xx_hal_gpio.o
 .ARM.attributes
                0x00000158       0x2d build/stm32f1xx_hal_dma.o
 .ARM.attributes
                0x00000185       0x2d build/stm32f1xx_hal_cortex.o
 .ARM.attributes
                0x000001b2       0x2d build/system_stm32f1xx.o
 .ARM.attributes
                0x000001df       0x2d build/sysmem.o
 .ARM.attributes
                0x0000020c       0x2d build/syscalls.o
 .ARM.attributes
                0x00000239       0x2d build/stm32f1xx_hal_uart.o
 .ARM.attributes
                0x00000266       0x2d build/stm32f1xx_hal_tim.o
 .ARM.attributes
                0x00000293       0x2d build/stm32f1xx_hal_tim_ex.o
 .ARM.attributes
                0x000002c0       0x2d build/app.o
 .ARM.attributes
                0x000002ed       0x2d build/modbusRTU.o
 .ARM.attributes
                0x0000031a       0x2d build/ws2812b.o
 .ARM.attributes
                0x00000347       0x21 build/startup_stm32f103xb.o
 .ARM.attributes
                0x00000368       0x2d c:/msys64/mingw64/bin/../lib/gcc/arm-none-eabi/12.2.0/../../../../arm-none-eabi/lib/thumb/v7-m/nofp\libc_nano.a(libc_a-calloc.o)
 .ARM.attributes
                0x00000395       0x2d c:/msys64/mingw64/bin/../lib/gcc/arm-none-eabi/12.2.0/../../../../arm-none-eabi/lib/thumb/v7-m/nofp\libc_nano.a(libc_a-callocr.o)
 .ARM.attributes
                0x000003c2       0x2d c:/msys64/mingw64/bin/../lib/gcc/arm-none-eabi/12.2.0/../../../../arm-none-eabi/lib/thumb/v7-m/nofp\libc_nano.a(libc_a-malloc.o)
 .ARM.attributes
                0x000003ef       0x2d c:/msys64/mingw64/bin/../lib/gcc/arm-none-eabi/12.2.0/../../../../arm-none-eabi/lib/thumb/v7-m/nofp\libc_nano.a(libc_a-mallocr.o)
 .ARM.attributes
                0x0000041c       0x2d c:/msys64/mingw64/bin/../lib/gcc/arm-none-eabi/12.2.0/../../../../arm-none-eabi/lib/thumb/v7-m/nofp\libc_nano.a(libc_a-mlock.o)
 .ARM.attributes
                0x00000449       0x2d c:/msys64/mingw64/bin/../lib/gcc/arm-none-eabi/12.2.0/../../../../arm-none-eabi/lib/thumb/v7-m/nofp\libc_nano.a(libc_a-nano-vfprintf_float.o)
 .ARM.attributes
                0x00000476       0x2d c:/msys64/mingw64/bin/../lib/gcc/arm-none-eabi/12.2.0/../../../../arm-none-eabi/lib/thumb/v7-m/nofp\libc_nano.a(libc_a-nano-vfprintf_i.o)
 .ARM.attributes
                0x000004a3       0x2d c:/msys64/mingw64/bin/../lib/gcc/arm-none-eabi/12.2.0/../../../../arm-none-eabi/lib/thumb/v7-m/nofp\libc_nano.a(libc_a-findfp.o)
 .ARM.attributes
                0x000004d0       0x2d c:/msys64/mingw64/bin/../lib/gcc/arm-none-eabi/12.2.0/../../../../arm-none-eabi/lib/thumb/v7-m/nofp\libc_nano.a(libc_a-fwalk.o)
 .ARM.attributes
                0x000004fd       0x2d c:/msys64/mingw64/bin/../lib/gcc/arm-none-eabi/12.2.0/../../../../arm-none-eabi/lib/thumb/v7-m/nofp\libc_nano.a(libc_a-printf.o)
 .ARM.attributes
                0x0000052a       0x2d c:/msys64/mingw64/bin/../lib/gcc/arm-none-eabi/12.2.0/../../../../arm-none-eabi/lib/thumb/v7-m/nofp\libc_nano.a(libc_a-putchar.o)
 .ARM.attributes
                0x00000557       0x2d c:/msys64/mingw64/bin/../lib/gcc/arm-none-eabi/12.2.0/../../../../arm-none-eabi/lib/thumb/v7-m/nofp\libc_nano.a(libc_a-stdio.o)
 .ARM.attributes
                0x00000584       0x2d c:/msys64/mingw64/bin/../lib/gcc/arm-none-eabi/12.2.0/../../../../arm-none-eabi/lib/thumb/v7-m/nofp\libc_nano.a(libc_a-memset.o)
 .ARM.attributes
                0x000005b1       0x2d c:/msys64/mingw64/bin/../lib/gcc/arm-none-eabi/12.2.0/../../../../arm-none-eabi/lib/thumb/v7-m/nofp\libc_nano.a(libc_a-localeconv.o)
 .ARM.attributes
                0x000005de       0x2d c:/msys64/mingw64/bin/../lib/gcc/arm-none-eabi/12.2.0/../../../../arm-none-eabi/lib/thumb/v7-m/nofp\libc_nano.a(libc_a-closer.o)
 .ARM.attributes
                0x0000060b       0x2d c:/msys64/mingw64/bin/../lib/gcc/arm-none-eabi/12.2.0/../../../../arm-none-eabi/lib/thumb/v7-m/nofp\libc_nano.a(libc_a-reent.o)
 .ARM.attributes
                0x00000638       0x2d c:/msys64/mingw64/bin/../lib/gcc/arm-none-eabi/12.2.0/../../../../arm-none-eabi/lib/thumb/v7-m/nofp\libc_nano.a(libc_a-impure.o)
 .ARM.attributes
                0x00000665       0x2d c:/msys64/mingw64/bin/../lib/gcc/arm-none-eabi/12.2.0/../../../../arm-none-eabi/lib/thumb/v7-m/nofp\libc_nano.a(libc_a-lseekr.o)
 .ARM.attributes
                0x00000692       0x2d c:/msys64/mingw64/bin/../lib/gcc/arm-none-eabi/12.2.0/../../../../arm-none-eabi/lib/thumb/v7-m/nofp\libc_nano.a(libc_a-readr.o)
 .ARM.attributes
                0x000006bf       0x2d c:/msys64/mingw64/bin/../lib/gcc/arm-none-eabi/12.2.0/../../../../arm-none-eabi/lib/thumb/v7-m/nofp\libc_nano.a(libc_a-sbrkr.o)
 .ARM.attributes
                0x000006ec       0x2d c:/msys64/mingw64/bin/../lib/gcc/arm-none-eabi/12.2.0/../../../../arm-none-eabi/lib/thumb/v7-m/nofp\libc_nano.a(libc_a-writer.o)
 .ARM.attributes
                0x00000719       0x2d c:/msys64/mingw64/bin/../lib/gcc/arm-none-eabi/12.2.0/../../../../arm-none-eabi/lib/thumb/v7-m/nofp\libc_nano.a(libc_a-errno.o)
 .ARM.attributes
                0x00000746       0x2d c:/msys64/mingw64/bin/../lib/gcc/arm-none-eabi/12.2.0/../../../../arm-none-eabi/lib/thumb/v7-m/nofp\libc_nano.a(libc_a-init.o)
 .ARM.attributes
                0x00000773       0x2d c:/msys64/mingw64/bin/../lib/gcc/arm-none-eabi/12.2.0/../../../../arm-none-eabi/lib/thumb/v7-m/nofp\libc_nano.a(libc_a-lock.o)
 .ARM.attributes
                0x000007a0       0x2d c:/msys64/mingw64/bin/../lib/gcc/arm-none-eabi/12.2.0/../../../../arm-none-eabi/lib/thumb/v7-m/nofp\libc_nano.a(libc_a-memchr-stub.o)
 .ARM.attributes
                0x000007cd       0x1b c:/msys64/mingw64/bin/../lib/gcc/arm-none-eabi/12.2.0/../../../../arm-none-eabi/lib/thumb/v7-m/nofp\libc_nano.a(libc_a-memcpy.o)
 .ARM.attributes
                0x000007e8       0x2d c:/msys64/mingw64/bin/../lib/gcc/arm-none-eabi/12.2.0/../../../../arm-none-eabi/lib/thumb/v7-m/nofp\libc_nano.a(libc_a-strlen-stub.o)
 .ARM.attributes
                0x00000815       0x2d c:/msys64/mingw64/bin/../lib/gcc/arm-none-eabi/12.2.0/../../../../arm-none-eabi/lib/thumb/v7-m/nofp\libc_nano.a(libc_a-dtoa.o)
 .ARM.attributes
                0x00000842       0x2d c:/msys64/mingw64/bin/../lib/gcc/arm-none-eabi/12.2.0/../../../../arm-none-eabi/lib/thumb/v7-m/nofp\libc_nano.a(libc_a-freer.o)
 .ARM.attributes
                0x0000086f       0x2d c:/msys64/mingw64/bin/../lib/gcc/arm-none-eabi/12.2.0/../../../../arm-none-eabi/lib/thumb/v7-m/nofp\libc_nano.a(libc_a-mprec.o)
 .ARM.attributes
                0x0000089c       0x2d c:/msys64/mingw64/bin/../lib/gcc/arm-none-eabi/12.2.0/../../../../arm-none-eabi/lib/thumb/v7-m/nofp\libc_nano.a(libc_a-nano-vfprintf.o)
 .ARM.attributes
                0x000008c9       0x2d c:/msys64/mingw64/bin/../lib/gcc/arm-none-eabi/12.2.0/../../../../arm-none-eabi/lib/thumb/v7-m/nofp\libc_nano.a(libc_a-fflush.o)
 .ARM.attributes
                0x000008f6       0x2d c:/msys64/mingw64/bin/../lib/gcc/arm-none-eabi/12.2.0/../../../../arm-none-eabi/lib/thumb/v7-m/nofp\libc_nano.a(libc_a-fvwrite.o)
 .ARM.attributes
                0x00000923       0x2d c:/msys64/mingw64/bin/../lib/gcc/arm-none-eabi/12.2.0/../../../../arm-none-eabi/lib/thumb/v7-m/nofp\libc_nano.a(libc_a-putc.o)
 .ARM.attributes
                0x00000950       0x2d c:/msys64/mingw64/bin/../lib/gcc/arm-none-eabi/12.2.0/../../../../arm-none-eabi/lib/thumb/v7-m/nofp\libc_nano.a(libc_a-wbuf.o)
 .ARM.attributes
                0x0000097d       0x2d c:/msys64/mingw64/bin/../lib/gcc/arm-none-eabi/12.2.0/../../../../arm-none-eabi/lib/thumb/v7-m/nofp\libc_nano.a(libc_a-wsetup.o)
 .ARM.attributes
                0x000009aa       0x2d c:/msys64/mingw64/bin/../lib/gcc/arm-none-eabi/12.2.0/../../../../arm-none-eabi/lib/thumb/v7-m/nofp\libc_nano.a(libc_a-memmove.o)
 .ARM.attributes
                0x000009d7       0x2d c:/msys64/mingw64/bin/../lib/gcc/arm-none-eabi/12.2.0/../../../../arm-none-eabi/lib/thumb/v7-m/nofp\libc_nano.a(libc_a-locale.o)
 .ARM.attributes
                0x00000a04       0x2d c:/msys64/mingw64/bin/../lib/gcc/arm-none-eabi/12.2.0/../../../../arm-none-eabi/lib/thumb/v7-m/nofp\libc_nano.a(libc_a-assert.o)
 .ARM.attributes
                0x00000a31       0x2d c:/msys64/mingw64/bin/../lib/gcc/arm-none-eabi/12.2.0/../../../../arm-none-eabi/lib/thumb/v7-m/nofp\libc_nano.a(libc_a-mbtowc_r.o)
 .ARM.attributes
                0x00000a5e       0x2d c:/msys64/mingw64/bin/../lib/gcc/arm-none-eabi/12.2.0/../../../../arm-none-eabi/lib/thumb/v7-m/nofp\libc_nano.a(libc_a-reallocr.o)
 .ARM.attributes
                0x00000a8b       0x2d c:/msys64/mingw64/bin/../lib/gcc/arm-none-eabi/12.2.0/../../../../arm-none-eabi/lib/thumb/v7-m/nofp\libc_nano.a(libc_a-wctomb_r.o)
 .ARM.attributes
                0x00000ab8       0x2d c:/msys64/mingw64/bin/../lib/gcc/arm-none-eabi/12.2.0/../../../../arm-none-eabi/lib/thumb/v7-m/nofp\libc_nano.a(libc_a-ctype_.o)
 .ARM.attributes
                0x00000ae5       0x2d c:/msys64/mingw64/bin/../lib/gcc/arm-none-eabi/12.2.0/../../../../arm-none-eabi/lib/thumb/v7-m/nofp\libc_nano.a(libc_a-fprintf.o)
 .ARM.attributes
                0x00000b12       0x2d c:/msys64/mingw64/bin/../lib/gcc/arm-none-eabi/12.2.0/../../../../arm-none-eabi/lib/thumb/v7-m/nofp\libc_nano.a(libc_a-makebuf.o)
 .ARM.attributes
                0x00000b3f       0x2d c:/msys64/mingw64/bin/../lib/gcc/arm-none-eabi/12.2.0/../../../../arm-none-eabi/lib/thumb/v7-m/nofp\libc_nano.a(libc_a-fstatr.o)
 .ARM.attributes
                0x00000b6c       0x2d c:/msys64/mingw64/bin/../lib/gcc/arm-none-eabi/12.2.0/../../../../arm-none-eabi/lib/thumb/v7-m/nofp\libc_nano.a(libc_a-isattyr.o)
 .ARM.attributes
                0x00000b99       0x2d c:/msys64/mingw64/bin/../lib/gcc/arm-none-eabi/12.2.0/../../../../arm-none-eabi/lib/thumb/v7-m/nofp\libc_nano.a(libc_a-abort.o)
 .ARM.attributes
                0x00000bc6       0x2d c:/msys64/mingw64/bin/../lib/gcc/arm-none-eabi/12.2.0/../../../../arm-none-eabi/lib/thumb/v7-m/nofp\libc_nano.a(libc_a-msizer.o)
 .ARM.attributes
                0x00000bf3       0x2d c:/msys64/mingw64/bin/../lib/gcc/arm-none-eabi/12.2.0/../../../../arm-none-eabi/lib/thumb/v7-m/nofp\libc_nano.a(libc_a-signal.o)
 .ARM.attributes
                0x00000c20       0x2d c:/msys64/mingw64/bin/../lib/gcc/arm-none-eabi/12.2.0/../../../../arm-none-eabi/lib/thumb/v7-m/nofp\libc_nano.a(libc_a-signalr.o)
 .ARM.attributes
                0x00000c4d       0x1d c:/msys64/mingw64/bin/../lib/gcc/arm-none-eabi/12.2.0/thumb/v7-m/nofp\libgcc.a(_arm_addsubdf3.o)
 .ARM.attributes
                0x00000c6a       0x1d c:/msys64/mingw64/bin/../lib/gcc/arm-none-eabi/12.2.0/thumb/v7-m/nofp\libgcc.a(_arm_muldivdf3.o)
 .ARM.attributes
                0x00000c87       0x1d c:/msys64/mingw64/bin/../lib/gcc/arm-none-eabi/12.2.0/thumb/v7-m/nofp\libgcc.a(_arm_cmpdf2.o)
 .ARM.attributes
                0x00000ca4       0x1d c:/msys64/mingw64/bin/../lib/gcc/arm-none-eabi/12.2.0/thumb/v7-m/nofp\libgcc.a(_arm_unorddf2.o)
 .ARM.attributes
                0x00000cc1       0x1d c:/msys64/mingw64/bin/../lib/gcc/arm-none-eabi/12.2.0/thumb/v7-m/nofp\libgcc.a(_arm_fixdfsi.o)
 .ARM.attributes
                0x00000cde       0x2d c:/msys64/mingw64/bin/../lib/gcc/arm-none-eabi/12.2.0/thumb/v7-m/nofp\libgcc.a(unwind-arm.o)
 .ARM.attributes
                0x00000d0b       0x1d c:/msys64/mingw64/bin/../lib/gcc/arm-none-eabi/12.2.0/thumb/v7-m/nofp\libgcc.a(libunwind.o)
 .ARM.attributes
                0x00000d28       0x2d c:/msys64/mingw64/bin/../lib/gcc/arm-none-eabi/12.2.0/thumb/v7-m/nofp\libgcc.a(pr-support.o)
 .ARM.attributes
                0x00000d55       0x1d c:/msys64/mingw64/bin/../lib/gcc/arm-none-eabi/12.2.0/thumb/v7-m/nofp/crtn.o

.comment        0x00000000       0x24
 .comment       0x00000000       0x24 build/main.o
                                 0x13 (size before relaxing)
 .comment       0x00000024       0x13 build/stm32f1xx_it.o
 .comment       0x00000024       0x13 build/stm32f1xx_hal_msp.o
 .comment       0x00000024       0x13 build/stm32f1xx_hal.o
 .comment       0x00000024       0x13 build/stm32f1xx_hal_rcc.o
 .comment       0x00000024       0x13 build/stm32f1xx_hal_gpio.o
 .comment       0x00000024       0x13 build/stm32f1xx_hal_dma.o
 .comment       0x00000024       0x13 build/stm32f1xx_hal_cortex.o
 .comment       0x00000024       0x13 build/system_stm32f1xx.o
 .comment       0x00000024       0x13 build/sysmem.o
 .comment       0x00000024       0x13 build/syscalls.o
 .comment       0x00000024       0x13 build/stm32f1xx_hal_uart.o
 .comment       0x00000024       0x13 build/stm32f1xx_hal_tim.o
 .comment       0x00000024       0x13 build/stm32f1xx_hal_tim_ex.o
 .comment       0x00000024       0x13 build/app.o
 .comment       0x00000024       0x13 build/modbusRTU.o
 .comment       0x00000024       0x13 build/ws2812b.o
 .comment       0x00000024       0x13 c:/msys64/mingw64/bin/../lib/gcc/arm-none-eabi/12.2.0/../../../../arm-none-eabi/lib/thumb/v7-m/nofp\libc_nano.a(libc_a-calloc.o)
 .comment       0x00000024       0x13 c:/msys64/mingw64/bin/../lib/gcc/arm-none-eabi/12.2.0/../../../../arm-none-eabi/lib/thumb/v7-m/nofp\libc_nano.a(libc_a-callocr.o)
 .comment       0x00000024       0x13 c:/msys64/mingw64/bin/../lib/gcc/arm-none-eabi/12.2.0/../../../../arm-none-eabi/lib/thumb/v7-m/nofp\libc_nano.a(libc_a-malloc.o)
 .comment       0x00000024       0x13 c:/msys64/mingw64/bin/../lib/gcc/arm-none-eabi/12.2.0/../../../../arm-none-eabi/lib/thumb/v7-m/nofp\libc_nano.a(libc_a-mallocr.o)
 .comment       0x00000024       0x13 c:/msys64/mingw64/bin/../lib/gcc/arm-none-eabi/12.2.0/../../../../arm-none-eabi/lib/thumb/v7-m/nofp\libc_nano.a(libc_a-mlock.o)
 .comment       0x00000024       0x13 c:/msys64/mingw64/bin/../lib/gcc/arm-none-eabi/12.2.0/../../../../arm-none-eabi/lib/thumb/v7-m/nofp\libc_nano.a(libc_a-nano-vfprintf_float.o)
 .comment       0x00000024       0x13 c:/msys64/mingw64/bin/../lib/gcc/arm-none-eabi/12.2.0/../../../../arm-none-eabi/lib/thumb/v7-m/nofp\libc_nano.a(libc_a-nano-vfprintf_i.o)
 .comment       0x00000024       0x13 c:/msys64/mingw64/bin/../lib/gcc/arm-none-eabi/12.2.0/../../../../arm-none-eabi/lib/thumb/v7-m/nofp\libc_nano.a(libc_a-findfp.o)
 .comment       0x00000024       0x13 c:/msys64/mingw64/bin/../lib/gcc/arm-none-eabi/12.2.0/../../../../arm-none-eabi/lib/thumb/v7-m/nofp\libc_nano.a(libc_a-fwalk.o)
 .comment       0x00000024       0x13 c:/msys64/mingw64/bin/../lib/gcc/arm-none-eabi/12.2.0/../../../../arm-none-eabi/lib/thumb/v7-m/nofp\libc_nano.a(libc_a-printf.o)
 .comment       0x00000024       0x13 c:/msys64/mingw64/bin/../lib/gcc/arm-none-eabi/12.2.0/../../../../arm-none-eabi/lib/thumb/v7-m/nofp\libc_nano.a(libc_a-putchar.o)
 .comment       0x00000024       0x13 c:/msys64/mingw64/bin/../lib/gcc/arm-none-eabi/12.2.0/../../../../arm-none-eabi/lib/thumb/v7-m/nofp\libc_nano.a(libc_a-stdio.o)
 .comment       0x00000024       0x13 c:/msys64/mingw64/bin/../lib/gcc/arm-none-eabi/12.2.0/../../../../arm-none-eabi/lib/thumb/v7-m/nofp\libc_nano.a(libc_a-memset.o)
 .comment       0x00000024       0x13 c:/msys64/mingw64/bin/../lib/gcc/arm-none-eabi/12.2.0/../../../../arm-none-eabi/lib/thumb/v7-m/nofp\libc_nano.a(libc_a-localeconv.o)
 .comment       0x00000024       0x13 c:/msys64/mingw64/bin/../lib/gcc/arm-none-eabi/12.2.0/../../../../arm-none-eabi/lib/thumb/v7-m/nofp\libc_nano.a(libc_a-closer.o)
 .comment       0x00000024       0x13 c:/msys64/mingw64/bin/../lib/gcc/arm-none-eabi/12.2.0/../../../../arm-none-eabi/lib/thumb/v7-m/nofp\libc_nano.a(libc_a-reent.o)
 .comment       0x00000024       0x13 c:/msys64/mingw64/bin/../lib/gcc/arm-none-eabi/12.2.0/../../../../arm-none-eabi/lib/thumb/v7-m/nofp\libc_nano.a(libc_a-impure.o)
 .comment       0x00000024       0x13 c:/msys64/mingw64/bin/../lib/gcc/arm-none-eabi/12.2.0/../../../../arm-none-eabi/lib/thumb/v7-m/nofp\libc_nano.a(libc_a-lseekr.o)
 .comment       0x00000024       0x13 c:/msys64/mingw64/bin/../lib/gcc/arm-none-eabi/12.2.0/../../../../arm-none-eabi/lib/thumb/v7-m/nofp\libc_nano.a(libc_a-readr.o)
 .comment       0x00000024       0x13 c:/msys64/mingw64/bin/../lib/gcc/arm-none-eabi/12.2.0/../../../../arm-none-eabi/lib/thumb/v7-m/nofp\libc_nano.a(libc_a-sbrkr.o)
 .comment       0x00000024       0x13 c:/msys64/mingw64/bin/../lib/gcc/arm-none-eabi/12.2.0/../../../../arm-none-eabi/lib/thumb/v7-m/nofp\libc_nano.a(libc_a-writer.o)
 .comment       0x00000024       0x13 c:/msys64/mingw64/bin/../lib/gcc/arm-none-eabi/12.2.0/../../../../arm-none-eabi/lib/thumb/v7-m/nofp\libc_nano.a(libc_a-errno.o)
 .comment       0x00000024       0x13 c:/msys64/mingw64/bin/../lib/gcc/arm-none-eabi/12.2.0/../../../../arm-none-eabi/lib/thumb/v7-m/nofp\libc_nano.a(libc_a-init.o)
 .comment       0x00000024       0x13 c:/msys64/mingw64/bin/../lib/gcc/arm-none-eabi/12.2.0/../../../../arm-none-eabi/lib/thumb/v7-m/nofp\libc_nano.a(libc_a-lock.o)
 .comment       0x00000024       0x13 c:/msys64/mingw64/bin/../lib/gcc/arm-none-eabi/12.2.0/../../../../arm-none-eabi/lib/thumb/v7-m/nofp\libc_nano.a(libc_a-memchr-stub.o)
 .comment       0x00000024       0x13 c:/msys64/mingw64/bin/../lib/gcc/arm-none-eabi/12.2.0/../../../../arm-none-eabi/lib/thumb/v7-m/nofp\libc_nano.a(libc_a-strlen-stub.o)
 .comment       0x00000024       0x13 c:/msys64/mingw64/bin/../lib/gcc/arm-none-eabi/12.2.0/../../../../arm-none-eabi/lib/thumb/v7-m/nofp\libc_nano.a(libc_a-dtoa.o)
 .comment       0x00000024       0x13 c:/msys64/mingw64/bin/../lib/gcc/arm-none-eabi/12.2.0/../../../../arm-none-eabi/lib/thumb/v7-m/nofp\libc_nano.a(libc_a-freer.o)
 .comment       0x00000024       0x13 c:/msys64/mingw64/bin/../lib/gcc/arm-none-eabi/12.2.0/../../../../arm-none-eabi/lib/thumb/v7-m/nofp\libc_nano.a(libc_a-mprec.o)
 .comment       0x00000024       0x13 c:/msys64/mingw64/bin/../lib/gcc/arm-none-eabi/12.2.0/../../../../arm-none-eabi/lib/thumb/v7-m/nofp\libc_nano.a(libc_a-nano-vfprintf.o)
 .comment       0x00000024       0x13 c:/msys64/mingw64/bin/../lib/gcc/arm-none-eabi/12.2.0/../../../../arm-none-eabi/lib/thumb/v7-m/nofp\libc_nano.a(libc_a-fflush.o)
 .comment       0x00000024       0x13 c:/msys64/mingw64/bin/../lib/gcc/arm-none-eabi/12.2.0/../../../../arm-none-eabi/lib/thumb/v7-m/nofp\libc_nano.a(libc_a-fvwrite.o)
 .comment       0x00000024       0x13 c:/msys64/mingw64/bin/../lib/gcc/arm-none-eabi/12.2.0/../../../../arm-none-eabi/lib/thumb/v7-m/nofp\libc_nano.a(libc_a-putc.o)
 .comment       0x00000024       0x13 c:/msys64/mingw64/bin/../lib/gcc/arm-none-eabi/12.2.0/../../../../arm-none-eabi/lib/thumb/v7-m/nofp\libc_nano.a(libc_a-wbuf.o)
 .comment       0x00000024       0x13 c:/msys64/mingw64/bin/../lib/gcc/arm-none-eabi/12.2.0/../../../../arm-none-eabi/lib/thumb/v7-m/nofp\libc_nano.a(libc_a-wsetup.o)
 .comment       0x00000024       0x13 c:/msys64/mingw64/bin/../lib/gcc/arm-none-eabi/12.2.0/../../../../arm-none-eabi/lib/thumb/v7-m/nofp\libc_nano.a(libc_a-memmove.o)
 .comment       0x00000024       0x13 c:/msys64/mingw64/bin/../lib/gcc/arm-none-eabi/12.2.0/../../../../arm-none-eabi/lib/thumb/v7-m/nofp\libc_nano.a(libc_a-locale.o)
 .comment       0x00000024       0x13 c:/msys64/mingw64/bin/../lib/gcc/arm-none-eabi/12.2.0/../../../../arm-none-eabi/lib/thumb/v7-m/nofp\libc_nano.a(libc_a-assert.o)
 .comment       0x00000024       0x13 c:/msys64/mingw64/bin/../lib/gcc/arm-none-eabi/12.2.0/../../../../arm-none-eabi/lib/thumb/v7-m/nofp\libc_nano.a(libc_a-mbtowc_r.o)
 .comment       0x00000024       0x13 c:/msys64/mingw64/bin/../lib/gcc/arm-none-eabi/12.2.0/../../../../arm-none-eabi/lib/thumb/v7-m/nofp\libc_nano.a(libc_a-reallocr.o)
 .comment       0x00000024       0x13 c:/msys64/mingw64/bin/../lib/gcc/arm-none-eabi/12.2.0/../../../../arm-none-eabi/lib/thumb/v7-m/nofp\libc_nano.a(libc_a-wctomb_r.o)
 .comment       0x00000024       0x13 c:/msys64/mingw64/bin/../lib/gcc/arm-none-eabi/12.2.0/../../../../arm-none-eabi/lib/thumb/v7-m/nofp\libc_nano.a(libc_a-ctype_.o)
 .comment       0x00000024       0x13 c:/msys64/mingw64/bin/../lib/gcc/arm-none-eabi/12.2.0/../../../../arm-none-eabi/lib/thumb/v7-m/nofp\libc_nano.a(libc_a-fprintf.o)
 .comment       0x00000024       0x13 c:/msys64/mingw64/bin/../lib/gcc/arm-none-eabi/12.2.0/../../../../arm-none-eabi/lib/thumb/v7-m/nofp\libc_nano.a(libc_a-makebuf.o)
 .comment       0x00000024       0x13 c:/msys64/mingw64/bin/../lib/gcc/arm-none-eabi/12.2.0/../../../../arm-none-eabi/lib/thumb/v7-m/nofp\libc_nano.a(libc_a-fstatr.o)
 .comment       0x00000024       0x13 c:/msys64/mingw64/bin/../lib/gcc/arm-none-eabi/12.2.0/../../../../arm-none-eabi/lib/thumb/v7-m/nofp\libc_nano.a(libc_a-isattyr.o)
 .comment       0x00000024       0x13 c:/msys64/mingw64/bin/../lib/gcc/arm-none-eabi/12.2.0/../../../../arm-none-eabi/lib/thumb/v7-m/nofp\libc_nano.a(libc_a-abort.o)
 .comment       0x00000024       0x13 c:/msys64/mingw64/bin/../lib/gcc/arm-none-eabi/12.2.0/../../../../arm-none-eabi/lib/thumb/v7-m/nofp\libc_nano.a(libc_a-msizer.o)
 .comment       0x00000024       0x13 c:/msys64/mingw64/bin/../lib/gcc/arm-none-eabi/12.2.0/../../../../arm-none-eabi/lib/thumb/v7-m/nofp\libc_nano.a(libc_a-signal.o)
 .comment       0x00000024       0x13 c:/msys64/mingw64/bin/../lib/gcc/arm-none-eabi/12.2.0/../../../../arm-none-eabi/lib/thumb/v7-m/nofp\libc_nano.a(libc_a-signalr.o)
 .comment       0x00000024       0x13 c:/msys64/mingw64/bin/../lib/gcc/arm-none-eabi/12.2.0/thumb/v7-m/nofp\libgcc.a(unwind-arm.o)
 .comment       0x00000024       0x13 c:/msys64/mingw64/bin/../lib/gcc/arm-none-eabi/12.2.0/thumb/v7-m/nofp\libgcc.a(pr-support.o)

.debug_info     0x00000000    0x33b43
 .debug_info    0x00000000     0x1616 build/main.o
 .debug_info    0x00001616      0x801 build/stm32f1xx_it.o
 .debug_info    0x00001e17     0x1107 build/stm32f1xx_hal_msp.o
 .debug_info    0x00002f1e      0x880 build/stm32f1xx_hal.o
 .debug_info    0x0000379e      0xb10 build/stm32f1xx_hal_rcc.o
 .debug_info    0x000042ae      0x6d7 build/stm32f1xx_hal_gpio.o
 .debug_info    0x00004985      0x8bd build/stm32f1xx_hal_dma.o
 .debug_info    0x00005242      0xe13 build/stm32f1xx_hal_cortex.o
 .debug_info    0x00006055      0x26e build/system_stm32f1xx.o
 .debug_info    0x000062c3      0x18c build/sysmem.o
 .debug_info    0x0000644f      0x842 build/syscalls.o
 .debug_info    0x00006c91     0x42de build/stm32f1xx_hal_uart.o
 .debug_info    0x0000af6f     0x40d3 build/stm32f1xx_hal_tim.o
 .debug_info    0x0000f042     0x1d2b build/stm32f1xx_hal_tim_ex.o
 .debug_info    0x00010d6d     0x1529 build/app.o
 .debug_info    0x00012296     0x120c build/modbusRTU.o
 .debug_info    0x000134a2     0x1ca5 build/ws2812b.o
 .debug_info    0x00015147       0x30 build/startup_stm32f103xb.o
 .debug_info    0x00015177      0x762 c:/msys64/mingw64/bin/../lib/gcc/arm-none-eabi/12.2.0/../../../../arm-none-eabi/lib/thumb/v7-m/nofp\libc_nano.a(libc_a-calloc.o)
 .debug_info    0x000158d9      0x7cd c:/msys64/mingw64/bin/../lib/gcc/arm-none-eabi/12.2.0/../../../../arm-none-eabi/lib/thumb/v7-m/nofp\libc_nano.a(libc_a-callocr.o)
 .debug_info    0x000160a6      0x794 c:/msys64/mingw64/bin/../lib/gcc/arm-none-eabi/12.2.0/../../../../arm-none-eabi/lib/thumb/v7-m/nofp\libc_nano.a(libc_a-malloc.o)
 .debug_info    0x0001683a      0x9c1 c:/msys64/mingw64/bin/../lib/gcc/arm-none-eabi/12.2.0/../../../../arm-none-eabi/lib/thumb/v7-m/nofp\libc_nano.a(libc_a-mallocr.o)
 .debug_info    0x000171fb      0x76b c:/msys64/mingw64/bin/../lib/gcc/arm-none-eabi/12.2.0/../../../../arm-none-eabi/lib/thumb/v7-m/nofp\libc_nano.a(libc_a-mlock.o)
 .debug_info    0x00017966     0x140a c:/msys64/mingw64/bin/../lib/gcc/arm-none-eabi/12.2.0/../../../../arm-none-eabi/lib/thumb/v7-m/nofp\libc_nano.a(libc_a-nano-vfprintf_float.o)
 .debug_info    0x00018d70      0xde1 c:/msys64/mingw64/bin/../lib/gcc/arm-none-eabi/12.2.0/../../../../arm-none-eabi/lib/thumb/v7-m/nofp\libc_nano.a(libc_a-nano-vfprintf_i.o)
 .debug_info    0x00019b51     0x10be c:/msys64/mingw64/bin/../lib/gcc/arm-none-eabi/12.2.0/../../../../arm-none-eabi/lib/thumb/v7-m/nofp\libc_nano.a(libc_a-findfp.o)
 .debug_info    0x0001ac0f      0x7d2 c:/msys64/mingw64/bin/../lib/gcc/arm-none-eabi/12.2.0/../../../../arm-none-eabi/lib/thumb/v7-m/nofp\libc_nano.a(libc_a-fwalk.o)
 .debug_info    0x0001b3e1      0x83b c:/msys64/mingw64/bin/../lib/gcc/arm-none-eabi/12.2.0/../../../../arm-none-eabi/lib/thumb/v7-m/nofp\libc_nano.a(libc_a-printf.o)
 .debug_info    0x0001bc1c      0x7b7 c:/msys64/mingw64/bin/../lib/gcc/arm-none-eabi/12.2.0/../../../../arm-none-eabi/lib/thumb/v7-m/nofp\libc_nano.a(libc_a-putchar.o)
 .debug_info    0x0001c3d3      0xa4e c:/msys64/mingw64/bin/../lib/gcc/arm-none-eabi/12.2.0/../../../../arm-none-eabi/lib/thumb/v7-m/nofp\libc_nano.a(libc_a-stdio.o)
 .debug_info    0x0001ce21      0x135 c:/msys64/mingw64/bin/../lib/gcc/arm-none-eabi/12.2.0/../../../../arm-none-eabi/lib/thumb/v7-m/nofp\libc_nano.a(libc_a-memset.o)
 .debug_info    0x0001cf56      0xa18 c:/msys64/mingw64/bin/../lib/gcc/arm-none-eabi/12.2.0/../../../../arm-none-eabi/lib/thumb/v7-m/nofp\libc_nano.a(libc_a-localeconv.o)
 .debug_info    0x0001d96e      0x756 c:/msys64/mingw64/bin/../lib/gcc/arm-none-eabi/12.2.0/../../../../arm-none-eabi/lib/thumb/v7-m/nofp\libc_nano.a(libc_a-closer.o)
 .debug_info    0x0001e0c4      0x8a3 c:/msys64/mingw64/bin/../lib/gcc/arm-none-eabi/12.2.0/../../../../arm-none-eabi/lib/thumb/v7-m/nofp\libc_nano.a(libc_a-reent.o)
 .debug_info    0x0001e967      0x715 c:/msys64/mingw64/bin/../lib/gcc/arm-none-eabi/12.2.0/../../../../arm-none-eabi/lib/thumb/v7-m/nofp\libc_nano.a(libc_a-impure.o)
 .debug_info    0x0001f07c      0x796 c:/msys64/mingw64/bin/../lib/gcc/arm-none-eabi/12.2.0/../../../../arm-none-eabi/lib/thumb/v7-m/nofp\libc_nano.a(libc_a-lseekr.o)
 .debug_info    0x0001f812      0x7ad c:/msys64/mingw64/bin/../lib/gcc/arm-none-eabi/12.2.0/../../../../arm-none-eabi/lib/thumb/v7-m/nofp\libc_nano.a(libc_a-readr.o)
 .debug_info    0x0001ffbf      0x77c c:/msys64/mingw64/bin/../lib/gcc/arm-none-eabi/12.2.0/../../../../arm-none-eabi/lib/thumb/v7-m/nofp\libc_nano.a(libc_a-sbrkr.o)
 .debug_info    0x0002073b      0x7b3 c:/msys64/mingw64/bin/../lib/gcc/arm-none-eabi/12.2.0/../../../../arm-none-eabi/lib/thumb/v7-m/nofp\libc_nano.a(libc_a-writer.o)
 .debug_info    0x00020eee      0x6fb c:/msys64/mingw64/bin/../lib/gcc/arm-none-eabi/12.2.0/../../../../arm-none-eabi/lib/thumb/v7-m/nofp\libc_nano.a(libc_a-errno.o)
 .debug_info    0x000215e9      0x10b c:/msys64/mingw64/bin/../lib/gcc/arm-none-eabi/12.2.0/../../../../arm-none-eabi/lib/thumb/v7-m/nofp\libc_nano.a(libc_a-init.o)
 .debug_info    0x000216f4      0x20a c:/msys64/mingw64/bin/../lib/gcc/arm-none-eabi/12.2.0/../../../../arm-none-eabi/lib/thumb/v7-m/nofp\libc_nano.a(libc_a-lock.o)
 .debug_info    0x000218fe      0x14a c:/msys64/mingw64/bin/../lib/gcc/arm-none-eabi/12.2.0/../../../../arm-none-eabi/lib/thumb/v7-m/nofp\libc_nano.a(libc_a-memchr-stub.o)
 .debug_info    0x00021a48       0x33 c:/msys64/mingw64/bin/../lib/gcc/arm-none-eabi/12.2.0/../../../../arm-none-eabi/lib/thumb/v7-m/nofp\libc_nano.a(libc_a-memcpy.o)
 .debug_info    0x00021a7b       0xbd c:/msys64/mingw64/bin/../lib/gcc/arm-none-eabi/12.2.0/../../../../arm-none-eabi/lib/thumb/v7-m/nofp\libc_nano.a(libc_a-strlen-stub.o)
 .debug_info    0x00021b38     0x194b c:/msys64/mingw64/bin/../lib/gcc/arm-none-eabi/12.2.0/../../../../arm-none-eabi/lib/thumb/v7-m/nofp\libc_nano.a(libc_a-dtoa.o)
 .debug_info    0x00023483      0x877 c:/msys64/mingw64/bin/../lib/gcc/arm-none-eabi/12.2.0/../../../../arm-none-eabi/lib/thumb/v7-m/nofp\libc_nano.a(libc_a-freer.o)
 .debug_info    0x00023cfa     0x1efc c:/msys64/mingw64/bin/../lib/gcc/arm-none-eabi/12.2.0/../../../../arm-none-eabi/lib/thumb/v7-m/nofp\libc_nano.a(libc_a-mprec.o)
 .debug_info    0x00025bf6     0x10cb c:/msys64/mingw64/bin/../lib/gcc/arm-none-eabi/12.2.0/../../../../arm-none-eabi/lib/thumb/v7-m/nofp\libc_nano.a(libc_a-nano-vfprintf.o)