Archive member included to satisfy reference by file (symbol)

C:/msys64/mingw64/bin/../lib/gcc/arm-none-eabi/13.3.0/../../../../arm-none-eabi/lib/thumb/v7-m/nofp\libc_nano.a(libc_a-atexit.o)
                              C:/msys64/mingw64/bin/../lib/gcc/arm-none-eabi/13.3.0/../../../../arm-none-eabi/lib/thumb/v7-m/nofp/crt0.o (atexit)
C:/msys64/mingw64/bin/../lib/gcc/arm-none-eabi/13.3.0/../../../../arm-none-eabi/lib/thumb/v7-m/nofp\libc_nano.a(libc_a-calloc.o)
                              build/ws2812b.o (calloc)
C:/msys64/mingw64/bin/../lib/gcc/arm-none-eabi/13.3.0/../../../../arm-none-eabi/lib/thumb/v7-m/nofp\libc_nano.a(libc_a-callocr.o)
                              C:/msys64/mingw64/bin/../lib/gcc/arm-none-eabi/13.3.0/../../../../arm-none-eabi/lib/thumb/v7-m/nofp\libc_nano.a(libc_a-calloc.o) (_calloc_r)
C:/msys64/mingw64/bin/../lib/gcc/arm-none-eabi/13.3.0/../../../../arm-none-eabi/lib/thumb/v7-m/nofp\libc_nano.a(libc_a-exit.o)
                              C:/msys64/mingw64/bin/../lib/gcc/arm-none-eabi/13.3.0/../../../../arm-none-eabi/lib/thumb/v7-m/nofp/crt0.o (exit)
C:/msys64/mingw64/bin/../lib/gcc/arm-none-eabi/13.3.0/../../../../arm-none-eabi/lib/thumb/v7-m/nofp\libc_nano.a(libc_a-malloc.o)
                              build/ws2812b.o (free)
C:/msys64/mingw64/bin/../lib/gcc/arm-none-eabi/13.3.0/../../../../arm-none-eabi/lib/thumb/v7-m/nofp\libc_nano.a(libc_a-mallocr.o)
                              C:/msys64/mingw64/bin/../lib/gcc/arm-none-eabi/13.3.0/../../../../arm-none-eabi/lib/thumb/v7-m/nofp\libc_nano.a(libc_a-callocr.o) (_malloc_r)
C:/msys64/mingw64/bin/../lib/gcc/arm-none-eabi/13.3.0/../../../../arm-none-eabi/lib/thumb/v7-m/nofp\libc_nano.a(libc_a-mlock.o)
                              C:/msys64/mingw64/bin/../lib/gcc/arm-none-eabi/13.3.0/../../../../arm-none-eabi/lib/thumb/v7-m/nofp\libc_nano.a(libc_a-mallocr.o) (__malloc_lock)
C:/msys64/mingw64/bin/../lib/gcc/arm-none-eabi/13.3.0/../../../../arm-none-eabi/lib/thumb/v7-m/nofp\libc_nano.a(libc_a-nano-vfprintf_float.o)
                              (_printf_float)
C:/msys64/mingw64/bin/../lib/gcc/arm-none-eabi/13.3.0/../../../../arm-none-eabi/lib/thumb/v7-m/nofp\libc_nano.a(libc_a-nano-vfprintf_i.o)
                              C:/msys64/mingw64/bin/../lib/gcc/arm-none-eabi/13.3.0/../../../../arm-none-eabi/lib/thumb/v7-m/nofp\libc_nano.a(libc_a-nano-vfprintf_float.o) (_printf_common)
C:/msys64/mingw64/bin/../lib/gcc/arm-none-eabi/13.3.0/../../../../arm-none-eabi/lib/thumb/v7-m/nofp\libc_nano.a(libc_a-findfp.o)
                              C:/msys64/mingw64/bin/../lib/gcc/arm-none-eabi/13.3.0/../../../../arm-none-eabi/lib/thumb/v7-m/nofp\libc_nano.a(libc_a-exit.o) (__stdio_exit_handler)
C:/msys64/mingw64/bin/../lib/gcc/arm-none-eabi/13.3.0/../../../../arm-none-eabi/lib/thumb/v7-m/nofp\libc_nano.a(libc_a-fwalk.o)
                              C:/msys64/mingw64/bin/../lib/gcc/arm-none-eabi/13.3.0/../../../../arm-none-eabi/lib/thumb/v7-m/nofp\libc_nano.a(libc_a-findfp.o) (_fwalk_sglue)
C:/msys64/mingw64/bin/../lib/gcc/arm-none-eabi/13.3.0/../../../../arm-none-eabi/lib/thumb/v7-m/nofp\libc_nano.a(libc_a-printf.o)
                              build/app.o (printf)
C:/msys64/mingw64/bin/../lib/gcc/arm-none-eabi/13.3.0/../../../../arm-none-eabi/lib/thumb/v7-m/nofp\libc_nano.a(libc_a-stdio.o)
                              C:/msys64/mingw64/bin/../lib/gcc/arm-none-eabi/13.3.0/../../../../arm-none-eabi/lib/thumb/v7-m/nofp\libc_nano.a(libc_a-findfp.o) (__sread)
C:/msys64/mingw64/bin/../lib/gcc/arm-none-eabi/13.3.0/../../../../arm-none-eabi/lib/thumb/v7-m/nofp\libc_nano.a(libc_a-memset.o)
                              C:/msys64/mingw64/bin/../lib/gcc/arm-none-eabi/13.3.0/../../../../arm-none-eabi/lib/thumb/v7-m/nofp/crt0.o (memset)
C:/msys64/mingw64/bin/../lib/gcc/arm-none-eabi/13.3.0/../../../../arm-none-eabi/lib/thumb/v7-m/nofp\libc_nano.a(libc_a-localeconv.o)
                              C:/msys64/mingw64/bin/../lib/gcc/arm-none-eabi/13.3.0/../../../../arm-none-eabi/lib/thumb/v7-m/nofp\libc_nano.a(libc_a-nano-vfprintf_float.o) (_localeconv_r)
C:/msys64/mingw64/bin/../lib/gcc/arm-none-eabi/13.3.0/../../../../arm-none-eabi/lib/thumb/v7-m/nofp\libc_nano.a(libc_a-closer.o)
                              C:/msys64/mingw64/bin/../lib/gcc/arm-none-eabi/13.3.0/../../../../arm-none-eabi/lib/thumb/v7-m/nofp\libc_nano.a(libc_a-stdio.o) (_close_r)
C:/msys64/mingw64/bin/../lib/gcc/arm-none-eabi/13.3.0/../../../../arm-none-eabi/lib/thumb/v7-m/nofp\libc_nano.a(libc_a-reent.o)
                              C:/msys64/mingw64/bin/../lib/gcc/arm-none-eabi/13.3.0/../../../../arm-none-eabi/lib/thumb/v7-m/nofp\libc_nano.a(libc_a-closer.o) (errno)
C:/msys64/mingw64/bin/../lib/gcc/arm-none-eabi/13.3.0/../../../../arm-none-eabi/lib/thumb/v7-m/nofp\libc_nano.a(libc_a-impure.o)
                              C:/msys64/mingw64/bin/../lib/gcc/arm-none-eabi/13.3.0/../../../../arm-none-eabi/lib/thumb/v7-m/nofp\libc_nano.a(libc_a-calloc.o) (_impure_ptr)
[...]
Memory Configuration

Name             Origin             Length             Attributes
RAM              0x20000000         0x00005000         xrw
FLASH            0x08000000         0x00010000         xr
*default*        0x00000000         0xffffffff

Linker script and memory map

LOAD C:/msys64/mingw64/bin/../lib/gcc/arm-none-eabi/13.3.0/thumb/v7-m/nofp/crti.o
LOAD C:/msys64/mingw64/bin/../lib/gcc/arm-none-eabi/13.3.0/thumb/v7-m/nofp/crtbegin.o
LOAD C:/msys64/mingw64/bin/../lib/gcc/arm-none-eabi/13.3.0/../../../../arm-none-eabi/lib/thumb/v7-m/nofp/crt0.o
LOAD build/main.o
LOAD build/stm32f1xx_it.o
LOAD build/stm32f1xx_hal_msp.o
LOAD build/stm32f1xx_hal_gpio_ex.o
LOAD build/stm32f1xx_hal.o
LOAD build/stm32f1xx_hal_rcc.o
LOAD build/stm32f1xx_hal_rcc_ex.o
LOAD build/stm32f1xx_hal_gpio.o
LOAD build/stm32f1xx_hal_dma.o
LOAD build/stm32f1xx_hal_cortex.o
LOAD build/stm32f1xx_hal_pwr.o
LOAD build/stm32f1xx_hal_flash.o
LOAD build/stm32f1xx_hal_flash_ex.o
LOAD build/stm32f1xx_hal_exti.o
LOAD build/system_stm32f1xx.o
LOAD build/sysmem.o
LOAD build/syscalls.o
LOAD build/stm32f1xx_hal_uart.o
LOAD build/stm32f1xx_hal_tim.o
LOAD build/stm32f1xx_hal_tim_ex.o
LOAD build/app.o
LOAD build/modbusRTU.o
LOAD build/ws2812b.o
LOAD build/startup_stm32f103xb.o
LOAD C:/msys64/mingw64/bin/../lib/gcc/arm-none-eabi/13.3.0/../../../../arm-none-eabi/lib/thumb/v7-m/nofp\libnosys.a
LOAD C:/msys64/mingw64/bin/../lib/gcc/arm-none-eabi/13.3.0/../../../../arm-none-eabi/lib/thumb/v7-m/nofp\librdimon_nano.a
LOAD C:/msys64/mingw64/bin/../lib/gcc/arm-none-eabi/13.3.0/../../../../arm-none-eabi/lib/thumb/v7-m/nofp\libstdc++_nano.a
LOAD C:/msys64/mingw64/bin/../lib/gcc/arm-none-eabi/13.3.0/../../../../arm-none-eabi/lib/thumb/v7-m/nofp\libm.a
LOAD C:/msys64/mingw64/bin/../lib/gcc/arm-none-eabi/13.3.0/../../../../arm-none-eabi/lib/thumb/v7-m/nofp\libc_nano.a
START GROUP
LOAD C:/msys64/mingw64/bin/../lib/gcc/arm-none-eabi/13.3.0/thumb/v7-m/nofp\libgcc.a
LOAD C:/msys64/mingw64/bin/../lib/gcc/arm-none-eabi/13.3.0/../../../../arm-none-eabi/lib/thumb/v7-m/nofp\libc_nano.a
END GROUP
START GROUP
LOAD C:/msys64/mingw64/bin/../lib/gcc/arm-none-eabi/13.3.0/thumb/v7-m/nofp\libgcc.a
LOAD C:/msys64/mingw64/bin/../lib/gcc/arm-none-eabi/13.3.0/../../../../arm-none-eabi/lib/thumb/v7-m/nofp\libc_nano.a
END GROUP
LOAD C:/msys64/mingw64/bin/../lib/gcc/arm-none-eabi/13.3.0/thumb/v7-m/nofp/crtend.o
LOAD C:/msys64/mingw64/bin/../lib/gcc/arm-none-eabi/13.3.0/thumb/v7-m/nofp/crtn.o
                0x20005000                        _estack = (ORIGIN (RAM) + LENGTH (RAM))
                0x00000200                        _Min_Heap_Size = 0x200
                0x00000400                        _Min_Stack_Size = 0x400

.isr_vector     0x08000000      0x10c
                0x08000000                        . = ALIGN (0x4)
 *(.isr_vector)
 .isr_vector    0x08000000      0x10c build/startup_stm32f103xb.o
                0x08000000                g_pfnVectors
                0x0800010c                        . = ALIGN (0x4)

.text           0x08000110     0x8888
                0x08000110                        . = ALIGN (0x4)
 *(.text)
 .text          0x08000110       0x14 C:/msys64/mingw64/bin/../lib/gcc/arm-none-eabi/13.3.0/../../../../arm-none-eabi/lib/thumb/v7-m/nofp\libc_nano.a(libc_a-calloc.o)
                0x08000110                calloc
 .text          0x08000124       0x28 C:/msys64/mingw64/bin/../lib/gcc/arm-none-eabi/13.3.0/../../../../arm-none-eabi/lib/thumb/v7-m/nofp\libc_nano.a(libc_a-callocr.o)
                0x08000124                _calloc_r
 .text          0x0800014c       0x20 C:/msys64/mingw64/bin/../lib/gcc/arm-none-eabi/13.3.0/../../../../arm-none-eabi/lib/thumb/v7-m/nofp\libc_nano.a(libc_a-malloc.o)
                0x0800014c                malloc
                0x0800015c                free
 .text          0x0800016c      0x144 C:/msys64/mingw64/bin/../lib/gcc/arm-none-eabi/13.3.0/../../../../arm-none-eabi/lib/thumb/v7-m/nofp\libc_nano.a(libc_a-mallocr.o)
                0x080001b8                _malloc_r
 .text          0x080002b0       0x18 C:/msys64/mingw64/bin/../lib/gcc/arm-none-eabi/13.3.0/../../../../arm-none-eabi/lib/thumb/v7-m/nofp\libc_nano.a(libc_a-mlock.o)
                0x080002b0                __malloc_lock
                0x080002bc                __malloc_unlock
 .text          0x080002c8      0x744 C:/msys64/mingw64/bin/../lib/gcc/arm-none-eabi/13.3.0/../../../../arm-none-eabi/lib/thumb/v7-m/nofp\libc_nano.a(libc_a-nano-vfprintf_float.o)
                0x080002c8                __cvt
                0x080003c0                __exponent
                0x08000448                _printf_float
 .text          0x08000a0c      0x3a4 C:/msys64/mingw64/bin/../lib/gcc/arm-none-eabi/13.3.0/../../../../arm-none-eabi/lib/thumb/v7-m/nofp\libc_nano.a(libc_a-nano-vfprintf_i.o)
                0x08000a0c                _printf_common
                0x08000b30                _printf_i
 .text          0x08000db0      0x2dc C:/msys64/mingw64/bin/../lib/gcc/arm-none-eabi/13.3.0/../../../../arm-none-eabi/lib/thumb/v7-m/nofp\libc_nano.a(libc_a-findfp.o)
                0x08000f2c                __sfp
                0x08000fec                __sinit
                0x0800102c                __sfp_lock_acquire
                0x08001038                __sfp_lock_release
                0x08001044                __fp_lock_all
                0x08001068                __fp_unlock_all
 .text          0x0800108c       0x44 C:/msys64/mingw64/bin/../lib/gcc/arm-none-eabi/13.3.0/../../../../arm-none-eabi/lib/thumb/v7-m/nofp\libc_nano.a(libc_a-fwalk.o)
                0x0800108c                _fwalk_sglue
 .text          0x080010d0       0x48 C:/msys64/mingw64/bin/../lib/gcc/arm-none-eabi/13.3.0/../../../../arm-none-eabi/lib/thumb/v7-m/nofp\libc_nano.a(libc_a-printf.o)
                0x080010d0                _printf_r
                0x080010d0                _iprintf_r
                0x080010f0                iprintf
                0x080010f0                printf
 .text          0x08001118       0x94 C:/msys64/mingw64/bin/../lib/gcc/arm-none-eabi/13.3.0/../../../../arm-none-eabi/lib/thumb/v7-m/nofp\libc_nano.a(libc_a-stdio.o)
                0x08001118                __sread
                0x0800113c                __seofread
                0x08001140                __swrite
                0x08001180                __sseek
                0x080011a4                __sclose
 .text          0x080011ac       0xa0 C:/msys64/mingw64/bin/../lib/gcc/arm-none-eabi/13.3.0/../../../../arm-none-eabi/lib/thumb/v7-m/nofp\libc_nano.a(libc_a-memset.o)
                0x080011ac                memset
 .text          0x0800124c       0x14 C:/msys64/mingw64/bin/../lib/gcc/arm-none-eabi/13.3.0/../../../../arm-none-eabi/lib/thumb/v7-m/nofp\libc_nano.a(libc_a-localeconv.o)
                0x0800124c                __localeconv_l
                0x08001250                _localeconv_r
                0x08001258                localeconv
 .text          0x08001260       0x24 C:/msys64/mingw64/bin/../lib/gcc/arm-none-eabi/13.3.0/../../../../arm-none-eabi/lib/thumb/v7-m/nofp\libc_nano.a(libc_a-closer.o)
                0x08001260                _close_r
 .text          0x08001284       0x2c C:/msys64/mingw64/bin/../lib/gcc/arm-none-eabi/13.3.0/../../../../arm-none-eabi/lib/thumb/v7-m/nofp\libc_nano.a(libc_a-lseekr.o)
                0x08001284                _lseek_r
 .text          0x080012b0       0x2c C:/msys64/mingw64/bin/../lib/gcc/arm-none-eabi/13.3.0/../../../../arm-none-eabi/lib/thumb/v7-m/nofp\libc_nano.a(libc_a-readr.o)
                0x080012b0                _read_r
 .text          0x080012dc       0x24 C:/msys64/mingw64/bin/../lib/gcc/arm-none-eabi/13.3.0/../../../../arm-none-eabi/lib/thumb/v7-m/nofp\libc_nano.a(libc_a-sbrkr.o)
                0x080012dc                _sbrk_r
 .text          0x08001300       0x2c C:/msys64/mingw64/bin/../lib/gcc/arm-none-eabi/13.3.0/../../../../arm-none-eabi/lib/thumb/v7-m/nofp\libc_nano.a(libc_a-writer.o)
                0x08001300                _write_r
 .text          0x0800132c        0xc C:/msys64/mingw64/bin/../lib/gcc/arm-none-eabi/13.3.0/../../../../arm-none-eabi/lib/thumb/v7-m/nofp\libc_nano.a(libc_a-errno.o)
                0x0800132c                __errno
 .text          0x08001338       0x50 C:/msys64/mingw64/bin/../lib/gcc/arm-none-eabi/13.3.0/../../../../arm-none-eabi/lib/thumb/v7-m/nofp\libc_nano.a(libc_a-init.o)
                0x08001338                __libc_init_array
 .text          0x08001388       0x28 C:/msys64/mingw64/bin/../lib/gcc/arm-none-eabi/13.3.0/../../../../arm-none-eabi/lib/thumb/v7-m/nofp\libc_nano.a(libc_a-lock.o)
                0x08001388                __retarget_lock_init
                0x0800138c                __retarget_lock_init_recursive
                0x08001390                __retarget_lock_close
                0x08001394                __retarget_lock_close_recursive
                0x08001398                __retarget_lock_acquire
                0x0800139c                __retarget_lock_acquire_recursive
                0x080013a0                __retarget_lock_try_acquire
                0x080013a4                __retarget_lock_try_acquire_recursive
                0x080013a8                __retarget_lock_release
                0x080013ac                __retarget_lock_release_recursive
 .text          0x080013b0       0x98 C:/msys64/mingw64/bin/../lib/gcc/arm-none-eabi/13.3.0/../../../../arm-none-eabi/lib/thumb/v7-m/nofp\libc_nano.a(libc_a-memchr-stub.o)
                0x080013b0                memchr
 .text          0x08001448       0xec C:/msys64/mingw64/bin/../lib/gcc/arm-none-eabi/13.3.0/../../../../arm-none-eabi/lib/thumb/v7-m/nofp\libc_nano.a(libc_a-memcpy.o)
                0x08001448                memcpy
 .text          0x08001534       0x5c C:/msys64/mingw64/bin/../lib/gcc/arm-none-eabi/13.3.0/../../../../arm-none-eabi/lib/thumb/v7-m/nofp\libc_nano.a(libc_a-strlen-stub.o)
                0x08001534                strlen
 .text          0x08001590      0xfec C:/msys64/mingw64/bin/../lib/gcc/arm-none-eabi/13.3.0/../../../../arm-none-eabi/lib/thumb/v7-m/nofp\libc_nano.a(libc_a-dtoa.o)
                0x080016cc                _dtoa_r
 .text          0x0800257c       0xbc C:/msys64/mingw64/bin/../lib/gcc/arm-none-eabi/13.3.0/../../../../arm-none-eabi/lib/thumb/v7-m/nofp\libc_nano.a(libc_a-freer.o)
                0x0800257c                _free_r
 .text          0x08002638      0xab0 C:/msys64/mingw64/bin/../lib/gcc/arm-none-eabi/13.3.0/../../../../arm-none-eabi/lib/thumb/v7-m/nofp\libc_nano.a(libc_a-mprec.o)
                0x08002638                _Balloc
                0x080026b8                _Bfree
                0x08002700                __multadd
                0x0800279c                __s2b
                0x0800284c                __hi0bits
                0x08002890                __lo0bits
                0x080028ec                __i2b
                0x08002918                __multiply
                0x08002a7c                __pow5mult
                0x08002b5c                __lshift
                0x08002c44                __mcmp
                0x08002c84                __mdiff
                0x08002de4                __ulp
                0x08002e34                __b2d
                0x08002ee8                __d2b
                0x08002fa4                __ratio
                0x08002ff8                _mprec_log10
                0x08003030                __copybits
                0x08003090                __any_on
 .text          0x080030e8      0x348 C:/msys64/mingw64/bin/../lib/gcc/arm-none-eabi/13.3.0/../../../../arm-none-eabi/lib/thumb/v7-m/nofp\libc_nano.a(libc_a-nano-vfprintf.o)
                0x08003110                __sfputs_r
                0x08003140                __sprint_r
                0x08003160                _vfiprintf_r
                0x08003160                _vfprintf_r
                0x08003414                vfprintf
                0x08003414                vfiprintf
 .text          0x08003430      0x190 C:/msys64/mingw64/bin/../lib/gcc/arm-none-eabi/13.3.0/../../../../arm-none-eabi/lib/thumb/v7-m/nofp\libc_nano.a(libc_a-fflush.o)
                0x08003430                __sflush_r
                0x08003540                _fflush_r
                0x08003598                fflush
 .text          0x080035c0      0x2ec C:/msys64/mingw64/bin/../lib/gcc/arm-none-eabi/13.3.0/../../../../arm-none-eabi/lib/thumb/v7-m/nofp\libc_nano.a(libc_a-fvwrite.o)
                0x080035c0                __sfvwrite_r
 .text          0x080038ac       0x9c C:/msys64/mingw64/bin/../lib/gcc/arm-none-eabi/13.3.0/../../../../arm-none-eabi/lib/thumb/v7-m/nofp\libc_nano.a(libc_a-wbuf.o)
                0x080038ac                __swbuf_r
                0x08003934                __swbuf
 .text          0x08003948       0xc0 C:/msys64/mingw64/bin/../lib/gcc/arm-none-eabi/13.3.0/../../../../arm-none-eabi/lib/thumb/v7-m/nofp\libc_nano.a(libc_a-wsetup.o)
                0x08003948                __swsetup_r
 .text          0x08003a08       0xfc C:/msys64/mingw64/bin/../lib/gcc/arm-none-eabi/13.3.0/../../../../arm-none-eabi/lib/thumb/v7-m/nofp\libc_nano.a(libc_a-memmove.o)
                0x08003a08                memmove
 .text          0x08003b04       0x4c C:/msys64/mingw64/bin/../lib/gcc/arm-none-eabi/13.3.0/../../../../arm-none-eabi/lib/thumb/v7-m/nofp\libc_nano.a(libc_a-assert.o)
                0x08003b04                __assert_func
                0x08003b44                __assert
 .text          0x08003b50       0x40 C:/msys64/mingw64/bin/../lib/gcc/arm-none-eabi/13.3.0/../../../../arm-none-eabi/lib/thumb/v7-m/nofp\libc_nano.a(libc_a-mbtowc_r.o)
                0x08003b50                _mbtowc_r
                0x08003b64                __ascii_mbtowc
 .text          0x08003b90       0x68 C:/msys64/mingw64/bin/../lib/gcc/arm-none-eabi/13.3.0/../../../../arm-none-eabi/lib/thumb/v7-m/nofp\libc_nano.a(libc_a-reallocr.o)
                0x08003b90                _realloc_r
 .text          0x08003bf8       0x30 C:/msys64/mingw64/bin/../lib/gcc/arm-none-eabi/13.3.0/../../../../arm-none-eabi/lib/thumb/v7-m/nofp\libc_nano.a(libc_a-wctomb_r.o)
                0x08003bf8                _wctomb_r
                0x08003c0c                __ascii_wctomb
 .text          0x08003c28       0x44 C:/msys64/mingw64/bin/../lib/gcc/arm-none-eabi/13.3.0/../../../../arm-none-eabi/lib/thumb/v7-m/nofp\libc_nano.a(libc_a-fprintf.o)
                0x08003c28                _fprintf_r
                0x08003c28                _fiprintf_r
                0x08003c44                fiprintf
                0x08003c44                fprintf
 .text          0x08003c6c      0x110 C:/msys64/mingw64/bin/../lib/gcc/arm-none-eabi/13.3.0/../../../../arm-none-eabi/lib/thumb/v7-m/nofp\libc_nano.a(libc_a-makebuf.o)
                0x08003c6c                __smakebuf_r
                0x08003d30                __swhatbuf_r
 .text          0x08003d7c       0x28 C:/msys64/mingw64/bin/../lib/gcc/arm-none-eabi/13.3.0/../../../../arm-none-eabi/lib/thumb/v7-m/nofp\libc_nano.a(libc_a-fstatr.o)
                0x08003d7c                _fstat_r
 .text          0x08003da4       0x24 C:/msys64/mingw64/bin/../lib/gcc/arm-none-eabi/13.3.0/../../../../arm-none-eabi/lib/thumb/v7-m/nofp\libc_nano.a(libc_a-isattyr.o)
                0x08003da4                _isatty_r
 .text          0x08003dc8       0x10 C:/msys64/mingw64/bin/../lib/gcc/arm-none-eabi/13.3.0/../../../../arm-none-eabi/lib/thumb/v7-m/nofp\libc_nano.a(libc_a-abort.o)
                0x08003dc8                abort
 .text          0x08003dd8       0x10 C:/msys64/mingw64/bin/../lib/gcc/arm-none-eabi/13.3.0/../../../../arm-none-eabi/lib/thumb/v7-m/nofp\libc_nano.a(libc_a-msizer.o)
                0x08003dd8                _malloc_usable_size_r
 .text          0x08003de8      0x264 C:/msys64/mingw64/bin/../lib/gcc/arm-none-eabi/13.3.0/../../../../arm-none-eabi/lib/thumb/v7-m/nofp\libc_nano.a(libc_a-signal.o)
                0x08003de8                _init_signal_r
                0x08003e14                _signal_r
                0x08003e60                _raise_r
                0x08003eb0                __sigtramp_r
                0x08003f14                raise
                0x08003f68                signal
                0x08003fb4                _init_signal
                0x08003fe8                __sigtramp
 .text          0x0800404c       0x2c C:/msys64/mingw64/bin/../lib/gcc/arm-none-eabi/13.3.0/../../../../arm-none-eabi/lib/thumb/v7-m/nofp\libc_nano.a(libc_a-signalr.o)
                0x0800404c                _kill_r
                0x08004074                _getpid_r
 .text          0x08004078      0x378 C:/msys64/mingw64/bin/../lib/gcc/arm-none-eabi/13.3.0/thumb/v7-m/nofp\libgcc.a(_arm_addsubdf3.o)
                0x08004078                __aeabi_drsub
                0x08004080                __aeabi_dsub
                0x08004080                __subdf3
                0x08004084                __aeabi_dadd
                0x08004084                __adddf3
                0x080042fc                __floatunsidf
                0x080042fc                __aeabi_ui2d
                0x0800431c                __floatsidf
                0x0800431c                __aeabi_i2d
                0x08004340                __aeabi_f2d
                0x08004340                __extendsfdf2
                0x08004384                __floatundidf
                0x08004384                __aeabi_ul2d
                0x08004394                __floatdidf
                0x08004394                __aeabi_l2d
 .text          0x080043f0      0x424 C:/msys64/mingw64/bin/../lib/gcc/arm-none-eabi/13.3.0/thumb/v7-m/nofp\libgcc.a(_arm_muldivdf3.o)
                0x080043f0                __aeabi_dmul
                0x080043f0                __muldf3
                0x08004644                __divdf3
                0x08004644                __aeabi_ddiv
 .text          0x08004814      0x110 C:/msys64/mingw64/bin/../lib/gcc/arm-none-eabi/13.3.0/thumb/v7-m/nofp\libgcc.a(_arm_cmpdf2.o)
                0x08004814                __gtdf2
                0x08004814                __gedf2
                0x0800481c                __ltdf2
                0x0800481c                __ledf2
                0x08004824                __nedf2
                0x08004824                __eqdf2
                0x08004824                __cmpdf2
                0x080048a0                __aeabi_cdrcmple
                0x080048b0                __aeabi_cdcmpeq
                0x080048b0                __aeabi_cdcmple
                0x080048c0                __aeabi_dcmpeq
                0x080048d4                __aeabi_dcmplt
                0x080048e8                __aeabi_dcmple
                0x080048fc                __aeabi_dcmpge
                0x08004910                __aeabi_dcmpgt
 .text          0x08004924       0x2c C:/msys64/mingw64/bin/../lib/gcc/arm-none-eabi/13.3.0/thumb/v7-m/nofp\libgcc.a(_arm_unorddf2.o)
                0x08004924                __unorddf2
                0x08004924                __aeabi_dcmpun
 .text          0x08004950       0x50 C:/msys64/mingw64/bin/../lib/gcc/arm-none-eabi/13.3.0/thumb/v7-m/nofp\libgcc.a(_arm_fixdfsi.o)
                0x08004950                __aeabi_d2iz
                0x08004950                __fixdfsi
 .text          0x080049a0      0x21c C:/msys64/mingw64/bin/../lib/gcc/arm-none-eabi/13.3.0/thumb/v7-m/nofp\libgcc.a(_arm_addsubsf3.o)
                0x080049a0                __aeabi_frsub
                0x080049a8                __subsf3
                0x080049a8                __aeabi_fsub
                0x080049ac                __aeabi_fadd
                0x080049ac                __addsf3
                0x08004b0c                __aeabi_ui2f
                0x08004b0c                __floatunsisf
                0x08004b14                __aeabi_i2f
                0x08004b14                __floatsisf
                0x08004b30                __aeabi_ul2f
                0x08004b30                __floatundisf
                0x08004b40                __aeabi_l2f
                0x08004b40                __floatdisf
 .text          0x08004bbc      0x2a0 C:/msys64/mingw64/bin/../lib/gcc/arm-none-eabi/13.3.0/thumb/v7-m/nofp\libgcc.a(_arm_muldivsf3.o)
                0x08004bbc                __mulsf3
                0x08004bbc                __aeabi_fmul
                0x08004d24                __aeabi_fdiv
                0x08004d24                __divsf3
 .text          0x08004e5c       0xec C:/msys64/mingw64/bin/../lib/gcc/arm-none-eabi/13.3.0/thumb/v7-m/nofp\libgcc.a(_arm_cmpsf2.o)
                0x08004e5c                __gesf2
                0x08004e5c                __gtsf2
                0x08004e64                __lesf2
                0x08004e64                __ltsf2
                0x08004e6c                __nesf2
                0x08004e6c                __eqsf2
                0x08004e6c                __cmpsf2
                0x08004ecc                __aeabi_cfrcmple
                0x08004ed4                __aeabi_cfcmpeq
                0x08004ed4                __aeabi_cfcmple
                0x08004ee4                __aeabi_fcmpeq
                0x08004ef8                __aeabi_fcmplt
                0x08004f0c                __aeabi_fcmple
                0x08004f20                __aeabi_fcmpge
                0x08004f34                __aeabi_fcmpgt
 .text          0x08004f48       0x40 C:/msys64/mingw64/bin/../lib/gcc/arm-none-eabi/13.3.0/thumb/v7-m/nofp\libgcc.a(_arm_fixunssfsi.o)
                0x08004f48                __fixunssfsi
                0x08004f48                __aeabi_f2uiz
 .text          0x08004f88      0x1ac C:/msys64/mingw64/bin/../lib/gcc/arm-none-eabi/13.3.0/thumb/v7-m/nofp\libgcc.a(libunwind.o)
                0x08004f88                __restore_core_regs
                0x08004f88                restore_core_regs
                0x08004fa0                __gnu_Unwind_Restore_VFP
                0x08004fa8                __gnu_Unwind_Save_VFP
                0x08004fb0                __gnu_Unwind_Restore_VFP_D
                0x08004fb8                __gnu_Unwind_Save_VFP_D
                0x08004fc0                __gnu_Unwind_Restore_VFP_D_16_to_31
                0x08004fc8                __gnu_Unwind_Save_VFP_D_16_to_31
                0x08004fd0                __gnu_Unwind_Restore_WMMXD
                0x08005014                __gnu_Unwind_Save_WMMXD
                0x08005058                __gnu_Unwind_Restore_WMMXC
                0x0800506c                __gnu_Unwind_Save_WMMXC
                0x08005080                ___Unwind_RaiseException
                0x08005080                _Unwind_RaiseException
                0x080050a4                _Unwind_Resume
                0x080050a4                ___Unwind_Resume
                0x080050c8                _Unwind_Resume_or_Rethrow
                0x080050c8                ___Unwind_Resume_or_Rethrow
                0x080050ec                _Unwind_ForcedUnwind
                0x080050ec                ___Unwind_ForcedUnwind
                0x08005110                ___Unwind_Backtrace
                0x08005110                _Unwind_Backtrace
 *(.text*)
 .text.__do_global_dtors_aux
                0x08005134       0x24 C:/msys64/mingw64/bin/../lib/gcc/arm-none-eabi/13.3.0/thumb/v7-m/nofp/crtbegin.o
 .text.frame_dummy
                0x08005158       0x1c C:/msys64/mingw64/bin/../lib/gcc/arm-none-eabi/13.3.0/thumb/v7-m/nofp/crtbegin.o
 .text.MX_GPIO_Init
                0x08005174       0x78 build/main.o
 .text.MX_DMA_Init
                0x080051ec       0x34 build/main.o
 .text.Error_Handler
                0x08005220        0x4 build/main.o
                0x08005220                Error_Handler
 .text.MX_TIM1_Init
                0x08005224       0xe4 build/main.o
 .text.MX_USART1_UART_Init
                0x08005308       0x34 build/main.o
 .text.MX_USART2_UART_Init
                0x0800533c       0x34 build/main.o
 .text.MX_TIM2_Init
                0x08005370       0x68 build/main.o
 .text.SystemClock_Config
                0x080053d8       0x64 build/main.o
                0x080053d8                SystemClock_Config
 .text.main     0x0800543c       0x2c build/main.o
                0x0800543c                main
 .text.NMI_Handler
                0x08005468        0x2 build/stm32f1xx_it.o
                0x08005468                NMI_Handler
 .text.HardFault_Handler
                0x0800546a        0x2 build/stm32f1xx_it.o
                0x0800546a                HardFault_Handler
 .text.MemManage_Handler
                0x0800546c        0x2 build/stm32f1xx_it.o
                0x0800546c                MemManage_Handler
 .text.BusFault_Handler
                0x0800546e        0x2 build/stm32f1xx_it.o
                0x0800546e                BusFault_Handler
 .text.UsageFault_Handler
                0x08005470        0x2 build/stm32f1xx_it.o
                0x08005470                UsageFault_Handler
 .text.SVC_Handler
                0x08005472        0x2 build/stm32f1xx_it.o
                0x08005472                SVC_Handler
 .text.DebugMon_Handler
                0x08005474        0x2 build/stm32f1xx_it.o
                0x08005474                DebugMon_Handler
 .text.PendSV_Handler
                0x08005476        0x2 build/stm32f1xx_it.o
                0x08005476                PendSV_Handler
 .text.SysTick_Handler
                0x08005478        0x8 build/stm32f1xx_it.o
                0x08005478                SysTick_Handler
 .text.DMA1_Channel2_IRQHandler
                0x08005480       0x10 build/stm32f1xx_it.o
                0x08005480                DMA1_Channel2_IRQHandler
 .text.TIM1_UP_IRQHandler
                0x08005490       0x10 build/stm32f1xx_it.o
                0x08005490                TIM1_UP_IRQHandler
 .text.TIM2_IRQHandler
                0x080054a0       0x10 build/stm32f1xx_it.o
                0x080054a0                TIM2_IRQHandler
 .text.HAL_MspInit
                0x080054b0       0x44 build/stm32f1xx_hal_msp.o
                0x080054b0                HAL_MspInit
 .text.HAL_TIM_Base_MspInit
                0x080054f4       0xac build/stm32f1xx_hal_msp.o
                0x080054f4                HAL_TIM_Base_MspInit
 .text.HAL_TIM_MspPostInit
                0x080055a0       0x50 build/stm32f1xx_hal_msp.o
                0x080055a0                HAL_TIM_MspPostInit
 .text.HAL_UART_MspInit
                0x080055f0       0xd8 build/stm32f1xx_hal_msp.o
                0x080055f0                HAL_UART_MspInit
 .text.HAL_InitTick
                0x080056c8       0x4c build/stm32f1xx_hal.o
                0x080056c8                HAL_InitTick
 .text.HAL_Init
                0x08005714       0x24 build/stm32f1xx_hal.o
                0x08005714                HAL_Init
 .text.HAL_IncTick
                0x08005738       0x18 build/stm32f1xx_hal.o
                0x08005738                HAL_IncTick
 .text.HAL_GetTick
                0x08005750        0xc build/stm32f1xx_hal.o
                0x08005750                HAL_GetTick
 .text.HAL_Delay
                0x0800575c       0x28 build/stm32f1xx_hal.o
                0x0800575c                HAL_Delay
 .text.RCC_Delay
                0x08005784       0x2c build/stm32f1xx_hal_rcc.o
 .text.HAL_RCC_OscConfig
                0x080057b0      0x410 build/stm32f1xx_hal_rcc.o
                0x080057b0                HAL_RCC_OscConfig
 .text.HAL_RCC_GetSysClockFreq
                0x08005bc0       0x54 build/stm32f1xx_hal_rcc.o
                0x08005bc0                HAL_RCC_GetSysClockFreq
 .text.HAL_RCC_ClockConfig
                0x08005c14      0x16c build/stm32f1xx_hal_rcc.o
                0x08005c14                HAL_RCC_ClockConfig
 .text.HAL_RCC_GetHCLKFreq
                0x08005d80        0xc build/stm32f1xx_hal_rcc.o
                0x08005d80                HAL_RCC_GetHCLKFreq
 .text.HAL_RCC_GetPCLK1Freq
                0x08005d8c       0x20 build/stm32f1xx_hal_rcc.o
                0x08005d8c                HAL_RCC_GetPCLK1Freq
 .text.HAL_RCC_GetPCLK2Freq
                0x08005dac       0x20 build/stm32f1xx_hal_rcc.o
                0x08005dac                HAL_RCC_GetPCLK2Freq
 .text.HAL_GPIO_Init
                0x08005dcc      0x21c build/stm32f1xx_hal_gpio.o
                0x08005dcc                HAL_GPIO_Init
 .text.HAL_GPIO_WritePin
                0x08005fe8        0xc build/stm32f1xx_hal_gpio.o
                0x08005fe8                HAL_GPIO_WritePin
 .text.HAL_GPIO_TogglePin
                0x08005ff4       0x12 build/stm32f1xx_hal_gpio.o
                0x08005ff4                HAL_GPIO_TogglePin
 .text.DMA_SetConfig
                0x08006006       0x2c build/stm32f1xx_hal_dma.o
 *fill*         0x08006032        0x2 
 .text.HAL_DMA_Init
                0x08006034       0x68 build/stm32f1xx_hal_dma.o
                0x08006034                HAL_DMA_Init
 .text.HAL_DMA_Start_IT
                0x0800609c       0x76 build/stm32f1xx_hal_dma.o
                0x0800609c                HAL_DMA_Start_IT
 *fill*         0x08006112        0x2 
 .text.HAL_DMA_Abort_IT
                0x08006114       0x98 build/stm32f1xx_hal_dma.o
                0x08006114                HAL_DMA_Abort_IT
 .text.HAL_DMA_IRQHandler
                0x080061ac      0x144 build/stm32f1xx_hal_dma.o
                0x080061ac                HAL_DMA_IRQHandler
 .text.__NVIC_SetPriority
                0x080062f0       0x28 build/stm32f1xx_hal_cortex.o
 .text.NVIC_EncodePriority
                0x08006318       0x3e build/stm32f1xx_hal_cortex.o
 *fill*         0x08006356        0x2 
 .text.HAL_NVIC_SetPriorityGrouping
                0x08006358       0x24 build/stm32f1xx_hal_cortex.o
                0x08006358                HAL_NVIC_SetPriorityGrouping
 .text.HAL_NVIC_SetPriority
                0x0800637c       0x20 build/stm32f1xx_hal_cortex.o
                0x0800637c                HAL_NVIC_SetPriority
 .text.HAL_NVIC_EnableIRQ
                0x0800639c       0x1c build/stm32f1xx_hal_cortex.o
                0x0800639c                HAL_NVIC_EnableIRQ
 .text.HAL_SYSTICK_Config
                0x080063b8       0x28 build/stm32f1xx_hal_cortex.o
                0x080063b8                HAL_SYSTICK_Config
 .text.SystemInit
                0x080063e0        0x2 build/system_stm32f1xx.o
                0x080063e0                SystemInit
 *fill*         0x080063e2        0x2 
 .text._sbrk    0x080063e4       0x48 build/sysmem.o
                0x080063e4                _sbrk
 .text._getpid  0x0800642c        0x4 build/syscalls.o
                0x0800642c                _getpid
 .text._kill    0x08006430       0x10 build/syscalls.o
                0x08006430                _kill
 .text._exit    0x08006440        0xc build/syscalls.o
                0x08006440                _exit
 .text._read    0x0800644c       0x20 build/syscalls.o
                0x0800644c                _read
 .text._write   0x0800646c       0x1c build/syscalls.o
                0x0800646c                _write
 .text._close   0x08006488        0x6 build/syscalls.o
                0x08006488                _close
 .text._fstat   0x0800648e        0xa build/syscalls.o
                0x0800648e                _fstat
 .text._isatty  0x08006498        0x4 build/syscalls.o
                0x08006498                _isatty
 .text._lseek   0x0800649c        0x4 build/syscalls.o
                0x0800649c                _lseek
 .text.UART_EndRxTransfer
                0x080064a0       0x5c build/stm32f1xx_hal_uart.o
 .text.UART_SetConfig
                0x080064fc       0x94 build/stm32f1xx_hal_uart.o
 .text.UART_WaitOnFlagUntilTimeout
                0x08006590       0x86 build/stm32f1xx_hal_uart.o
 .text.HAL_UART_Init
                0x08006616       0x60 build/stm32f1xx_hal_uart.o
                0x08006616                HAL_UART_Init
 .text.HAL_UART_Transmit
                0x08006676       0xcc build/stm32f1xx_hal_uart.o
                0x08006676                HAL_UART_Transmit
 .text.HAL_UART_Receive
                0x08006742       0xd2 build/stm32f1xx_hal_uart.o
                0x08006742                HAL_UART_Receive
 .text.TIM_OC1_SetConfig
                0x08006814       0x54 build/stm32f1xx_hal_tim.o
 .text.TIM_OC3_SetConfig
                0x08006868       0x5c build/stm32f1xx_hal_tim.o
 .text.TIM_OC4_SetConfig
                0x080068c4       0x48 build/stm32f1xx_hal_tim.o
 .text.TIM_TI1_ConfigInputStage
                0x0800690c       0x24 build/stm32f1xx_hal_tim.o
 .text.TIM_TI2_ConfigInputStage
                0x08006930       0x26 build/stm32f1xx_hal_tim.o
 .text.TIM_ITRx_SetConfig
                0x08006956       0x10 build/stm32f1xx_hal_tim.o
 *fill*         0x08006966        0x2 
 .text.HAL_TIM_Base_Start_IT
                0x08006968       0x68 build/stm32f1xx_hal_tim.o
                0x08006968                HAL_TIM_Base_Start_IT
 .text.HAL_TIM_Base_Stop_IT
                0x080069d0       0x32 build/stm32f1xx_hal_tim.o
                0x080069d0                HAL_TIM_Base_Stop_IT
 .text.HAL_TIM_PWM_MspInit
                0x08006a02        0x2 build/stm32f1xx_hal_tim.o
                0x08006a02                HAL_TIM_PWM_MspInit
 .text.HAL_TIM_OC_DelayElapsedCallback
                0x08006a04        0x2 build/stm32f1xx_hal_tim.o
                0x08006a04                HAL_TIM_OC_DelayElapsedCallback
 .text.HAL_TIM_IC_CaptureCallback
                0x08006a06        0x2 build/stm32f1xx_hal_tim.o
                0x08006a06                HAL_TIM_IC_CaptureCallback
 .text.TIM_DMADelayPulseCplt
                0x08006a08       0x70 build/stm32f1xx_hal_tim.o
 .text.HAL_TIM_PWM_PulseFinishedHalfCpltCallback
                0x08006a78        0x2 build/stm32f1xx_hal_tim.o
                0x08006a78                HAL_TIM_PWM_PulseFinishedHalfCpltCallback
 .text.TIM_DMADelayPulseHalfCplt
                0x08006a7a       0x3e build/stm32f1xx_hal_tim.o
                0x08006a7a                TIM_DMADelayPulseHalfCplt
 .text.HAL_TIM_TriggerCallback
                0x08006ab8        0x2 build/stm32f1xx_hal_tim.o
                0x08006ab8                HAL_TIM_TriggerCallback
 .text.HAL_TIM_IRQHandler
                0x08006aba      0x15e build/stm32f1xx_hal_tim.o
                0x08006aba                HAL_TIM_IRQHandler
 .text.HAL_TIM_ErrorCallback
                0x08006c18        0x2 build/stm32f1xx_hal_tim.o
                0x08006c18                HAL_TIM_ErrorCallback
 .text.TIM_DMAError
                0x08006c1a       0x5c build/stm32f1xx_hal_tim.o
                0x08006c1a                TIM_DMAError
 *fill*         0x08006c76        0x2 
 .text.TIM_Base_SetConfig
                0x08006c78       0x84 build/stm32f1xx_hal_tim.o
                0x08006c78                TIM_Base_SetConfig
 .text.HAL_TIM_Base_Init
                0x08006cfc       0x58 build/stm32f1xx_hal_tim.o
                0x08006cfc                HAL_TIM_Base_Init
 .text.HAL_TIM_PWM_Init
                0x08006d54       0x58 build/stm32f1xx_hal_tim.o
                0x08006d54                HAL_TIM_PWM_Init
 .text.TIM_OC2_SetConfig
                0x08006dac       0x5c build/stm32f1xx_hal_tim.o
                0x08006dac                TIM_OC2_SetConfig
 .text.HAL_TIM_PWM_ConfigChannel
                0x08006e08       0xdc build/stm32f1xx_hal_tim.o
                0x08006e08                HAL_TIM_PWM_ConfigChannel
 .text.TIM_ETR_SetConfig
                0x08006ee4       0x18 build/stm32f1xx_hal_tim.o
                0x08006ee4                TIM_ETR_SetConfig
 .text.HAL_TIM_ConfigClockSource
                0x08006efc       0xfe build/stm32f1xx_hal_tim.o
                0x08006efc                HAL_TIM_ConfigClockSource
 .text.TIM_CCxChannelCmd
                0x08006ffa       0x1e build/stm32f1xx_hal_tim.o
                0x08006ffa                TIM_CCxChannelCmd
 .text.HAL_TIM_PWM_Start_DMA
                0x08007018      0x26c build/stm32f1xx_hal_tim.o
                0x08007018                HAL_TIM_PWM_Start_DMA
 .text.HAL_TIM_PWM_Stop_DMA
                0x08007284       0xec build/stm32f1xx_hal_tim.o
                0x08007284                HAL_TIM_PWM_Stop_DMA
 .text.HAL_TIMEx_MasterConfigSynchronization
                0x08007370       0x6c build/stm32f1xx_hal_tim_ex.o
                0x08007370                HAL_TIMEx_MasterConfigSynchronization
 .text.HAL_TIMEx_ConfigBreakDeadTime
                0x080073dc       0x52 build/stm32f1xx_hal_tim_ex.o
                0x080073dc                HAL_TIMEx_ConfigBreakDeadTime
 .text.HAL_TIMEx_CommutCallback
                0x0800742e        0x2 build/stm32f1xx_hal_tim_ex.o
                0x0800742e                HAL_TIMEx_CommutCallback
 .text.HAL_TIMEx_BreakCallback
                0x08007430        0x2 build/stm32f1xx_hal_tim_ex.o
                0x08007430                HAL_TIMEx_BreakCallback
 *fill*         0x08007432        0x2 
 .text._Z41__static_initialization_and_destruction_0v
                0x08007434       0x28 build/app.o
 .text.__io_putchar
                0x0800745c       0x20 build/app.o
                0x0800745c                __io_putchar
 .text.setup    0x0800747c       0xc4 build/app.o
                0x0800747c                setup
 .text.loop     0x08007540      0x1f4 build/app.o
                0x08007540                loop
 .text.HAL_TIM_PWM_PulseFinishedCallback
                0x08007734       0x1c build/app.o
                0x08007734                HAL_TIM_PWM_PulseFinishedCallback
 .text.HAL_TIM_PeriodElapsedCallback
                0x08007750       0x80 build/app.o
                0x08007750                HAL_TIM_PeriodElapsedCallback
 .text._GLOBAL__sub_I___io_putchar
                0x080077d0        0x8 build/app.o
 .text._ZN9ModbusRTUC2EP20__UART_HandleTypeDef
                0x080077d8        0x4 build/modbusRTU.o
                0x080077d8                ModbusRTU::ModbusRTU(__UART_HandleTypeDef*)
                0x080077d8                ModbusRTU::ModbusRTU(__UART_HandleTypeDef*)
 .text._ZN9ModbusRTU4initEv
                0x080077dc        0x2 build/modbusRTU.o
                0x080077dc                ModbusRTU::init()
 .text._ZN9ModbusRTU9appendCRCEPh
                0x080077de       0x3e build/modbusRTU.o
                0x080077de                ModbusRTU::appendCRC(unsigned char*)
 .text._ZN9ModbusRTU4sendEv
                0x0800781c       0x14 build/modbusRTU.o
                0x0800781c                ModbusRTU::send()
 .text._ZN9ModbusRTU7receiveEv
                0x08007830       0x12 build/modbusRTU.o
                0x08007830                ModbusRTU::receive()
 .text._ZN9ModbusRTU7requestEhhtt
                0x08007842       0x48 build/modbusRTU.o
                0x08007842                ModbusRTU::request(unsigned char, unsigned char, unsigned short, unsigned short)
 .text._ZN7WS2812BC2EP17TIM_HandleTypeDefmt
                0x0800788a        0x8 build/ws2812b.o
                0x0800788a                WS2812B::WS2812B(TIM_HandleTypeDef*, unsigned long, unsigned short)
                0x0800788a                WS2812B::WS2812B(TIM_HandleTypeDef*, unsigned long, unsigned short)
 *fill*         0x08007892        0x2 
 .text._ZN7WS2812B4initE14WS2812B_STATUS
                0x08007894       0x60 build/ws2812b.o
                0x08007894                WS2812B::init(WS2812B_STATUS)
 .text._ZN7WS2812B10solidColorEmtt
                0x080078f4       0x14 build/ws2812b.o
                0x080078f4                WS2812B::solidColor(unsigned long, unsigned short, unsigned short)
 .text._ZN7WS2812B18startCallbackClockEv
                0x08007908        0xa build/ws2812b.o
                0x08007908                WS2812B::startCallbackClock()
 .text._ZN7WS2812B17stopCallbackClockEv
                0x08007912        0xa build/ws2812b.o
                0x08007912                WS2812B::stopCallbackClock()
 .text._ZN7WS2812B10extractRedEm
                0x0800791c        0x6 build/ws2812b.o
                0x0800791c                WS2812B::extractRed(unsigned long)
 .text._ZN7WS2812B12extractGreenEm
                0x08007922        0x6 build/ws2812b.o
                0x08007922                WS2812B::extractGreen(unsigned long)
 .text._ZN7WS2812B11extractBlueEm
                0x08007928        0x4 build/ws2812b.o
                0x08007928                WS2812B::extractBlue(unsigned long)
 .text._ZN7WS2812B10combineRGBEhhh
                0x0800792c        0xc build/ws2812b.o
                0x0800792c                WS2812B::combineRGB(unsigned char, unsigned char, unsigned char)
 .text._ZN7WS2812B15gradient2ColorsEmtmt
                0x08007938      0x19c build/ws2812b.o
                0x08007938                WS2812B::gradient2Colors(unsigned long, unsigned short, unsigned long, unsigned short)
 .text._ZN7WS2812B5toGRBEm
                0x08007ad4       0x24 build/ws2812b.o
                0x08007ad4                WS2812B::toGRB(unsigned long)
 .text._ZN7WS2812B12updateBufferEv
                0x08007af8       0x5c build/ws2812b.o
                0x08007af8                WS2812B::updateBuffer()
 .text._ZN7WS2812B6renderEv
                0x08007b54       0x38 build/ws2812b.o
                0x08007b54                WS2812B::render()
 .text._ZN7WS2812B10transitionEPff
                0x08007b8c      0x25c build/ws2812b.o
                0x08007b8c                WS2812B::transition(float*, float)
 .text.Reset_Handler
                0x08007de8       0x48 build/startup_stm32f103xb.o
                0x08007de8                Reset_Handler
 .text.Default_Handler
                0x08007e30        0x2 build/startup_stm32f103xb.o
                0x08007e30                RTC_Alarm_IRQHandler
                0x08007e30                EXTI2_IRQHandler
                0x08007e30                TIM1_CC_IRQHandler
                0x08007e30                PVD_IRQHandler
                0x08007e30                EXTI3_IRQHandler
                0x08007e30                EXTI0_IRQHandler
                0x08007e30                I2C2_EV_IRQHandler
                0x08007e30                ADC1_2_IRQHandler
                0x08007e30                SPI1_IRQHandler
                0x08007e30                TAMPER_IRQHandler
                0x08007e30                DMA1_Channel4_IRQHandler
                0x08007e30                USART3_IRQHandler
                0x08007e30                RTC_IRQHandler
                0x08007e30                DMA1_Channel7_IRQHandler
                0x08007e30                CAN1_RX1_IRQHandler
                0x08007e30                TIM4_IRQHandler
                0x08007e30                I2C1_EV_IRQHandler
                0x08007e30                DMA1_Channel6_IRQHandler
                0x08007e30                TIM3_IRQHandler
                0x08007e30                RCC_IRQHandler
                0x08007e30                TIM1_TRG_COM_IRQHandler
                0x08007e30                DMA1_Channel1_IRQHandler
                0x08007e30                Default_Handler
                0x08007e30                EXTI15_10_IRQHandler
                0x08007e30                EXTI9_5_IRQHandler
                0x08007e30                SPI2_IRQHandler
                0x08007e30                DMA1_Channel5_IRQHandler
                0x08007e30                EXTI4_IRQHandler
                0x08007e30                USB_LP_CAN1_RX0_IRQHandler
                0x08007e30                USB_HP_CAN1_TX_IRQHandler
                0x08007e30                DMA1_Channel3_IRQHandler
                0x08007e30                WWDG_IRQHandler
                0x08007e30                TIM1_BRK_IRQHandler
                0x08007e30                EXTI1_IRQHandler
                0x08007e30                USART2_IRQHandler
                0x08007e30                I2C2_ER_IRQHandler
                0x08007e30                CAN1_SCE_IRQHandler
                0x08007e30                FLASH_IRQHandler
                0x08007e30                USART1_IRQHandler
                0x08007e30                I2C1_ER_IRQHandler
                0x08007e30                USBWakeUp_IRQHandler
 .text.selfrel_offset31
                0x08007e32       0x12 C:/msys64/mingw64/bin/../lib/gcc/arm-none-eabi/13.3.0/thumb/v7-m/nofp\libgcc.a(unwind-arm.o)
 .text.search_EIT_table
                0x08007e44       0x60 C:/msys64/mingw64/bin/../lib/gcc/arm-none-eabi/13.3.0/thumb/v7-m/nofp\libgcc.a(unwind-arm.o)
 .text.__gnu_unwind_get_pr_addr
                0x08007ea4       0x28 C:/msys64/mingw64/bin/../lib/gcc/arm-none-eabi/13.3.0/thumb/v7-m/nofp\libgcc.a(unwind-arm.o)
 .text.get_eit_entry
                0x08007ecc       0x8c C:/msys64/mingw64/bin/../lib/gcc/arm-none-eabi/13.3.0/thumb/v7-m/nofp\libgcc.a(unwind-arm.o)
 .text.restore_non_core_regs
                0x08007f58       0x4e C:/msys64/mingw64/bin/../lib/gcc/arm-none-eabi/13.3.0/thumb/v7-m/nofp\libgcc.a(unwind-arm.o)
 .text._Unwind_decode_typeinfo_ptr.constprop.0
                0x08007fa6        0xa C:/msys64/mingw64/bin/../lib/gcc/arm-none-eabi/13.3.0/thumb/v7-m/nofp\libgcc.a(unwind-arm.o)
 .text._Unwind_DebugHook
                0x08007fb0        0x2 C:/msys64/mingw64/bin/../lib/gcc/arm-none-eabi/13.3.0/thumb/v7-m/nofp\libgcc.a(unwind-arm.o)
 .text.unwind_phase2
                0x08007fb2       0x3a C:/msys64/mingw64/bin/../lib/gcc/arm-none-eabi/13.3.0/thumb/v7-m/nofp\libgcc.a(unwind-arm.o)
 .text.unwind_phase2_forced
                0x08007fec       0xba C:/msys64/mingw64/bin/../lib/gcc/arm-none-eabi/13.3.0/thumb/v7-m/nofp\libgcc.a(unwind-arm.o)
 .text.__gnu_Unwind_RaiseException
                0x080080a6       0x5a C:/msys64/mingw64/bin/../lib/gcc/arm-none-eabi/13.3.0/thumb/v7-m/nofp\libgcc.a(unwind-arm.o)
                0x080080a6                __gnu_Unwind_RaiseException
 .text.__gnu_Unwind_ForcedUnwind
                0x08008100       0x14 C:/msys64/mingw64/bin/../lib/gcc/arm-none-eabi/13.3.0/thumb/v7-m/nofp\libgcc.a(unwind-arm.o)
                0x08008100                __gnu_Unwind_ForcedUnwind
 .text.__gnu_Unwind_Resume
                0x08008114       0x40 C:/msys64/mingw64/bin/../lib/gcc/arm-none-eabi/13.3.0/thumb/v7-m/nofp\libgcc.a(unwind-arm.o)
                0x08008114                __gnu_Unwind_Resume
 .text.__gnu_Unwind_Resume_or_Rethrow
                0x08008154       0x12 C:/msys64/mingw64/bin/../lib/gcc/arm-none-eabi/13.3.0/thumb/v7-m/nofp\libgcc.a(unwind-arm.o)
                0x08008154                __gnu_Unwind_Resume_or_Rethrow
 .text._Unwind_VRS_Get
                0x08008166       0x30 C:/msys64/mingw64/bin/../lib/gcc/arm-none-eabi/13.3.0/thumb/v7-m/nofp\libgcc.a(unwind-arm.o)
                0x08008166                _Unwind_VRS_Get
 .text._Unwind_GetGR
                0x08008196       0x18 C:/msys64/mingw64/bin/../lib/gcc/arm-none-eabi/13.3.0/thumb/v7-m/nofp\libgcc.a(unwind-arm.o)
 .text._Unwind_VRS_Set
                0x080081ae       0x32 C:/msys64/mingw64/bin/../lib/gcc/arm-none-eabi/13.3.0/thumb/v7-m/nofp\libgcc.a(unwind-arm.o)
                0x080081ae                _Unwind_VRS_Set
 .text._Unwind_SetGR
                0x080081e0       0x18 C:/msys64/mingw64/bin/../lib/gcc/arm-none-eabi/13.3.0/thumb/v7-m/nofp\libgcc.a(unwind-arm.o)
 .text.__gnu_Unwind_Backtrace
                0x080081f8       0x6c C:/msys64/mingw64/bin/../lib/gcc/arm-none-eabi/13.3.0/thumb/v7-m/nofp\libgcc.a(unwind-arm.o)
                0x080081f8                __gnu_Unwind_Backtrace
 .text.__gnu_unwind_pr_common
                0x08008264      0x24c C:/msys64/mingw64/bin/../lib/gcc/arm-none-eabi/13.3.0/thumb/v7-m/nofp\libgcc.a(unwind-arm.o)
 .text.__aeabi_unwind_cpp_pr0
                0x080084b0        0x6 C:/msys64/mingw64/bin/../lib/gcc/arm-none-eabi/13.3.0/thumb/v7-m/nofp\libgcc.a(unwind-arm.o)
                0x080084b0                __aeabi_unwind_cpp_pr0
 .text.__aeabi_unwind_cpp_pr1
                0x080084b6        0x6 C:/msys64/mingw64/bin/../lib/gcc/arm-none-eabi/13.3.0/thumb/v7-m/nofp\libgcc.a(unwind-arm.o)
                0x080084b6                __aeabi_unwind_cpp_pr1
 .text.__aeabi_unwind_cpp_pr2
                0x080084bc        0x6 C:/msys64/mingw64/bin/../lib/gcc/arm-none-eabi/13.3.0/thumb/v7-m/nofp\libgcc.a(unwind-arm.o)
                0x080084bc                __aeabi_unwind_cpp_pr2
 .text._Unwind_VRS_Pop
                0x080084c2      0x226 C:/msys64/mingw64/bin/../lib/gcc/arm-none-eabi/13.3.0/thumb/v7-m/nofp\libgcc.a(unwind-arm.o)
                0x080084c2                _Unwind_VRS_Pop
 .text.next_unwind_byte
                0x080086e8       0x30 C:/msys64/mingw64/bin/../lib/gcc/arm-none-eabi/13.3.0/thumb/v7-m/nofp\libgcc.a(pr-support.o)
 .text.__gnu_unwind_execute
                0x08008718      0x268 C:/msys64/mingw64/bin/../lib/gcc/arm-none-eabi/13.3.0/thumb/v7-m/nofp\libgcc.a(pr-support.o)
                0x08008718                __gnu_unwind_execute
 *(.glue_7)
 .glue_7        0x08008980        0x0 linker stubs
 *(.glue_7t)
 .glue_7t       0x08008980        0x0 linker stubs
 *(.eh_frame)
 .eh_frame      0x08008980        0x0 C:/msys64/mingw64/bin/../lib/gcc/arm-none-eabi/13.3.0/thumb/v7-m/nofp/crtbegin.o
 *(.init)
 .init          0x08008980        0x4 C:/msys64/mingw64/bin/../lib/gcc/arm-none-eabi/13.3.0/thumb/v7-m/nofp/crti.o
                0x08008980                _init
 .init          0x08008984        0x8 C:/msys64/mingw64/bin/../lib/gcc/arm-none-eabi/13.3.0/thumb/v7-m/nofp/crtn.o
 *(.fini)
 .fini          0x0800898c        0x4 C:/msys64/mingw64/bin/../lib/gcc/arm-none-eabi/13.3.0/thumb/v7-m/nofp/crti.o
                0x0800898c                _fini
 .fini          0x08008990        0x8 C:/msys64/mingw64/bin/../lib/gcc/arm-none-eabi/13.3.0/thumb/v7-m/nofp/crtn.o
                0x08008998                        . = ALIGN (0x4)
                0x08008998                        _etext = .

.vfp11_veneer   0x08008998        0x0
 .vfp11_veneer  0x08008998        0x0 linker stubs

.v4_bx          0x08008998        0x0
 .v4_bx         0x08008998        0x0 linker stubs

.iplt           0x08008998        0x0
 .iplt          0x08008998        0x0 C:/msys64/mingw64/bin/../lib/gcc/arm-none-eabi/13.3.0/thumb/v7-m/nofp/crtbegin.o

.rodata         0x08008998      0x3c0
                0x08008998                        . = ALIGN (0x4)
 *(.rodata)
 .rodata        0x08008998        0x8 build/app.o
 .rodata        0x080089a0      0x128 C:/msys64/mingw64/bin/../lib/gcc/arm-none-eabi/13.3.0/../../../../arm-none-eabi/lib/thumb/v7-m/nofp\libc_nano.a(libc_a-mprec.o)
                0x080089b0                __mprec_tens
                0x08008a78                __mprec_tinytens
                0x08008aa0                __mprec_bigtens
 .rodata        0x08008ac8      0x101 C:/msys64/mingw64/bin/../lib/gcc/arm-none-eabi/13.3.0/../../../../arm-none-eabi/lib/thumb/v7-m/nofp\libc_nano.a(libc_a-ctype_.o)
                0x08008ac8                _ctype_
 *(.rodata*)
 *fill*         0x08008bc9        0x3 
 .rodata.aPredivFactorTable.0
                0x08008bcc        0x2 build/stm32f1xx_hal_rcc.o
 *fill*         0x08008bce        0x2 
 .rodata.aPLLMULFactorTable.1
                0x08008bd0       0x10 build/stm32f1xx_hal_rcc.o
 .rodata.APBPrescTable
                0x08008be0        0x8 build/system_stm32f1xx.o
                0x08008be0                APBPrescTable
 .rodata.AHBPrescTable
                0x08008be8       0x10 build/system_stm32f1xx.o
                0x08008be8                AHBPrescTable
 .rodata.loop.str1.4
                0x08008bf8      0x15f build/app.o
                                  0xb (size before relaxing)
 .rodata.str1.4
                0x08008d57       0x12 C:/msys64/mingw64/bin/../lib/gcc/arm-none-eabi/13.3.0/../../../../arm-none-eabi/lib/thumb/v7-m/nofp\libc_nano.a(libc_a-nano-vfprintf_float.o)
 .rodata.str1.4
                0x08008d57       0x25 C:/msys64/mingw64/bin/../lib/gcc/arm-none-eabi/13.3.0/../../../../arm-none-eabi/lib/thumb/v7-m/nofp\libc_nano.a(libc_a-nano-vfprintf_i.o)
 .rodata.str1.4
                0x08008d57       0x79 C:/msys64/mingw64/bin/../lib/gcc/arm-none-eabi/13.3.0/../../../../arm-none-eabi/lib/thumb/v7-m/nofp\libc_nano.a(libc_a-dtoa.o)
 .rodata.str1.4
                0x08008d57       0x65 C:/msys64/mingw64/bin/../lib/gcc/arm-none-eabi/13.3.0/../../../../arm-none-eabi/lib/thumb/v7-m/nofp\libc_nano.a(libc_a-mprec.o)
 .rodata.str1.4
                0x08008d57       0x13 C:/msys64/mingw64/bin/../lib/gcc/arm-none-eabi/13.3.0/../../../../arm-none-eabi/lib/thumb/v7-m/nofp\libc_nano.a(libc_a-nano-vfprintf.o)
 .rodata.str1.4
                0x08008d57       0x12 C:/msys64/mingw64/bin/../lib/gcc/arm-none-eabi/13.3.0/../../../../arm-none-eabi/lib/thumb/v7-m/nofp\libc_nano.a(libc_a-locale.o)
 .rodata.str1.4
                0x08008d57       0x43 C:/msys64/mingw64/bin/../lib/gcc/arm-none-eabi/13.3.0/../../../../arm-none-eabi/lib/thumb/v7-m/nofp\libc_nano.a(libc_a-assert.o)
                0x08008dd0                        . = ALIGN (0x4)
 *fill*         0x08008d57        0x1 

.ARM.extab      0x08008d58       0x3c
 *(.ARM.extab* .gnu.linkonce.armextab.*)
 .ARM.extab.text.HAL_TIM_PWM_PulseFinishedCallback
                0x08008d58        0xc build/app.o
 .ARM.extab.text._ZN9ModbusRTU4sendEv
                0x08008d64        0xc build/modbusRTU.o
 .ARM.extab.text._ZN9ModbusRTU7receiveEv
                0x08008d70        0xc build/modbusRTU.o
 .ARM.extab.text._ZN7WS2812B18startCallbackClockEv
                0x08008d7c        0xc build/ws2812b.o
 .ARM.extab.text._ZN7WS2812B17stopCallbackClockEv
                0x08008d88        0xc build/ws2812b.o

.ARM            0x08008d94      0x108
                0x08008d94                        __exidx_start = .
 *(.ARM.exidx*)
 .ARM.exidx     0x08008d94        0x8 C:/msys64/mingw64/bin/../lib/gcc/arm-none-eabi/13.3.0/../../../../arm-none-eabi/lib/thumb/v7-m/nofp\libc_nano.a(libc_a-memcpy.o)
 .ARM.exidx.text._Z41__static_initialization_and_destruction_0v
                0x08008d9c        0x0 build/app.o
                                  0x8 (size before relaxing)
 .ARM.exidx.text.__io_putchar
                0x08008d9c        0x8 build/app.o
 .ARM.exidx.text.setup
                0x08008da4        0x8 build/app.o
 .ARM.exidx.text.loop
                0x08008dac        0x8 build/app.o
 .ARM.exidx.text.HAL_TIM_PWM_PulseFinishedCallback
                0x08008db4        0x8 build/app.o
 .ARM.exidx.text.HAL_TIM_PeriodElapsedCallback
                0x08008dbc        0x8 build/app.o
 .ARM.exidx.text._GLOBAL__sub_I___io_putchar
                0x08008dc4        0x8 build/app.o
 .ARM.exidx.text._ZN9ModbusRTUC2EP20__UART_HandleTypeDef
                0x08008dcc        0x0 build/modbusRTU.o
                                  0x8 (size before relaxing)
 .ARM.exidx.text._ZN9ModbusRTU4initEv
                0x08008dcc        0x0 build/modbusRTU.o
                                  0x8 (size before relaxing)
 .ARM.exidx.text._ZN9ModbusRTU9appendCRCEPh
                0x08008dcc        0x0 build/modbusRTU.o
                                  0x8 (size before relaxing)
 .ARM.exidx.text._ZN9ModbusRTU4sendEv
                0x08008dcc        0x8 build/modbusRTU.o
 .ARM.exidx.text._ZN9ModbusRTU7receiveEv
                0x08008dd4        0x8 build/modbusRTU.o
 .ARM.exidx.text._ZN9ModbusRTU7requestEhhtt
                0x08008ddc        0x8 build/modbusRTU.o
 .ARM.exidx.text._ZN7WS2812BC2EP17TIM_HandleTypeDefmt
                0x08008de4        0x8 build/ws2812b.o
 .ARM.exidx.text._ZN7WS2812B4initE14WS2812B_STATUS
                0x08008dec        0x0 build/ws2812b.o
                                  0x8 (size before relaxing)
 .ARM.exidx.text._ZN7WS2812B10solidColorEmtt
                0x08008dec        0x0 build/ws2812b.o
                                  0x8 (size before relaxing)
 .ARM.exidx.text._ZN7WS2812B18startCallbackClockEv
                0x08008dec        0x8 build/ws2812b.o
 .ARM.exidx.text._ZN7WS2812B17stopCallbackClockEv
                0x08008df4        0x8 build/ws2812b.o
 .ARM.exidx.text._ZN7WS2812B10extractRedEm
                0x08008dfc        0x8 build/ws2812b.o
 .ARM.exidx.text._ZN7WS2812B12extractGreenEm
                0x08008e04        0x0 build/ws2812b.o
                                  0x8 (size before relaxing)
 .ARM.exidx.text._ZN7WS2812B11extractBlueEm
                0x08008e04        0x0 build/ws2812b.o
                                  0x8 (size before relaxing)
 .ARM.exidx.text._ZN7WS2812B10combineRGBEhhh
                0x08008e04        0x0 build/ws2812b.o
                                  0x8 (size before relaxing)
 .ARM.exidx.text._ZN7WS2812B15gradient2ColorsEmtmt
                0x08008e04        0x0 build/ws2812b.o
                                  0x8 (size before relaxing)
 .ARM.exidx.text._ZN7WS2812B5toGRBEm
                0x08008e04        0x0 build/ws2812b.o
                                  0x8 (size before relaxing)
 .ARM.exidx.text._ZN7WS2812B12updateBufferEv
                0x08008e04        0x0 build/ws2812b.o
                                  0x8 (size before relaxing)
 .ARM.exidx.text._ZN7WS2812B6renderEv
                0x08008e04        0x8 build/ws2812b.o
 .ARM.exidx.text._ZN7WS2812B10transitionEPff
                0x08008e0c       0x10 build/ws2812b.o
                                  0x8 (size before relaxing)
 .ARM.exidx.text.selfrel_offset31
                0x08008e1c        0x0 C:/msys64/mingw64/bin/../lib/gcc/arm-none-eabi/13.3.0/thumb/v7-m/nofp\libgcc.a(unwind-arm.o)
                                  0x8 (size before relaxing)
 .ARM.exidx.text.search_EIT_table
                0x08008e1c        0x0 C:/msys64/mingw64/bin/../lib/gcc/arm-none-eabi/13.3.0/thumb/v7-m/nofp\libgcc.a(unwind-arm.o)
                                  0x8 (size before relaxing)
 .ARM.exidx.text.__gnu_unwind_get_pr_addr
                0x08008e1c        0x0 C:/msys64/mingw64/bin/../lib/gcc/arm-none-eabi/13.3.0/thumb/v7-m/nofp\libgcc.a(unwind-arm.o)
                                  0x8 (size before relaxing)
 .ARM.exidx.text.get_eit_entry
                0x08008e1c        0x8 C:/msys64/mingw64/bin/../lib/gcc/arm-none-eabi/13.3.0/thumb/v7-m/nofp\libgcc.a(unwind-arm.o)
 .ARM.exidx.text.restore_non_core_regs
                0x08008e24        0x8 C:/msys64/mingw64/bin/../lib/gcc/arm-none-eabi/13.3.0/thumb/v7-m/nofp\libgcc.a(unwind-arm.o)
 .ARM.exidx.text._Unwind_decode_typeinfo_ptr.constprop.0
                0x08008e2c        0x8 C:/msys64/mingw64/bin/../lib/gcc/arm-none-eabi/13.3.0/thumb/v7-m/nofp\libgcc.a(unwind-arm.o)
 .ARM.exidx.text._Unwind_DebugHook
                0x08008e34        0x0 C:/msys64/mingw64/bin/../lib/gcc/arm-none-eabi/13.3.0/thumb/v7-m/nofp\libgcc.a(unwind-arm.o)
                                  0x8 (size before relaxing)
 .ARM.exidx.text.unwind_phase2
                0x08008e34        0x8 C:/msys64/mingw64/bin/../lib/gcc/arm-none-eabi/13.3.0/thumb/v7-m/nofp\libgcc.a(unwind-arm.o)
 .ARM.exidx.text.unwind_phase2_forced
                0x08008e3c        0x8 C:/msys64/mingw64/bin/../lib/gcc/arm-none-eabi/13.3.0/thumb/v7-m/nofp\libgcc.a(unwind-arm.o)
 .ARM.exidx.text.__gnu_Unwind_RaiseException
                0x08008e44        0x8 C:/msys64/mingw64/bin/../lib/gcc/arm-none-eabi/13.3.0/thumb/v7-m/nofp\libgcc.a(unwind-arm.o)
 .ARM.exidx.text.__gnu_Unwind_ForcedUnwind
                0x08008e4c        0x8 C:/msys64/mingw64/bin/../lib/gcc/arm-none-eabi/13.3.0/thumb/v7-m/nofp\libgcc.a(unwind-arm.o)
 .ARM.exidx.text.__gnu_Unwind_Resume
                0x08008e54        0x8 C:/msys64/mingw64/bin/../lib/gcc/arm-none-eabi/13.3.0/thumb/v7-m/nofp\libgcc.a(unwind-arm.o)
 .ARM.exidx.text.__gnu_Unwind_Resume_or_Rethrow
                0x08008e5c        0x8 C:/msys64/mingw64/bin/../lib/gcc/arm-none-eabi/13.3.0/thumb/v7-m/nofp\libgcc.a(unwind-arm.o)
 .ARM.exidx.text._Unwind_VRS_Get
                0x08008e64        0x0 C:/msys64/mingw64/bin/../lib/gcc/arm-none-eabi/13.3.0/thumb/v7-m/nofp\libgcc.a(unwind-arm.o)
                                  0x8 (size before relaxing)
 .ARM.exidx.text._Unwind_GetGR
                0x08008e64        0x0 C:/msys64/mingw64/bin/../lib/gcc/arm-none-eabi/13.3.0/thumb/v7-m/nofp\libgcc.a(unwind-arm.o)
                                  0x8 (size before relaxing)
 .ARM.exidx.text._Unwind_VRS_Set
                0x08008e64        0x0 C:/msys64/mingw64/bin/../lib/gcc/arm-none-eabi/13.3.0/thumb/v7-m/nofp\libgcc.a(unwind-arm.o)
                                  0x8 (size before relaxing)
 .ARM.exidx.text._Unwind_SetGR
                0x08008e64        0x0 C:/msys64/mingw64/bin/../lib/gcc/arm-none-eabi/13.3.0/thumb/v7-m/nofp\libgcc.a(unwind-arm.o)
                                  0x8 (size before relaxing)
 .ARM.exidx.text.__gnu_Unwind_Backtrace
                0x08008e64        0x8 C:/msys64/mingw64/bin/../lib/gcc/arm-none-eabi/13.3.0/thumb/v7-m/nofp\libgcc.a(unwind-arm.o)
 .ARM.exidx.text.__gnu_unwind_pr_common
                0x08008e6c        0x8 C:/msys64/mingw64/bin/../lib/gcc/arm-none-eabi/13.3.0/thumb/v7-m/nofp\libgcc.a(unwind-arm.o)
 .ARM.exidx.text.__aeabi_unwind_cpp_pr0
                0x08008e74        0x8 C:/msys64/mingw64/bin/../lib/gcc/arm-none-eabi/13.3.0/thumb/v7-m/nofp\libgcc.a(unwind-arm.o)
 .ARM.exidx.text.__aeabi_unwind_cpp_pr1
                0x08008e7c        0x0 C:/msys64/mingw64/bin/../lib/gcc/arm-none-eabi/13.3.0/thumb/v7-m/nofp\libgcc.a(unwind-arm.o)
                                  0x8 (size before relaxing)
 .ARM.exidx.text.__aeabi_unwind_cpp_pr2
                0x08008e7c        0x0 C:/msys64/mingw64/bin/../lib/gcc/arm-none-eabi/13.3.0/thumb/v7-m/nofp\libgcc.a(unwind-arm.o)
                                  0x8 (size before relaxing)
 .ARM.exidx.text._Unwind_VRS_Pop
                0x08008e7c        0x8 C:/msys64/mingw64/bin/../lib/gcc/arm-none-eabi/13.3.0/thumb/v7-m/nofp\libgcc.a(unwind-arm.o)
 .ARM.exidx.text.next_unwind_byte
                0x08008e84        0x8 C:/msys64/mingw64/bin/../lib/gcc/arm-none-eabi/13.3.0/thumb/v7-m/nofp\libgcc.a(pr-support.o)
 .ARM.exidx.text.__gnu_unwind_execute
                0x08008e8c       0x10 C:/msys64/mingw64/bin/../lib/gcc/arm-none-eabi/13.3.0/thumb/v7-m/nofp\libgcc.a(pr-support.o)
                                  0x8 (size before relaxing)
                0x08008e9c                        __exidx_end = .

.rel.dyn        0x08008e9c        0x0
 .rel.iplt      0x08008e9c        0x0 C:/msys64/mingw64/bin/../lib/gcc/arm-none-eabi/13.3.0/thumb/v7-m/nofp/crtbegin.o

.preinit_array  0x08008e9c        0x0
                0x08008e9c                        PROVIDE (__preinit_array_start = .)
 *(.preinit_array*)
                0x08008e9c                        PROVIDE (__preinit_array_end = .)

.init_array     0x08008e9c        0x8
                0x08008e9c                        PROVIDE (__init_array_start = .)
 *(SORT_BY_NAME(.init_array.*))
 *(.init_array*)
 .init_array    0x08008e9c        0x4 C:/msys64/mingw64/bin/../lib/gcc/arm-none-eabi/13.3.0/thumb/v7-m/nofp/crtbegin.o
 .init_array    0x08008ea0        0x4 build/app.o
                0x08008ea4                        PROVIDE (__init_array_end = .)

.fini_array     0x08008ea4        0x4
                0x08008ea4                        PROVIDE (__fini_array_start = .)
 *(SORT_BY_NAME(.fini_array.*))
 *(.fini_array*)
 .fini_array    0x08008ea4        0x4 C:/msys64/mingw64/bin/../lib/gcc/arm-none-eabi/13.3.0/thumb/v7-m/nofp/crtbegin.o
                0x08008ea8                        PROVIDE (__fini_array_end = .)
                0x08008ea8                        _sidata = LOADADDR (.data)

.data           0x20000000      0x1d4 load address 0x08008ea8
                0x20000000                        . = ALIGN (0x4)
                0x20000000                        _sdata = .
 *(.data)
 .data          0x20000000        0xc C:/msys64/mingw64/bin/../lib/gcc/arm-none-eabi/13.3.0/../../../../arm-none-eabi/lib/thumb/v7-m/nofp\libc_nano.a(libc_a-findfp.o)
                0x20000000                __sglue
 .data          0x2000000c       0x50 C:/msys64/mingw64/bin/../lib/gcc/arm-none-eabi/13.3.0/../../../../arm-none-eabi/lib/thumb/v7-m/nofp\libc_nano.a(libc_a-impure.o)
                0x2000000c                _impure_ptr
                0x20000010                _impure_data
 .data          0x2000005c      0x16c C:/msys64/mingw64/bin/../lib/gcc/arm-none-eabi/13.3.0/../../../../arm-none-eabi/lib/thumb/v7-m/nofp\libc_nano.a(libc_a-locale.o)
                0x2000005c                __global_locale
 *(.data*)
 .data.uwTickFreq
                0x200001c8        0x1 build/stm32f1xx_hal.o
                0x200001c8                uwTickFreq
 *fill*         0x200001c9        0x3 
 .data.uwTickPrio
                0x200001cc        0x4 build/stm32f1xx_hal.o
                0x200001cc                uwTickPrio
 .data.SystemCoreClock
                0x200001d0        0x4 build/system_stm32f1xx.o
                0x200001d0                SystemCoreClock
                0x200001d4                        . = ALIGN (0x4)
                0x200001d4                        _edata = .

.igot.plt       0x200001d4        0x0 load address 0x0800907c
 .igot.plt      0x200001d4        0x0 C:/msys64/mingw64/bin/../lib/gcc/arm-none-eabi/13.3.0/thumb/v7-m/nofp/crtbegin.o
                0x200001d4                        . = ALIGN (0x4)

.bss            0x200001d4      0x348 load address 0x0800907c
                0x200001d4                        _sbss = .
                0x200001d4                        __bss_start__ = _sbss
 *(.bss)
 .bss           0x200001d4        0x8 C:/msys64/mingw64/bin/../lib/gcc/arm-none-eabi/13.3.0/../../../../arm-none-eabi/lib/thumb/v7-m/nofp\libc_nano.a(libc_a-mallocr.o)
                0x200001d4                __malloc_sbrk_start
                0x200001d8                __malloc_free_list
 .bss           0x200001dc      0x13c C:/msys64/mingw64/bin/../lib/gcc/arm-none-eabi/13.3.0/../../../../arm-none-eabi/lib/thumb/v7-m/nofp\libc_nano.a(libc_a-findfp.o)
                0x200001dc                __sf
                0x20000314                __stdio_exit_handler
 .bss           0x20000318        0x4 C:/msys64/mingw64/bin/../lib/gcc/arm-none-eabi/13.3.0/../../../../arm-none-eabi/lib/thumb/v7-m/nofp\libc_nano.a(libc_a-reent.o)
                0x20000318                errno
 .bss           0x2000031c       0x1d C:/msys64/mingw64/bin/../lib/gcc/arm-none-eabi/13.3.0/../../../../arm-none-eabi/lib/thumb/v7-m/nofp\libc_nano.a(libc_a-lock.o)
                0x2000031c                __lock___arc4random_mutex
                0x20000320                __lock___dd_hash_mutex
                0x20000324                __lock___tz_mutex
                0x20000328                __lock___env_recursive_mutex
                0x2000032c                __lock___malloc_recursive_mutex
                0x20000330                __lock___at_quick_exit_mutex
                0x20000334                __lock___atexit_recursive_mutex
                0x20000338                __lock___sfp_recursive_mutex
 *(.bss*)
 .bss.completed.1
                0x20000339        0x1 C:/msys64/mingw64/bin/../lib/gcc/arm-none-eabi/13.3.0/thumb/v7-m/nofp/crtbegin.o
 *fill*         0x2000033a        0x2 
 .bss.object.0  0x2000033c       0x18 C:/msys64/mingw64/bin/../lib/gcc/arm-none-eabi/13.3.0/thumb/v7-m/nofp/crtbegin.o
 .bss.huart2    0x20000354       0x48 build/main.o
                0x20000354                huart2
 .bss.huart1    0x2000039c       0x48 build/main.o
                0x2000039c                huart1
 .bss.hdma_tim1_ch1
                0x200003e4       0x44 build/main.o
                0x200003e4                hdma_tim1_ch1
 .bss.htim2     0x20000428       0x48 build/main.o
                0x20000428                htim2
 .bss.htim1     0x20000470       0x48 build/main.o
                0x20000470                htim1
 .bss.uwTick    0x200004b8        0x4 build/stm32f1xx_hal.o
                0x200004b8                uwTick
 .bss.__sbrk_heap_end
                0x200004bc        0x4 build/sysmem.o
 .bss.callbackCounter
                0x200004c0        0x2 build/app.o
                0x200004c0                callbackCounter
 .bss.curr_LSB  0x200004c2        0x1 build/app.o
                0x200004c2                curr_LSB
 .bss.curr_MSB  0x200004c3        0x1 build/app.o
                0x200004c3                curr_MSB
 .bss.volt_LSB  0x200004c4        0x1 build/app.o
                0x200004c4                volt_LSB
 .bss.volt_MSB  0x200004c5        0x1 build/app.o
                0x200004c5                volt_MSB
 .bss.valueChanged
                0x200004c6        0x1 build/app.o
                0x200004c6                valueChanged
 *fill*         0x200004c7        0x1 
 .bss.tick      0x200004c8        0x4 build/app.o
                0x200004c8                tick
 .bss.modbusClient
                0x200004cc       0x18 build/app.o
                0x200004cc                modbusClient
 .bss.led       0x200004e4       0x38 build/app.o
                0x200004e4                led
 *(COMMON)
                0x2000051c                        . = ALIGN (0x4)
                0x2000051c                        _ebss = .
                0x2000051c                        __bss_end__ = _ebss

._user_heap_stack
                0x2000051c      0x604 load address 0x0800907c
                0x20000520                        . = ALIGN (0x8)
 *fill*         0x2000051c        0x4 
                [!provide]                        PROVIDE (end = .)
                0x20000520                        PROVIDE (_end = .)
                0x20000720                        . = (. + _Min_Heap_Size)
 *fill*         0x20000520      0x200 
                0x20000b20                        . = (. + _Min_Stack_Size)
 *fill*         0x20000720      0x400 
                0x20000b20                        . = ALIGN (0x8)

/DISCARD/
 libc.a(*)
 libm.a(*)
 libgcc.a(*)
OUTPUT(build/_firmware.elf elf32-littlearm)
LOAD linker stubs
LOAD C:/msys64/mingw64/bin/../lib/gcc/arm-none-eabi/13.3.0/../../../../arm-none-eabi/lib/thumb/v7-m/nofp\libc.a
LOAD C:/msys64/mingw64/bin/../lib/gcc/arm-none-eabi/13.3.0/../../../../arm-none-eabi/lib/thumb/v7-m/nofp\libm.a
LOAD C:/msys64/mingw64/bin/../lib/gcc/arm-none-eabi/13.3.0/thumb/v7-m/nofp\libgcc.a

.ARM.attributes
                0x00000000       0x29
 .ARM.attributes
                0x00000000       0x1d C:/msys64/mingw64/bin/../lib/gcc/arm-none-eabi/13.3.0/thumb/v7-m/nofp/crti.o
 .ARM.attributes
                0x0000001d       0x2d C:/msys64/mingw64/bin/../lib/gcc/arm-none-eabi/13.3.0/thumb/v7-m/nofp/crtbegin.o
 .ARM.attributes
                0x0000004a       0x2d build/main.o
 .ARM.attributes
                0x00000077       0x2d build/stm32f1xx_it.o
 .ARM.attributes
                0x000000a4       0x2d build/stm32f1xx_hal_msp.o
 .ARM.attributes
                0x000000d1       0x2d build/stm32f1xx_hal.o
 .ARM.attributes
                0x000000fe       0x2d build/stm32f1xx_hal_rcc.o
 .ARM.attributes
                0x0000012b       0x2d build/stm32f1xx_hal_gpio.o
 .ARM.attributes
                0x00000158       0x2d build/stm32f1xx_hal_dma.o
 .ARM.attributes
                0x00000185       0x2d build/stm32f1xx_hal_cortex.o
 .ARM.attributes
                0x000001b2       0x2d build/system_stm32f1xx.o
 .ARM.attributes
                0x000001df       0x2d build/sysmem.o
 .ARM.attributes
                0x0000020c       0x2d build/syscalls.o
 .ARM.attributes
                0x00000239       0x2d build/stm32f1xx_hal_uart.o
 .ARM.attributes
                0x00000266       0x2d build/stm32f1xx_hal_tim.o
 .ARM.attributes
                0x00000293       0x2d build/stm32f1xx_hal_tim_ex.o
 .ARM.attributes
                0x000002c0       0x2d build/app.o
 .ARM.attributes
                0x000002ed       0x2d build/modbusRTU.o
 .ARM.attributes
                0x0000031a       0x2d build/ws2812b.o
 .ARM.attributes
                0x00000347       0x21 build/startup_stm32f103xb.o
 .ARM.attributes
                0x00000368       0x2d C:/msys64/mingw64/bin/../lib/gcc/arm-none-eabi/13.3.0/../../../../arm-none-eabi/lib/thumb/v7-m/nofp\libc_nano.a(libc_a-calloc.o)
 .ARM.attributes
                0x00000395       0x2d C:/msys64/mingw64/bin/../lib/gcc/arm-none-eabi/13.3.0/../../../../arm-none-eabi/lib/thumb/v7-m/nofp\libc_nano.a(libc_a-callocr.o)
 .ARM.attributes
                0x000003c2       0x2d C:/msys64/mingw64/bin/../lib/gcc/arm-none-eabi/13.3.0/../../../../arm-none-eabi/lib/thumb/v7-m/nofp\libc_nano.a(libc_a-malloc.o)
 .ARM.attributes
                0x000003ef       0x2d C:/msys64/mingw64/bin/../lib/gcc/arm-none-eabi/13.3.0/../../../../arm-none-eabi/lib/thumb/v7-m/nofp\libc_nano.a(libc_a-mallocr.o)
 .ARM.attributes
                0x0000041c       0x2d C:/msys64/mingw64/bin/../lib/gcc/arm-none-eabi/13.3.0/../../../../arm-none-eabi/lib/thumb/v7-m/nofp\libc_nano.a(libc_a-mlock.o)
 .ARM.attributes
                0x00000449       0x2d C:/msys64/mingw64/bin/../lib/gcc/arm-none-eabi/13.3.0/../../../../arm-none-eabi/lib/thumb/v7-m/nofp\libc_nano.a(libc_a-nano-vfprintf_float.o)
 .ARM.attributes
                0x00000476       0x2d C:/msys64/mingw64/bin/../lib/gcc/arm-none-eabi/13.3.0/../../../../arm-none-eabi/lib/thumb/v7-m/nofp\libc_nano.a(libc_a-nano-vfprintf_i.o)
 .ARM.attributes
                0x000004a3       0x2d C:/msys64/mingw64/bin/../lib/gcc/arm-none-eabi/13.3.0/../../../../arm-none-eabi/lib/thumb/v7-m/nofp\libc_nano.a(libc_a-findfp.o)
 .ARM.attributes
                0x000004d0       0x2d C:/msys64/mingw64/bin/../lib/gcc/arm-none-eabi/13.3.0/../../../../arm-none-eabi/lib/thumb/v7-m/nofp\libc_nano.a(libc_a-fwalk.o)
 .ARM.attributes
                0x000004fd       0x2d C:/msys64/mingw64/bin/../lib/gcc/arm-none-eabi/13.3.0/../../../../arm-none-eabi/lib/thumb/v7-m/nofp\libc_nano.a(libc_a-printf.o)
 .ARM.attributes
                0x0000052a       0x2d C:/msys64/mingw64/bin/../lib/gcc/arm-none-eabi/13.3.0/../../../../arm-none-eabi/lib/thumb/v7-m/nofp\libc_nano.a(libc_a-stdio.o)
 .ARM.attributes
                0x00000557       0x2d C:/msys64/mingw64/bin/../lib/gcc/arm-none-eabi/13.3.0/../../../../arm-none-eabi/lib/thumb/v7-m/nofp\libc_nano.a(libc_a-memset.o)
 .ARM.attributes
                0x00000584       0x2d C:/msys64/mingw64/bin/../lib/gcc/arm-none-eabi/13.3.0/../../../../arm-none-eabi/lib/thumb/v7-m/nofp\libc_nano.a(libc_a-localeconv.o)
 .ARM.attributes
                0x000005b1       0x2d C:/msys64/mingw64/bin/../lib/gcc/arm-none-eabi/13.3.0/../../../../arm-none-eabi/lib/thumb/v7-m/nofp\libc_nano.a(libc_a-closer.o)
 .ARM.attributes
                0x000005de       0x2d C:/msys64/mingw64/bin/../lib/gcc/arm-none-eabi/13.3.0/../../../../arm-none-eabi/lib/thumb/v7-m/nofp\libc_nano.a(libc_a-reent.o)
 .ARM.attributes
                0x0000060b       0x2d C:/msys64/mingw64/bin/../lib/gcc/arm-none-eabi/13.3.0/../../../../arm-none-eabi/lib/thumb/v7-m/nofp\libc_nano.a(libc_a-impure.o)
 .ARM.attributes
                0x00000638       0x2d C:/msys64/mingw64/bin/../lib/gcc/arm-none-eabi/13.3.0/../../../../arm-none-eabi/lib/thumb/v7-m/nofp\libc_nano.a(libc_a-lseekr.o)
 .ARM.attributes
                0x00000665       0x2d C:/msys64/mingw64/bin/../lib/gcc/arm-none-eabi/13.3.0/../../../../arm-none-eabi/lib/thumb/v7-m/nofp\libc_nano.a(libc_a-readr.o)
 .ARM.attributes
                0x00000692       0x2d C:/msys64/mingw64/bin/../lib/gcc/arm-none-eabi/13.3.0/../../../../arm-none-eabi/lib/thumb/v7-m/nofp\libc_nano.a(libc_a-sbrkr.o)
 .ARM.attributes
                0x000006bf       0x2d C:/msys64/mingw64/bin/../lib/gcc/arm-none-eabi/13.3.0/../../../../arm-none-eabi/lib/thumb/v7-m/nofp\libc_nano.a(libc_a-writer.o)
 .ARM.attributes
                0x000006ec       0x2d C:/msys64/mingw64/bin/../lib/gcc/arm-none-eabi/13.3.0/../../../../arm-none-eabi/lib/thumb/v7-m/nofp\libc_nano.a(libc_a-errno.o)
 .ARM.attributes
                0x00000719       0x2d C:/msys64/mingw64/bin/../lib/gcc/arm-none-eabi/13.3.0/../../../../arm-none-eabi/lib/thumb/v7-m/nofp\libc_nano.a(libc_a-init.o)
 .ARM.attributes
                0x00000746       0x2d C:/msys64/mingw64/bin/../lib/gcc/arm-none-eabi/13.3.0/../../../../arm-none-eabi/lib/thumb/v7-m/nofp\libc_nano.a(libc_a-lock.o)
 .ARM.attributes
                0x00000773       0x2d C:/msys64/mingw64/bin/../lib/gcc/arm-none-eabi/13.3.0/../../../../arm-none-eabi/lib/thumb/v7-m/nofp\libc_nano.a(libc_a-memchr-stub.o)
 .ARM.attributes
                0x000007a0       0x1b C:/msys64/mingw64/bin/../lib/gcc/arm-none-eabi/13.3.0/../../../../arm-none-eabi/lib/thumb/v7-m/nofp\libc_nano.a(libc_a-memcpy.o)
 .ARM.attributes
                0x000007bb       0x2d C:/msys64/mingw64/bin/../lib/gcc/arm-none-eabi/13.3.0/../../../../arm-none-eabi/lib/thumb/v7-m/nofp\libc_nano.a(libc_a-strlen-stub.o)
 .ARM.attributes
                0x000007e8       0x2d C:/msys64/mingw64/bin/../lib/gcc/arm-none-eabi/13.3.0/../../../../arm-none-eabi/lib/thumb/v7-m/nofp\libc_nano.a(libc_a-dtoa.o)
 .ARM.attributes
                0x00000815       0x2d C:/msys64/mingw64/bin/../lib/gcc/arm-none-eabi/13.3.0/../../../../arm-none-eabi/lib/thumb/v7-m/nofp\libc_nano.a(libc_a-freer.o)
 .ARM.attributes
                0x00000842       0x2d C:/msys64/mingw64/bin/../lib/gcc/arm-none-eabi/13.3.0/../../../../arm-none-eabi/lib/thumb/v7-m/nofp\libc_nano.a(libc_a-mprec.o)
 .ARM.attributes
                0x0000086f       0x2d C:/msys64/mingw64/bin/../lib/gcc/arm-none-eabi/13.3.0/../../../../arm-none-eabi/lib/thumb/v7-m/nofp\libc_nano.a(libc_a-nano-vfprintf.o)
 .ARM.attributes
                0x0000089c       0x2d C:/msys64/mingw64/bin/../lib/gcc/arm-none-eabi/13.3.0/../../../../arm-none-eabi/lib/thumb/v7-m/nofp\libc_nano.a(libc_a-fflush.o)
 .ARM.attributes
                0x000008c9       0x2d C:/msys64/mingw64/bin/../lib/gcc/arm-none-eabi/13.3.0/../../../../arm-none-eabi/lib/thumb/v7-m/nofp\libc_nano.a(libc_a-fvwrite.o)
 .ARM.attributes
                0x000008f6       0x2d C:/msys64/mingw64/bin/../lib/gcc/arm-none-eabi/13.3.0/../../../../arm-none-eabi/lib/thumb/v7-m/nofp\libc_nano.a(libc_a-wbuf.o)
 .ARM.attributes
                0x00000923       0x2d C:/msys64/mingw64/bin/../lib/gcc/arm-none-eabi/13.3.0/../../../../arm-none-eabi/lib/thumb/v7-m/nofp\libc_nano.a(libc_a-wsetup.o)
 .ARM.attributes
                0x00000950       0x2d C:/msys64/mingw64/bin/../lib/gcc/arm-none-eabi/13.3.0/../../../../arm-none-eabi/lib/thumb/v7-m/nofp\libc_nano.a(libc_a-memmove.o)
 .ARM.attributes
                0x0000097d       0x2d C:/msys64/mingw64/bin/../lib/gcc/arm-none-eabi/13.3.0/../../../../arm-none-eabi/lib/thumb/v7-m/nofp\libc_nano.a(libc_a-locale.o)
 .ARM.attributes
                0x000009aa       0x2d C:/msys64/mingw64/bin/../lib/gcc/arm-none-eabi/13.3.0/../../../../arm-none-eabi/lib/thumb/v7-m/nofp\libc_nano.a(libc_a-assert.o)
 .ARM.attributes
                0x000009d7       0x2d C:/msys64/mingw64/bin/../lib/gcc/arm-none-eabi/13.3.0/../../../../arm-none-eabi/lib/thumb/v7-m/nofp\libc_nano.a(libc_a-mbtowc_r.o)
 .ARM.attributes
                0x00000a04       0x2d C:/msys64/mingw64/bin/../lib/gcc/arm-none-eabi/13.3.0/../../../../arm-none-eabi/lib/thumb/v7-m/nofp\libc_nano.a(libc_a-reallocr.o)
 .ARM.attributes
                0x00000a31       0x2d C:/msys64/mingw64/bin/../lib/gcc/arm-none-eabi/13.3.0/../../../../arm-none-eabi/lib/thumb/v7-m/nofp\libc_nano.a(libc_a-wctomb_r.o)
 .ARM.attributes
                0x00000a5e       0x2d C:/msys64/mingw64/bin/../lib/gcc/arm-none-eabi/13.3.0/../../../../arm-none-eabi/lib/thumb/v7-m/nofp\libc_nano.a(libc_a-ctype_.o)
 .ARM.attributes
                0x00000a8b       0x2d C:/msys64/mingw64/bin/../lib/gcc/arm-none-eabi/13.3.0/../../../../arm-none-eabi/lib/thumb/v7-m/nofp\libc_nano.a(libc_a-fprintf.o)
 .ARM.attributes
                0x00000ab8       0x2d C:/msys64/mingw64/bin/../lib/gcc/arm-none-eabi/13.3.0/../../../../arm-none-eabi/lib/thumb/v7-m/nofp\libc_nano.a(libc_a-makebuf.o)
 .ARM.attributes
                0x00000ae5       0x2d C:/msys64/mingw64/bin/../lib/gcc/arm-none-eabi/13.3.0/../../../../arm-none-eabi/lib/thumb/v7-m/nofp\libc_nano.a(libc_a-fstatr.o)
 .ARM.attributes
                0x00000b12       0x2d C:/msys64/mingw64/bin/../lib/gcc/arm-none-eabi/13.3.0/../../../../arm-none-eabi/lib/thumb/v7-m/nofp\libc_nano.a(libc_a-isattyr.o)
 .ARM.attributes
                0x00000b3f       0x2d C:/msys64/mingw64/bin/../lib/gcc/arm-none-eabi/13.3.0/../../../../arm-none-eabi/lib/thumb/v7-m/nofp\libc_nano.a(libc_a-abort.o)
 .ARM.attributes
                0x00000b6c       0x2d C:/msys64/mingw64/bin/../lib/gcc/arm-none-eabi/13.3.0/../../../../arm-none-eabi/lib/thumb/v7-m/nofp\libc_nano.a(libc_a-msizer.o)
 .ARM.attributes
                0x00000b99       0x2d C:/msys64/mingw64/bin/../lib/gcc/arm-none-eabi/13.3.0/../../../../arm-none-eabi/lib/thumb/v7-m/nofp\libc_nano.a(libc_a-signal.o)
 .ARM.attributes
                0x00000bc6       0x2d C:/msys64/mingw64/bin/../lib/gcc/arm-none-eabi/13.3.0/../../../../arm-none-eabi/lib/thumb/v7-m/nofp\libc_nano.a(libc_a-signalr.o)
 .ARM.attributes
                0x00000bf3       0x1d C:/msys64/mingw64/bin/../lib/gcc/arm-none-eabi/13.3.0/thumb/v7-m/nofp\libgcc.a(_arm_addsubdf3.o)
 .ARM.attributes
                0x00000c10       0x1d C:/msys64/mingw64/bin/../lib/gcc/arm-none-eabi/13.3.0/thumb/v7-m/nofp\libgcc.a(_arm_muldivdf3.o)
 .ARM.attributes
                0x00000c2d       0x1d C:/msys64/mingw64/bin/../lib/gcc/arm-none-eabi/13.3.0/thumb/v7-m/nofp\libgcc.a(_arm_cmpdf2.o)
 .ARM.attributes
                0x00000c4a       0x1d C:/msys64/mingw64/bin/../lib/gcc/arm-none-eabi/13.3.0/thumb/v7-m/nofp\libgcc.a(_arm_unorddf2.o)
 .ARM.attributes
                0x00000c67       0x1d C:/msys64/mingw64/bin/../lib/gcc/arm-none-eabi/13.3.0/thumb/v7-m/nofp\libgcc.a(_arm_fixdfsi.o)
 .ARM.attributes
                0x00000c84       0x1d C:/msys64/mingw64/bin/../lib/gcc/arm-none-eabi/13.3.0/thumb/v7-m/nofp\libgcc.a(_arm_addsubsf3.o)
 .ARM.attributes
                0x00000ca1       0x1d C:/msys64/mingw64/bin/../lib/gcc/arm-none-eabi/13.3.0/thumb/v7-m/nofp\libgcc.a(_arm_muldivsf3.o)
 .ARM.attributes
                0x00000cbe       0x1d C:/msys64/mingw64/bin/../lib/gcc/arm-none-eabi/13.3.0/thumb/v7-m/nofp\libgcc.a(_arm_cmpsf2.o)
 .ARM.attributes
                0x00000cdb       0x1d C:/msys64/mingw64/bin/../lib/gcc/arm-none-eabi/13.3.0/thumb/v7-m/nofp\libgcc.a(_arm_fixunssfsi.o)
 .ARM.attributes
                0x00000cf8       0x2d C:/msys64/mingw64/bin/../lib/gcc/arm-none-eabi/13.3.0/thumb/v7-m/nofp\libgcc.a(unwind-arm.o)
 .ARM.attributes
                0x00000d25       0x1d C:/msys64/mingw64/bin/../lib/gcc/arm-none-eabi/13.3.0/thumb/v7-m/nofp\libgcc.a(libunwind.o)
 .ARM.attributes
                0x00000d42       0x2d C:/msys64/mingw64/bin/../lib/gcc/arm-none-eabi/13.3.0/thumb/v7-m/nofp\libgcc.a(pr-support.o)
 .ARM.attributes
                0x00000d6f       0x1d C:/msys64/mingw64/bin/../lib/gcc/arm-none-eabi/13.3.0/thumb/v7-m/nofp/crtn.o

.comment        0x00000000       0x24
 .comment       0x00000000       0x24 build/main.o
                                 0x13 (size before relaxing)
 .comment       0x00000024       0x13 build/stm32f1xx_it.o
 .comment       0x00000024       0x13 build/stm32f1xx_hal_msp.o
 .comment       0x00000024       0x13 build/stm32f1xx_hal.o
 .comment       0x00000024       0x13 build/stm32f1xx_hal_rcc.o
 .comment       0x00000024       0x13 build/stm32f1xx_hal_gpio.o
 .comment       0x00000024       0x13 build/stm32f1xx_hal_dma.o
 .comment       0x00000024       0x13 build/stm32f1xx_hal_cortex.o
 .comment       0x00000024       0x13 build/system_stm32f1xx.o
 .comment       0x00000024       0x13 build/sysmem.o
 .comment       0x00000024       0x13 build/syscalls.o
 .comment       0x00000024       0x13 build/stm32f1xx_hal_uart.o
 .comment       0x00000024       0x13 build/stm32f1xx_hal_tim.o
 .comment       0x00000024       0x13 build/stm32f1xx_hal_tim_ex.o
 .comment       0x00000024       0x13 build/app.o
 .comment       0x00000024       0x13 build/modbusRTU.o
 .comment       0x00000024       0x13 build/ws2812b.o
 .comment       0x00000024       0x13 C:/msys64/mingw64/bin/../lib/gcc/arm-none-eabi/13.3.0/../../../../arm-none-eabi/lib/thumb/v7-m/nofp\libc_nano.a(libc_a-calloc.o)
 .comment       0x00000024       0x13 C:/msys64/mingw64/bin/../lib/gcc/arm-none-eabi/13.3.0/../../../../arm-none-eabi/lib/thumb/v7-m/nofp\libc_nano.a(libc_a-callocr.o)
 .comment       0x00000024       0x13 C:/msys64/mingw64/bin/../lib/gcc/arm-none-eabi/13.3.0/../../../../arm-none-eabi/lib/thumb/v7-m/nofp\libc_nano.a(libc_a-malloc.o)
 .comment       0x00000024       0x13 C:/msys64/mingw64/bin/../lib/gcc/arm-none-eabi/13.3.0/../../../../arm-none-eabi/lib/thumb/v7-m/nofp\libc_nano.a(libc_a-mallocr.o)
 .comment       0x00000024       0x13 C:/msys64/mingw64/bin/../lib/gcc/arm-none-eabi/13.3.0/../../../../arm-none-eabi/lib/thumb/v7-m/nofp\libc_nano.a(libc_a-mlock.o)
 .comment       0x00000024       0x13 C:/msys64/mingw64/bin/../lib/gcc/arm-none-eabi/13.3.0/../../../../arm-none-eabi/lib/thumb/v7-m/nofp\libc_nano.a(libc_a-nano-vfprintf_float.o)
 .comment       0x00000024       0x13 C:/msys64/mingw64/bin/../lib/gcc/arm-none-eabi/13.3.0/../../../../arm-none-eabi/lib/thumb/v7-m/nofp\libc_nano.a(libc_a-nano-vfprintf_i.o)
 .comment       0x00000024       0x13 C:/msys64/mingw64/bin/../lib/gcc/arm-none-eabi/13.3.0/../../../../arm-none-eabi/lib/thumb/v7-m/nofp\libc_nano.a(libc_a-findfp.o)
 .comment       0x00000024       0x13 C:/msys64/mingw64/bin/../lib/gcc/arm-none-eabi/13.3.0/../../../../arm-none-eabi/lib/thumb/v7-m/nofp\libc_nano.a(libc_a-fwalk.o)
 .comment       0x00000024       0x13 C:/msys64/mingw64/bin/../lib/gcc/arm-none-eabi/13.3.0/../../../../arm-none-eabi/lib/thumb/v7-m/nofp\libc_nano.a(libc_a-printf.o)
 .comment       0x00000024       0x13 C:/msys64/mingw64/bin/../lib/gcc/arm-none-eabi/13.3.0/../../../../arm-none-eabi/lib/thumb/v7-m/nofp\libc_nano.a(libc_a-stdio.o)
 .comment       0x00000024       0x13 C:/msys64/mingw64/bin/../lib/gcc/arm-none-eabi/13.3.0/../../../../arm-none-eabi/lib/thumb/v7-m/nofp\libc_nano.a(libc_a-memset.o)
 .comment       0x00000024       0x13 C:/msys64/mingw64/bin/../lib/gcc/arm-none-eabi/13.3.0/../../../../arm-none-eabi/lib/thumb/v7-m/nofp\libc_nano.a(libc_a-localeconv.o)
 .comment       0x00000024       0x13 C:/msys64/mingw64/bin/../lib/gcc/arm-none-eabi/13.3.0/../../../../arm-none-eabi/lib/thumb/v7-m/nofp\libc_nano.a(libc_a-closer.o)
 .comment       0x00000024       0x13 C:/msys64/mingw64/bin/../lib/gcc/arm-none-eabi/13.3.0/../../../../arm-none-eabi/lib/thumb/v7-m/nofp\libc_nano.a(libc_a-reent.o)
 .comment       0x00000024       0x13 C:/msys64/mingw64/bin/../lib/gcc/arm-none-eabi/13.3.0/../../../../arm-none-eabi/lib/thumb/v7-m/nofp\libc_nano.a(libc_a-impure.o)
 .comment       0x00000024       0x13 C:/msys64/mingw64/bin/../lib/gcc/arm-none-eabi/13.3.0/../../../../arm-none-eabi/lib/thumb/v7-m/nofp\libc_nano.a(libc_a-lseekr.o)
 .comment       0x00000024       0x13 C:/msys64/mingw64/bin/../lib/gcc/arm-none-eabi/13.3.0/../../../../arm-none-eabi/lib/thumb/v7-m/nofp\libc_nano.a(libc_a-readr.o)
 .comment       0x00000024       0x13 C:/msys64/mingw64/bin/../lib/gcc/arm-none-eabi/13.3.0/../../../../arm-none-eabi/lib/thumb/v7-m/nofp\libc_nano.a(libc_a-sbrkr.o)
 .comment       0x00000024       0x13 C:/msys64/mingw64/bin/../lib/gcc/arm-none-eabi/13.3.0/../../../../arm-none-eabi/lib/thumb/v7-m/nofp\libc_nano.a(libc_a-writer.o)
 .comment       0x00000024       0x13 C:/msys64/mingw64/bin/../lib/gcc/arm-none-eabi/13.3.0/../../../../arm-none-eabi/lib/thumb/v7-m/nofp\libc_nano.a(libc_a-errno.o)
 .comment       0x00000024       0x13 C:/msys64/mingw64/bin/../lib/gcc/arm-none-eabi/13.3.0/../../../../arm-none-eabi/lib/thumb/v7-m/nofp\libc_nano.a(libc_a-init.o)
 .comment       0x00000024       0x13 C:/msys64/mingw64/bin/../lib/gcc/arm-none-eabi/13.3.0/../../../../arm-none-eabi/lib/thumb/v7-m/nofp\libc_nano.a(libc_a-lock.o)
 .comment       0x00000024       0x13 C:/msys64/mingw64/bin/../lib/gcc/arm-none-eabi/13.3.0/../../../../arm-none-eabi/lib/thumb/v7-m/nofp\libc_nano.a(libc_a-memchr-stub.o)
 .comment       0x00000024       0x13 C:/msys64/mingw64/bin/../lib/gcc/arm-none-eabi/13.3.0/../../../../arm-none-eabi/lib/thumb/v7-m/nofp\libc_nano.a(libc_a-strlen-stub.o)
 .comment       0x00000024       0x13 C:/msys64/mingw64/bin/../lib/gcc/arm-none-eabi/13.3.0/../../../../arm-none-eabi/lib/thumb/v7-m/nofp\libc_nano.a(libc_a-dtoa.o)
 .comment       0x00000024       0x13 C:/msys64/mingw64/bin/../lib/gcc/arm-none-eabi/13.3.0/../../../../arm-none-eabi/lib/thumb/v7-m/nofp\libc_nano.a(libc_a-freer.o)
 .comment       0x00000024       0x13 C:/msys64/mingw64/bin/../lib/gcc/arm-none-eabi/13.3.0/../../../../arm-none-eabi/lib/thumb/v7-m/nofp\libc_nano.a(libc_a-mprec.o)
 .comment       0x00000024       0x13 C:/msys64/mingw64/bin/../lib/gcc/arm-none-eabi/13.3.0/../../../../arm-none-eabi/lib/thumb/v7-m/nofp\libc_nano.a(libc_a-nano-vfprintf.o)
 .comment       0x00000024       0x13 C:/msys64/mingw64/bin/../lib/gcc/arm-none-eabi/13.3.0/../../../../arm-none-eabi/lib/thumb/v7-m/nofp\libc_nano.a(libc_a-fflush.o)
 .comment       0x00000024       0x13 C:/msys64/mingw64/bin/../lib/gcc/arm-none-eabi/13.3.0/../../../../arm-none-eabi/lib/thumb/v7-m/nofp\libc_nano.a(libc_a-fvwrite.o)
 .comment       0x00000024       0x13 C:/msys64/mingw64/bin/../lib/gcc/arm-none-eabi/13.3.0/../../../../arm-none-eabi/lib/thumb/v7-m/nofp\libc_nano.a(libc_a-wbuf.o)
 .comment       0x00000024       0x13 C:/msys64/mingw64/bin/../lib/gcc/arm-none-eabi/13.3.0/../../../../arm-none-eabi/lib/thumb/v7-m/nofp\libc_nano.a(libc_a-wsetup.o)
 .comment       0x00000024       0x13 C:/msys64/mingw64/bin/../lib/gcc/arm-none-eabi/13.3.0/../../../../arm-none-eabi/lib/thumb/v7-m/nofp\libc_nano.a(libc_a-memmove.o)
 .comment       0x00000024       0x13 C:/msys64/mingw64/bin/../lib/gcc/arm-none-eabi/13.3.0/../../../../arm-none-eabi/lib/thumb/v7-m/nofp\libc_nano.a(libc_a-locale.o)
 .comment       0x00000024       0x13 C:/msys64/mingw64/bin/../lib/gcc/arm-none-eabi/13.3.0/../../../../arm-none-eabi/lib/thumb/v7-m/nofp\libc_nano.a(libc_a-assert.o)
 .comment       0x00000024       0x13 C:/msys64/mingw64/bin/../lib/gcc/arm-none-eabi/13.3.0/../../../../arm-none-eabi/lib/thumb/v7-m/nofp\libc_nano.a(libc_a-mbtowc_r.o)
 .comment       0x00000024       0x13 C:/msys64/mingw64/bin/../lib/gcc/arm-none-eabi/13.3.0/../../../../arm-none-eabi/lib/thumb/v7-m/nofp\libc_nano.a(libc_a-reallocr.o)
 .comment       0x00000024       0x13 C:/msys64/mingw64/bin/../lib/gcc/arm-none-eabi/13.3.0/../../../../arm-none-eabi/lib/thumb/v7-m/nofp\libc_nano.a(libc_a-wctomb_r.o)
 .comment       0x00000024       0x13 C:/msys64/mingw64/bin/../lib/gcc/arm-none-eabi/13.3.0/../../../../arm-none-eabi/lib/thumb/v7-m/nofp\libc_nano.a(libc_a-ctype_.o)
 .comment       0x00000024       0x13 C:/msys64/mingw64/bin/../lib/gcc/arm-none-eabi/13.3.0/../../../../arm-none-eabi/lib/thumb/v7-m/nofp\libc_nano.a(libc_a-fprintf.o)
 .comment       0x00000024       0x13 C:/msys64/mingw64/bin/../lib/gcc/arm-none-eabi/13.3.0/../../../../arm-none-eabi/lib/thumb/v7-m/nofp\libc_nano.a(libc_a-makebuf.o)
 .comment       0x00000024       0x13 C:/msys64/mingw64/bin/../lib/gcc/arm-none-eabi/13.3.0/../../../../arm-none-eabi/lib/thumb/v7-m/nofp\libc_nano.a(libc_a-fstatr.o)
 .comment       0x00000024       0x13 C:/msys64/mingw64/bin/../lib/gcc/arm-none-eabi/13.3.0/../../../../arm-none-eabi/lib/thumb/v7-m/nofp\libc_nano.a(libc_a-isattyr.o)
 .comment       0x00000024       0x13 C:/msys64/mingw64/bin/../lib/gcc/arm-none-eabi/13.3.0/../../../../arm-none-eabi/lib/thumb/v7-m/nofp\libc_nano.a(libc_a-abort.o)
 .comment       0x00000024       0x13 C:/msys64/mingw64/bin/../lib/gcc/arm-none-eabi/13.3.0/../../../../arm-none-eabi/lib/thumb/v7-m/nofp\libc_nano.a(libc_a-msizer.o)
 .comment       0x00000024       0x13 C:/msys64/mingw64/bin/../lib/gcc/arm-none-eabi/13.3.0/../../../../arm-none-eabi/lib/thumb/v7-m/nofp\libc_nano.a(libc_a-signal.o)
 .comment       0x00000024       0x13 C:/msys64/mingw64/bin/../lib/gcc/arm-none-eabi/13.3.0/../../../../arm-none-eabi/lib/thumb/v7-m/nofp\libc_nano.a(libc_a-signalr.o)
 .comment       0x00000024       0x13 C:/msys64/mingw64/bin/../lib/gcc/arm-none-eabi/13.3.0/thumb/v7-m/nofp\libgcc.a(unwind-arm.o)
 .comment       0x00000024       0x13 C:/msys64/mingw64/bin/../lib/gcc/arm-none-eabi/13.3.0/thumb/v7-m/nofp\libgcc.a(pr-support.o)

.debug_info     0x00000000    0x335bd
 .debug_info    0x00000000     0x16d8 build/main.o
 .debug_info    0x000016d8      0x834 build/stm32f1xx_it.o
 .debug_info    0x00001f0c     0x1165 build/stm32f1xx_hal_msp.o
 .debug_info    0x00003071      0x880 build/stm32f1xx_hal.o
 .debug_info    0x000038f1      0xb10 build/stm32f1xx_hal_rcc.o
 .debug_info    0x00004401      0x6d7 build/stm32f1xx_hal_gpio.o
 .debug_info    0x00004ad8      0x8d5 build/stm32f1xx_hal_dma.o
 .debug_info    0x000053ad      0xe3f build/stm32f1xx_hal_cortex.o
 .debug_info    0x000061ec      0x26e build/system_stm32f1xx.o
 .debug_info    0x0000645a      0x18c build/sysmem.o
 .debug_info    0x000065e6      0x848 build/syscalls.o
 .debug_info    0x00006e2e     0x430f build/stm32f1xx_hal_uart.o
 .debug_info    0x0000b13d     0x4146 build/stm32f1xx_hal_tim.o
 .debug_info    0x0000f283     0x1d4f build/stm32f1xx_hal_tim_ex.o
 .debug_info    0x00010fd2     0x17b1 build/app.o
 .debug_info    0x00012783     0x11c1 build/modbusRTU.o
 .debug_info    0x00013944     0x20c4 build/ws2812b.o
 .debug_info    0x00015a08       0x30 build/startup_stm32f103xb.o
 .debug_info    0x00015a38      0x762 C:/msys64/mingw64/bin/../lib/gcc/arm-none-eabi/13.3.0/../../../../arm-none-eabi/lib/thumb/v7-m/nofp\libc_nano.a(libc_a-calloc.o)
 .debug_info    0x0001619a      0x7cd C:/msys64/mingw64/bin/../lib/gcc/arm-none-eabi/13.3.0/../../../../arm-none-eabi/lib/thumb/v7-m/nofp\libc_nano.a(libc_a-callocr.o)
 .debug_info    0x00016967      0x794 C:/msys64/mingw64/bin/../lib/gcc/arm-none-eabi/13.3.0/../../../../arm-none-eabi/lib/thumb/v7-m/nofp\libc_nano.a(libc_a-malloc.o)
 .debug_info    0x000170fb      0x9c1 C:/msys64/mingw64/bin/../lib/gcc/arm-none-eabi/13.3.0/../../../../arm-none-eabi/lib/thumb/v7-m/nofp\libc_nano.a(libc_a-mallocr.o)
 .debug_info    0x00017abc      0x76b C:/msys64/mingw64/bin/../lib/gcc/arm-none-eabi/13.3.0/../../../../arm-none-eabi/lib/thumb/v7-m/nofp\libc_nano.a(libc_a-mlock.o)
 .debug_info    0x00018227     0x140a C:/msys64/mingw64/bin/../lib/gcc/arm-none-eabi/13.3.0/../../../../arm-none-eabi/lib/thumb/v7-m/nofp\libc_nano.a(libc_a-nano-vfprintf_float.o)