Archive member included to satisfy reference by file (symbol)

C:/msys64/mingw64/bin/../lib/gcc/arm-none-eabi/13.3.0/../../../../arm-none-eabi/lib/thumb/v7-m/nofp\libc_nano.a(libc_a-atexit.o)
                              C:/msys64/mingw64/bin/../lib/gcc/arm-none-eabi/13.3.0/../../../../arm-none-eabi/lib/thumb/v7-m/nofp/crt0.o (atexit)
C:/msys64/mingw64/bin/../lib/gcc/arm-none-eabi/13.3.0/../../../../arm-none-eabi/lib/thumb/v7-m/nofp\libc_nano.a(libc_a-calloc.o)
                              build/modbusRTU.o (calloc)
C:/msys64/mingw64/bin/../lib/gcc/arm-none-eabi/13.3.0/../../../../arm-none-eabi/lib/thumb/v7-m/nofp\libc_nano.a(libc_a-callocr.o)
                              C:/msys64/mingw64/bin/../lib/gcc/arm-none-eabi/13.3.0/../../../../arm-none-eabi/lib/thumb/v7-m/nofp\libc_nano.a(libc_a-calloc.o) (_calloc_r)
C:/msys64/mingw64/bin/../lib/gcc/arm-none-eabi/13.3.0/../../../../arm-none-eabi/lib/thumb/v7-m/nofp\libc_nano.a(libc_a-exit.o)
                              C:/msys64/mingw64/bin/../lib/gcc/arm-none-eabi/13.3.0/../../../../arm-none-eabi/lib/thumb/v7-m/nofp/crt0.o (exit)
C:/msys64/mingw64/bin/../lib/gcc/arm-none-eabi/13.3.0/../../../../arm-none-eabi/lib/thumb/v7-m/nofp\libc_nano.a(libc_a-malloc.o)
                              build/modbusRTU.o (free)
C:/msys64/mingw64/bin/../lib/gcc/arm-none-eabi/13.3.0/../../../../arm-none-eabi/lib/thumb/v7-m/nofp\libc_nano.a(libc_a-mallocr.o)
                              C:/msys64/mingw64/bin/../lib/gcc/arm-none-eabi/13.3.0/../../../../arm-none-eabi/lib/thumb/v7-m/nofp\libc_nano.a(libc_a-callocr.o) (_malloc_r)
C:/msys64/mingw64/bin/../lib/gcc/arm-none-eabi/13.3.0/../../../../arm-none-eabi/lib/thumb/v7-m/nofp\libc_nano.a(libc_a-mlock.o)
                              C:/msys64/mingw64/bin/../lib/gcc/arm-none-eabi/13.3.0/../../../../arm-none-eabi/lib/thumb/v7-m/nofp\libc_nano.a(libc_a-mallocr.o) (__malloc_lock)
C:/msys64/mingw64/bin/../lib/gcc/arm-none-eabi/13.3.0/../../../../arm-none-eabi/lib/thumb/v7-m/nofp\libc_nano.a(libc_a-nano-vfprintf_float.o)
                              (_printf_float)
C:/msys64/mingw64/bin/../lib/gcc/arm-none-eabi/13.3.0/../../../../arm-none-eabi/lib/thumb/v7-m/nofp\libc_nano.a(libc_a-nano-vfprintf_i.o)
                              C:/msys64/mingw64/bin/../lib/gcc/arm-none-eabi/13.3.0/../../../../arm-none-eabi/lib/thumb/v7-m/nofp\libc_nano.a(libc_a-nano-vfprintf_float.o) (_printf_common)
C:/msys64/mingw64/bin/../lib/gcc/arm-none-eabi/13.3.0/../../../../arm-none-eabi/lib/thumb/v7-m/nofp\libc_nano.a(libc_a-findfp.o)
                              C:/msys64/mingw64/bin/../lib/gcc/arm-none-eabi/13.3.0/../../../../arm-none-eabi/lib/thumb/v7-m/nofp\libc_nano.a(libc_a-exit.o) (__stdio_exit_handler)
C:/msys64/mingw64/bin/../lib/gcc/arm-none-eabi/13.3.0/../../../../arm-none-eabi/lib/thumb/v7-m/nofp\libc_nano.a(libc_a-fwalk.o)
                              C:/msys64/mingw64/bin/../lib/gcc/arm-none-eabi/13.3.0/../../../../arm-none-eabi/lib/thumb/v7-m/nofp\libc_nano.a(libc_a-findfp.o) (_fwalk_sglue)
C:/msys64/mingw64/bin/../lib/gcc/arm-none-eabi/13.3.0/../../../../arm-none-eabi/lib/thumb/v7-m/nofp\libc_nano.a(libc_a-printf.o)
                              build/app.o (printf)
C:/msys64/mingw64/bin/../lib/gcc/arm-none-eabi/13.3.0/../../../../arm-none-eabi/lib/thumb/v7-m/nofp\libc_nano.a(libc_a-putchar.o)
                              build/app.o (putchar)
C:/msys64/mingw64/bin/../lib/gcc/arm-none-eabi/13.3.0/../../../../arm-none-eabi/lib/thumb/v7-m/nofp\libc_nano.a(libc_a-stdio.o)
                              C:/msys64/mingw64/bin/../lib/gcc/arm-none-eabi/13.3.0/../../../../arm-none-eabi/lib/thumb/v7-m/nofp\libc_nano.a(libc_a-findfp.o) (__sread)
C:/msys64/mingw64/bin/../lib/gcc/arm-none-eabi/13.3.0/../../../../arm-none-eabi/lib/thumb/v7-m/nofp\libc_nano.a(libc_a-memset.o)
                              C:/msys64/mingw64/bin/../lib/gcc/arm-none-eabi/13.3.0/../../../../arm-none-eabi/lib/thumb/v7-m/nofp/crt0.o (memset)
C:/msys64/mingw64/bin/../lib/gcc/arm-none-eabi/13.3.0/../../../../arm-none-eabi/lib/thumb/v7-m/nofp\libc_nano.a(libc_a-localeconv.o)
                              C:/msys64/mingw64/bin/../lib/gcc/arm-none-eabi/13.3.0/../../../../arm-none-eabi/lib/thumb/v7-m/nofp\libc_nano.a(libc_a-nano-vfprintf_float.o) (_localeconv_r)
C:/msys64/mingw64/bin/../lib/gcc/arm-none-eabi/13.3.0/../../../../arm-none-eabi/lib/thumb/v7-m/nofp\libc_nano.a(libc_a-closer.o)
                              C:/msys64/mingw64/bin/../lib/gcc/arm-none-eabi/13.3.0/../../../../arm-none-eabi/lib/thumb/v7-m/nofp\libc_nano.a(libc_a-stdio.o) (_close_r)
C:/msys64/mingw64/bin/../lib/gcc/arm-none-eabi/13.3.0/../../../../arm-none-eabi/lib/thumb/v7-m/nofp\libc_nano.a(libc_a-reent.o)
                              C:/msys64/mingw64/bin/../lib/gcc/arm-none-eabi/13.3.0/../../../../arm-none-eabi/lib/thumb/v7-m/nofp\libc_nano.a(libc_a-closer.o) (errno)
C:/msys64/mingw64/bin/../lib/gcc/arm-none-eabi/13.3.0/../../../../arm-none-eabi/lib/thumb/v7-m/nofp\libc_nano.a(libc_a-impure.o)
[...]
Memory Configuration

Name             Origin             Length             Attributes
RAM              0x20000000         0x00005000         xrw
FLASH            0x08000000         0x00010000         xr
*default*        0x00000000         0xffffffff

Linker script and memory map

LOAD C:/msys64/mingw64/bin/../lib/gcc/arm-none-eabi/13.3.0/thumb/v7-m/nofp/crti.o
LOAD C:/msys64/mingw64/bin/../lib/gcc/arm-none-eabi/13.3.0/thumb/v7-m/nofp/crtbegin.o
LOAD C:/msys64/mingw64/bin/../lib/gcc/arm-none-eabi/13.3.0/../../../../arm-none-eabi/lib/thumb/v7-m/nofp/crt0.o
LOAD build/main.o
LOAD build/stm32f1xx_it.o
LOAD build/stm32f1xx_hal_msp.o
LOAD build/stm32f1xx_hal_gpio_ex.o
LOAD build/stm32f1xx_hal.o
LOAD build/stm32f1xx_hal_rcc.o
LOAD build/stm32f1xx_hal_rcc_ex.o
LOAD build/stm32f1xx_hal_gpio.o
LOAD build/stm32f1xx_hal_dma.o
LOAD build/stm32f1xx_hal_cortex.o
LOAD build/stm32f1xx_hal_pwr.o
LOAD build/stm32f1xx_hal_flash.o
LOAD build/stm32f1xx_hal_flash_ex.o
LOAD build/stm32f1xx_hal_exti.o
LOAD build/system_stm32f1xx.o
LOAD build/sysmem.o
LOAD build/syscalls.o
LOAD build/stm32f1xx_hal_uart.o
LOAD build/stm32f1xx_hal_tim.o
LOAD build/stm32f1xx_hal_tim_ex.o
LOAD build/app.o
LOAD build/modbusRTU.o
LOAD build/ws2812b.o
LOAD build/startup_stm32f103xb.o
LOAD C:/msys64/mingw64/bin/../lib/gcc/arm-none-eabi/13.3.0/../../../../arm-none-eabi/lib/thumb/v7-m/nofp\libnosys.a
LOAD C:/msys64/mingw64/bin/../lib/gcc/arm-none-eabi/13.3.0/../../../../arm-none-eabi/lib/thumb/v7-m/nofp\librdimon_nano.a
LOAD C:/msys64/mingw64/bin/../lib/gcc/arm-none-eabi/13.3.0/../../../../arm-none-eabi/lib/thumb/v7-m/nofp\libstdc++_nano.a
LOAD C:/msys64/mingw64/bin/../lib/gcc/arm-none-eabi/13.3.0/../../../../arm-none-eabi/lib/thumb/v7-m/nofp\libm.a
LOAD C:/msys64/mingw64/bin/../lib/gcc/arm-none-eabi/13.3.0/../../../../arm-none-eabi/lib/thumb/v7-m/nofp\libc_nano.a
START GROUP
LOAD C:/msys64/mingw64/bin/../lib/gcc/arm-none-eabi/13.3.0/thumb/v7-m/nofp\libgcc.a
LOAD C:/msys64/mingw64/bin/../lib/gcc/arm-none-eabi/13.3.0/../../../../arm-none-eabi/lib/thumb/v7-m/nofp\libc_nano.a
END GROUP
START GROUP
LOAD C:/msys64/mingw64/bin/../lib/gcc/arm-none-eabi/13.3.0/thumb/v7-m/nofp\libgcc.a
LOAD C:/msys64/mingw64/bin/../lib/gcc/arm-none-eabi/13.3.0/../../../../arm-none-eabi/lib/thumb/v7-m/nofp\libc_nano.a
END GROUP
LOAD C:/msys64/mingw64/bin/../lib/gcc/arm-none-eabi/13.3.0/thumb/v7-m/nofp/crtend.o
LOAD C:/msys64/mingw64/bin/../lib/gcc/arm-none-eabi/13.3.0/thumb/v7-m/nofp/crtn.o
                0x20005000                        _estack = (ORIGIN (RAM) + LENGTH (RAM))
                0x00000200                        _Min_Heap_Size = 0x200
                0x00000400                        _Min_Stack_Size = 0x400

.isr_vector     0x08000000      0x10c
                0x08000000                        . = ALIGN (0x4)
 *(.isr_vector)
 .isr_vector    0x08000000      0x10c build/startup_stm32f103xb.o
                0x08000000                g_pfnVectors
                0x0800010c                        . = ALIGN (0x4)

.text           0x08000110     0x79a0
                0x08000110                        . = ALIGN (0x4)
 *(.text)
 .text          0x08000110       0x14 C:/msys64/mingw64/bin/../lib/gcc/arm-none-eabi/13.3.0/../../../../arm-none-eabi/lib/thumb/v7-m/nofp\libc_nano.a(libc_a-calloc.o)
                0x08000110                calloc
 .text          0x08000124       0x28 C:/msys64/mingw64/bin/../lib/gcc/arm-none-eabi/13.3.0/../../../../arm-none-eabi/lib/thumb/v7-m/nofp\libc_nano.a(libc_a-callocr.o)
                0x08000124                _calloc_r
 .text          0x0800014c       0x20 C:/msys64/mingw64/bin/../lib/gcc/arm-none-eabi/13.3.0/../../../../arm-none-eabi/lib/thumb/v7-m/nofp\libc_nano.a(libc_a-malloc.o)
                0x0800014c                malloc
                0x0800015c                free
 .text          0x0800016c      0x144 C:/msys64/mingw64/bin/../lib/gcc/arm-none-eabi/13.3.0/../../../../arm-none-eabi/lib/thumb/v7-m/nofp\libc_nano.a(libc_a-mallocr.o)
                0x080001b8                _malloc_r
 .text          0x080002b0       0x18 C:/msys64/mingw64/bin/../lib/gcc/arm-none-eabi/13.3.0/../../../../arm-none-eabi/lib/thumb/v7-m/nofp\libc_nano.a(libc_a-mlock.o)
                0x080002b0                __malloc_lock
                0x080002bc                __malloc_unlock
 .text          0x080002c8      0x744 C:/msys64/mingw64/bin/../lib/gcc/arm-none-eabi/13.3.0/../../../../arm-none-eabi/lib/thumb/v7-m/nofp\libc_nano.a(libc_a-nano-vfprintf_float.o)
                0x080002c8                __cvt
                0x080003c0                __exponent
                0x08000448                _printf_float
 .text          0x08000a0c      0x3a4 C:/msys64/mingw64/bin/../lib/gcc/arm-none-eabi/13.3.0/../../../../arm-none-eabi/lib/thumb/v7-m/nofp\libc_nano.a(libc_a-nano-vfprintf_i.o)
                0x08000a0c                _printf_common
                0x08000b30                _printf_i
 .text          0x08000db0      0x2dc C:/msys64/mingw64/bin/../lib/gcc/arm-none-eabi/13.3.0/../../../../arm-none-eabi/lib/thumb/v7-m/nofp\libc_nano.a(libc_a-findfp.o)
                0x08000f2c                __sfp
                0x08000fec                __sinit
                0x0800102c                __sfp_lock_acquire
                0x08001038                __sfp_lock_release
                0x08001044                __fp_lock_all
                0x08001068                __fp_unlock_all
 .text          0x0800108c       0x44 C:/msys64/mingw64/bin/../lib/gcc/arm-none-eabi/13.3.0/../../../../arm-none-eabi/lib/thumb/v7-m/nofp\libc_nano.a(libc_a-fwalk.o)
                0x0800108c                _fwalk_sglue
 .text          0x080010d0       0x48 C:/msys64/mingw64/bin/../lib/gcc/arm-none-eabi/13.3.0/../../../../arm-none-eabi/lib/thumb/v7-m/nofp\libc_nano.a(libc_a-printf.o)
                0x080010d0                _printf_r
                0x080010d0                _iprintf_r
                0x080010f0                iprintf
                0x080010f0                printf
 .text          0x08001118       0x18 C:/msys64/mingw64/bin/../lib/gcc/arm-none-eabi/13.3.0/../../../../arm-none-eabi/lib/thumb/v7-m/nofp\libc_nano.a(libc_a-putchar.o)
                0x08001118                _putchar_r
                0x08001120                putchar
 .text          0x08001130       0x94 C:/msys64/mingw64/bin/../lib/gcc/arm-none-eabi/13.3.0/../../../../arm-none-eabi/lib/thumb/v7-m/nofp\libc_nano.a(libc_a-stdio.o)
                0x08001130                __sread
                0x08001154                __seofread
                0x08001158                __swrite
                0x08001198                __sseek
                0x080011bc                __sclose
 .text          0x080011c4       0xa0 C:/msys64/mingw64/bin/../lib/gcc/arm-none-eabi/13.3.0/../../../../arm-none-eabi/lib/thumb/v7-m/nofp\libc_nano.a(libc_a-memset.o)
                0x080011c4                memset
 .text          0x08001264       0x14 C:/msys64/mingw64/bin/../lib/gcc/arm-none-eabi/13.3.0/../../../../arm-none-eabi/lib/thumb/v7-m/nofp\libc_nano.a(libc_a-localeconv.o)
                0x08001264                __localeconv_l
                0x08001268                _localeconv_r
                0x08001270                localeconv
 .text          0x08001278       0x24 C:/msys64/mingw64/bin/../lib/gcc/arm-none-eabi/13.3.0/../../../../arm-none-eabi/lib/thumb/v7-m/nofp\libc_nano.a(libc_a-closer.o)
                0x08001278                _close_r
 .text          0x0800129c       0x2c C:/msys64/mingw64/bin/../lib/gcc/arm-none-eabi/13.3.0/../../../../arm-none-eabi/lib/thumb/v7-m/nofp\libc_nano.a(libc_a-lseekr.o)
                0x0800129c                _lseek_r
 .text          0x080012c8       0x2c C:/msys64/mingw64/bin/../lib/gcc/arm-none-eabi/13.3.0/../../../../arm-none-eabi/lib/thumb/v7-m/nofp\libc_nano.a(libc_a-readr.o)
                0x080012c8                _read_r
 .text          0x080012f4       0x24 C:/msys64/mingw64/bin/../lib/gcc/arm-none-eabi/13.3.0/../../../../arm-none-eabi/lib/thumb/v7-m/nofp\libc_nano.a(libc_a-sbrkr.o)
                0x080012f4                _sbrk_r
 .text          0x08001318       0x2c C:/msys64/mingw64/bin/../lib/gcc/arm-none-eabi/13.3.0/../../../../arm-none-eabi/lib/thumb/v7-m/nofp\libc_nano.a(libc_a-writer.o)
                0x08001318                _write_r
 .text          0x08001344        0xc C:/msys64/mingw64/bin/../lib/gcc/arm-none-eabi/13.3.0/../../../../arm-none-eabi/lib/thumb/v7-m/nofp\libc_nano.a(libc_a-errno.o)
                0x08001344                __errno
 .text          0x08001350       0x50 C:/msys64/mingw64/bin/../lib/gcc/arm-none-eabi/13.3.0/../../../../arm-none-eabi/lib/thumb/v7-m/nofp\libc_nano.a(libc_a-init.o)
                0x08001350                __libc_init_array
 .text          0x080013a0       0x28 C:/msys64/mingw64/bin/../lib/gcc/arm-none-eabi/13.3.0/../../../../arm-none-eabi/lib/thumb/v7-m/nofp\libc_nano.a(libc_a-lock.o)
                0x080013a0                __retarget_lock_init
                0x080013a4                __retarget_lock_init_recursive
                0x080013a8                __retarget_lock_close
                0x080013ac                __retarget_lock_close_recursive
                0x080013b0                __retarget_lock_acquire
                0x080013b4                __retarget_lock_acquire_recursive
                0x080013b8                __retarget_lock_try_acquire
                0x080013bc                __retarget_lock_try_acquire_recursive
                0x080013c0                __retarget_lock_release
                0x080013c4                __retarget_lock_release_recursive
 .text          0x080013c8       0x98 C:/msys64/mingw64/bin/../lib/gcc/arm-none-eabi/13.3.0/../../../../arm-none-eabi/lib/thumb/v7-m/nofp\libc_nano.a(libc_a-memchr-stub.o)
                0x080013c8                memchr
 .text          0x08001460       0x5c C:/msys64/mingw64/bin/../lib/gcc/arm-none-eabi/13.3.0/../../../../arm-none-eabi/lib/thumb/v7-m/nofp\libc_nano.a(libc_a-strlen-stub.o)
                0x08001460                strlen
 *fill*         0x080014bc        0x4 
 .text          0x080014c0      0xfec C:/msys64/mingw64/bin/../lib/gcc/arm-none-eabi/13.3.0/../../../../arm-none-eabi/lib/thumb/v7-m/nofp\libc_nano.a(libc_a-dtoa.o)
                0x080015fc                _dtoa_r
 .text          0x080024ac       0xbc C:/msys64/mingw64/bin/../lib/gcc/arm-none-eabi/13.3.0/../../../../arm-none-eabi/lib/thumb/v7-m/nofp\libc_nano.a(libc_a-freer.o)
                0x080024ac                _free_r
 .text          0x08002568      0xab0 C:/msys64/mingw64/bin/../lib/gcc/arm-none-eabi/13.3.0/../../../../arm-none-eabi/lib/thumb/v7-m/nofp\libc_nano.a(libc_a-mprec.o)
                0x08002568                _Balloc
                0x080025e8                _Bfree
                0x08002630                __multadd
                0x080026cc                __s2b
                0x0800277c                __hi0bits
                0x080027c0                __lo0bits
                0x0800281c                __i2b
                0x08002848                __multiply
                0x080029ac                __pow5mult
                0x08002a8c                __lshift
                0x08002b74                __mcmp
                0x08002bb4                __mdiff
                0x08002d14                __ulp
                0x08002d64                __b2d
                0x08002e18                __d2b
                0x08002ed4                __ratio
                0x08002f28                _mprec_log10
                0x08002f60                __copybits
                0x08002fc0                __any_on
 .text          0x08003018      0x348 C:/msys64/mingw64/bin/../lib/gcc/arm-none-eabi/13.3.0/../../../../arm-none-eabi/lib/thumb/v7-m/nofp\libc_nano.a(libc_a-nano-vfprintf.o)
                0x08003040                __sfputs_r
                0x08003070                __sprint_r
                0x08003090                _vfiprintf_r
                0x08003090                _vfprintf_r
                0x08003344                vfprintf
                0x08003344                vfiprintf
 .text          0x08003360      0x190 C:/msys64/mingw64/bin/../lib/gcc/arm-none-eabi/13.3.0/../../../../arm-none-eabi/lib/thumb/v7-m/nofp\libc_nano.a(libc_a-fflush.o)
                0x08003360                __sflush_r
                0x08003470                _fflush_r
                0x080034c8                fflush
 .text          0x080034f0      0x2ec C:/msys64/mingw64/bin/../lib/gcc/arm-none-eabi/13.3.0/../../../../arm-none-eabi/lib/thumb/v7-m/nofp\libc_nano.a(libc_a-fvwrite.o)
                0x080034f0                __sfvwrite_r
 .text          0x080037dc       0xf8 C:/msys64/mingw64/bin/../lib/gcc/arm-none-eabi/13.3.0/../../../../arm-none-eabi/lib/thumb/v7-m/nofp\libc_nano.a(libc_a-putc.o)
                0x080037dc                _putc_r
                0x08003854                putc
 .text          0x080038d4       0x9c C:/msys64/mingw64/bin/../lib/gcc/arm-none-eabi/13.3.0/../../../../arm-none-eabi/lib/thumb/v7-m/nofp\libc_nano.a(libc_a-wbuf.o)
                0x080038d4                __swbuf_r
                0x0800395c                __swbuf
 .text          0x08003970       0xc0 C:/msys64/mingw64/bin/../lib/gcc/arm-none-eabi/13.3.0/../../../../arm-none-eabi/lib/thumb/v7-m/nofp\libc_nano.a(libc_a-wsetup.o)
                0x08003970                __swsetup_r
 .text          0x08003a30       0xfc C:/msys64/mingw64/bin/../lib/gcc/arm-none-eabi/13.3.0/../../../../arm-none-eabi/lib/thumb/v7-m/nofp\libc_nano.a(libc_a-memmove.o)
                0x08003a30                memmove
 .text          0x08003b2c       0xec C:/msys64/mingw64/bin/../lib/gcc/arm-none-eabi/13.3.0/../../../../arm-none-eabi/lib/thumb/v7-m/nofp\libc_nano.a(libc_a-memcpy.o)
                0x08003b2c                memcpy
 .text          0x08003c18       0x4c C:/msys64/mingw64/bin/../lib/gcc/arm-none-eabi/13.3.0/../../../../arm-none-eabi/lib/thumb/v7-m/nofp\libc_nano.a(libc_a-assert.o)
                0x08003c18                __assert_func
                0x08003c58                __assert
 .text          0x08003c64       0x40 C:/msys64/mingw64/bin/../lib/gcc/arm-none-eabi/13.3.0/../../../../arm-none-eabi/lib/thumb/v7-m/nofp\libc_nano.a(libc_a-mbtowc_r.o)
                0x08003c64                _mbtowc_r
                0x08003c78                __ascii_mbtowc
 .text          0x08003ca4       0x68 C:/msys64/mingw64/bin/../lib/gcc/arm-none-eabi/13.3.0/../../../../arm-none-eabi/lib/thumb/v7-m/nofp\libc_nano.a(libc_a-reallocr.o)
                0x08003ca4                _realloc_r
 .text          0x08003d0c       0x30 C:/msys64/mingw64/bin/../lib/gcc/arm-none-eabi/13.3.0/../../../../arm-none-eabi/lib/thumb/v7-m/nofp\libc_nano.a(libc_a-wctomb_r.o)
                0x08003d0c                _wctomb_r
                0x08003d20                __ascii_wctomb
 .text          0x08003d3c       0x44 C:/msys64/mingw64/bin/../lib/gcc/arm-none-eabi/13.3.0/../../../../arm-none-eabi/lib/thumb/v7-m/nofp\libc_nano.a(libc_a-fprintf.o)
                0x08003d3c                _fprintf_r
                0x08003d3c                _fiprintf_r
                0x08003d58                fiprintf
                0x08003d58                fprintf
 .text          0x08003d80      0x110 C:/msys64/mingw64/bin/../lib/gcc/arm-none-eabi/13.3.0/../../../../arm-none-eabi/lib/thumb/v7-m/nofp\libc_nano.a(libc_a-makebuf.o)
                0x08003d80                __smakebuf_r
                0x08003e44                __swhatbuf_r
 .text          0x08003e90       0x28 C:/msys64/mingw64/bin/../lib/gcc/arm-none-eabi/13.3.0/../../../../arm-none-eabi/lib/thumb/v7-m/nofp\libc_nano.a(libc_a-fstatr.o)
                0x08003e90                _fstat_r
 .text          0x08003eb8       0x24 C:/msys64/mingw64/bin/../lib/gcc/arm-none-eabi/13.3.0/../../../../arm-none-eabi/lib/thumb/v7-m/nofp\libc_nano.a(libc_a-isattyr.o)
                0x08003eb8                _isatty_r
 .text          0x08003edc       0x10 C:/msys64/mingw64/bin/../lib/gcc/arm-none-eabi/13.3.0/../../../../arm-none-eabi/lib/thumb/v7-m/nofp\libc_nano.a(libc_a-abort.o)
                0x08003edc                abort
 .text          0x08003eec       0x10 C:/msys64/mingw64/bin/../lib/gcc/arm-none-eabi/13.3.0/../../../../arm-none-eabi/lib/thumb/v7-m/nofp\libc_nano.a(libc_a-msizer.o)
                0x08003eec                _malloc_usable_size_r
 .text          0x08003efc      0x264 C:/msys64/mingw64/bin/../lib/gcc/arm-none-eabi/13.3.0/../../../../arm-none-eabi/lib/thumb/v7-m/nofp\libc_nano.a(libc_a-signal.o)
                0x08003efc                _init_signal_r
                0x08003f28                _signal_r
                0x08003f74                _raise_r
                0x08003fc4                __sigtramp_r
                0x08004028                raise
                0x0800407c                signal
                0x080040c8                _init_signal
                0x080040fc                __sigtramp
 .text          0x08004160       0x2c C:/msys64/mingw64/bin/../lib/gcc/arm-none-eabi/13.3.0/../../../../arm-none-eabi/lib/thumb/v7-m/nofp\libc_nano.a(libc_a-signalr.o)
                0x08004160                _kill_r
                0x08004188                _getpid_r
 .text          0x0800418c      0x378 C:/msys64/mingw64/bin/../lib/gcc/arm-none-eabi/13.3.0/thumb/v7-m/nofp\libgcc.a(_arm_addsubdf3.o)
                0x0800418c                __aeabi_drsub
                0x08004194                __aeabi_dsub
                0x08004194                __subdf3
                0x08004198                __aeabi_dadd
                0x08004198                __adddf3
                0x08004410                __floatunsidf
                0x08004410                __aeabi_ui2d
                0x08004430                __floatsidf
                0x08004430                __aeabi_i2d
                0x08004454                __aeabi_f2d
                0x08004454                __extendsfdf2
                0x08004498                __floatundidf
                0x08004498                __aeabi_ul2d
                0x080044a8                __floatdidf
                0x080044a8                __aeabi_l2d
 .text          0x08004504      0x424 C:/msys64/mingw64/bin/../lib/gcc/arm-none-eabi/13.3.0/thumb/v7-m/nofp\libgcc.a(_arm_muldivdf3.o)
                0x08004504                __aeabi_dmul
                0x08004504                __muldf3
                0x08004758                __divdf3
                0x08004758                __aeabi_ddiv
 .text          0x08004928      0x110 C:/msys64/mingw64/bin/../lib/gcc/arm-none-eabi/13.3.0/thumb/v7-m/nofp\libgcc.a(_arm_cmpdf2.o)
                0x08004928                __gtdf2
                0x08004928                __gedf2
                0x08004930                __ltdf2
                0x08004930                __ledf2
                0x08004938                __nedf2
                0x08004938                __eqdf2
                0x08004938                __cmpdf2
                0x080049b4                __aeabi_cdrcmple
                0x080049c4                __aeabi_cdcmpeq
                0x080049c4                __aeabi_cdcmple
                0x080049d4                __aeabi_dcmpeq
                0x080049e8                __aeabi_dcmplt
                0x080049fc                __aeabi_dcmple
                0x08004a10                __aeabi_dcmpge
                0x08004a24                __aeabi_dcmpgt
 .text          0x08004a38       0x2c C:/msys64/mingw64/bin/../lib/gcc/arm-none-eabi/13.3.0/thumb/v7-m/nofp\libgcc.a(_arm_unorddf2.o)
                0x08004a38                __unorddf2
                0x08004a38                __aeabi_dcmpun
 .text          0x08004a64       0x50 C:/msys64/mingw64/bin/../lib/gcc/arm-none-eabi/13.3.0/thumb/v7-m/nofp\libgcc.a(_arm_fixdfsi.o)
                0x08004a64                __aeabi_d2iz
                0x08004a64                __fixdfsi
 .text          0x08004ab4      0x1ac C:/msys64/mingw64/bin/../lib/gcc/arm-none-eabi/13.3.0/thumb/v7-m/nofp\libgcc.a(libunwind.o)
                0x08004ab4                __restore_core_regs
                0x08004ab4                restore_core_regs
                0x08004acc                __gnu_Unwind_Restore_VFP
                0x08004ad4                __gnu_Unwind_Save_VFP
                0x08004adc                __gnu_Unwind_Restore_VFP_D
                0x08004ae4                __gnu_Unwind_Save_VFP_D
                0x08004aec                __gnu_Unwind_Restore_VFP_D_16_to_31
                0x08004af4                __gnu_Unwind_Save_VFP_D_16_to_31
                0x08004afc                __gnu_Unwind_Restore_WMMXD
                0x08004b40                __gnu_Unwind_Save_WMMXD
                0x08004b84                __gnu_Unwind_Restore_WMMXC
                0x08004b98                __gnu_Unwind_Save_WMMXC
                0x08004bac                ___Unwind_RaiseException
                0x08004bac                _Unwind_RaiseException
                0x08004bd0                _Unwind_Resume
                0x08004bd0                ___Unwind_Resume
                0x08004bf4                _Unwind_Resume_or_Rethrow
                0x08004bf4                ___Unwind_Resume_or_Rethrow
                0x08004c18                _Unwind_ForcedUnwind
                0x08004c18                ___Unwind_ForcedUnwind
                0x08004c3c                ___Unwind_Backtrace
                0x08004c3c                _Unwind_Backtrace
 *(.text*)
 .text.__do_global_dtors_aux
                0x08004c60       0x24 C:/msys64/mingw64/bin/../lib/gcc/arm-none-eabi/13.3.0/thumb/v7-m/nofp/crtbegin.o
 .text.frame_dummy
                0x08004c84       0x1c C:/msys64/mingw64/bin/../lib/gcc/arm-none-eabi/13.3.0/thumb/v7-m/nofp/crtbegin.o
 .text.MX_GPIO_Init
                0x08004ca0       0x78 build/main.o
 .text.MX_DMA_Init
                0x08004d18       0x34 build/main.o
 .text.Error_Handler
                0x08004d4c        0x4 build/main.o
                0x08004d4c                Error_Handler
 .text.MX_TIM1_Init
                0x08004d50       0xe4 build/main.o
 .text.MX_USART1_UART_Init
                0x08004e34       0x34 build/main.o
 .text.MX_USART2_UART_Init
                0x08004e68       0x34 build/main.o
 .text.SystemClock_Config
                0x08004e9c       0x64 build/main.o
                0x08004e9c                SystemClock_Config
 .text.main     0x08004f00       0x28 build/main.o
                0x08004f00                main
 .text.NMI_Handler
                0x08004f28        0x2 build/stm32f1xx_it.o
                0x08004f28                NMI_Handler
 .text.HardFault_Handler
                0x08004f2a        0x2 build/stm32f1xx_it.o
                0x08004f2a                HardFault_Handler
 .text.MemManage_Handler
                0x08004f2c        0x2 build/stm32f1xx_it.o
                0x08004f2c                MemManage_Handler
 .text.BusFault_Handler
                0x08004f2e        0x2 build/stm32f1xx_it.o
                0x08004f2e                BusFault_Handler
 .text.UsageFault_Handler
                0x08004f30        0x2 build/stm32f1xx_it.o
                0x08004f30                UsageFault_Handler
 .text.SVC_Handler
                0x08004f32        0x2 build/stm32f1xx_it.o
                0x08004f32                SVC_Handler
 .text.DebugMon_Handler
                0x08004f34        0x2 build/stm32f1xx_it.o
                0x08004f34                DebugMon_Handler
 .text.PendSV_Handler
                0x08004f36        0x2 build/stm32f1xx_it.o
                0x08004f36                PendSV_Handler
 .text.SysTick_Handler
                0x08004f38        0x8 build/stm32f1xx_it.o
                0x08004f38                SysTick_Handler
 .text.DMA1_Channel2_IRQHandler
                0x08004f40       0x10 build/stm32f1xx_it.o
                0x08004f40                DMA1_Channel2_IRQHandler
 .text.TIM1_UP_IRQHandler
                0x08004f50       0x10 build/stm32f1xx_it.o
                0x08004f50                TIM1_UP_IRQHandler
 .text.USART1_IRQHandler
                0x08004f60       0x10 build/stm32f1xx_it.o
                0x08004f60                USART1_IRQHandler
 .text.HAL_MspInit
                0x08004f70       0x44 build/stm32f1xx_hal_msp.o
                0x08004f70                HAL_MspInit
 .text.HAL_TIM_Base_MspInit
                0x08004fb4       0x7c build/stm32f1xx_hal_msp.o
                0x08004fb4                HAL_TIM_Base_MspInit
 .text.HAL_TIM_MspPostInit
                0x08005030       0x50 build/stm32f1xx_hal_msp.o
                0x08005030                HAL_TIM_MspPostInit
 .text.HAL_UART_MspInit
                0x08005080       0xe4 build/stm32f1xx_hal_msp.o
                0x08005080                HAL_UART_MspInit
 .text.HAL_InitTick
                0x08005164       0x4c build/stm32f1xx_hal.o
                0x08005164                HAL_InitTick
 .text.HAL_Init
                0x080051b0       0x24 build/stm32f1xx_hal.o
                0x080051b0                HAL_Init
 .text.HAL_IncTick
                0x080051d4       0x18 build/stm32f1xx_hal.o
                0x080051d4                HAL_IncTick
 .text.HAL_GetTick
                0x080051ec        0xc build/stm32f1xx_hal.o
                0x080051ec                HAL_GetTick
 .text.HAL_Delay
                0x080051f8       0x28 build/stm32f1xx_hal.o
                0x080051f8                HAL_Delay
 .text.RCC_Delay
                0x08005220       0x2c build/stm32f1xx_hal_rcc.o
 .text.HAL_RCC_OscConfig
                0x0800524c      0x410 build/stm32f1xx_hal_rcc.o
                0x0800524c                HAL_RCC_OscConfig
 .text.HAL_RCC_GetSysClockFreq
                0x0800565c       0x54 build/stm32f1xx_hal_rcc.o
                0x0800565c                HAL_RCC_GetSysClockFreq
 .text.HAL_RCC_ClockConfig
                0x080056b0      0x16c build/stm32f1xx_hal_rcc.o
                0x080056b0                HAL_RCC_ClockConfig
 .text.HAL_RCC_GetHCLKFreq
                0x0800581c        0xc build/stm32f1xx_hal_rcc.o
                0x0800581c                HAL_RCC_GetHCLKFreq
 .text.HAL_RCC_GetPCLK1Freq
                0x08005828       0x20 build/stm32f1xx_hal_rcc.o
                0x08005828                HAL_RCC_GetPCLK1Freq
 .text.HAL_RCC_GetPCLK2Freq
                0x08005848       0x20 build/stm32f1xx_hal_rcc.o
                0x08005848                HAL_RCC_GetPCLK2Freq
 .text.HAL_GPIO_Init
                0x08005868      0x21c build/stm32f1xx_hal_gpio.o
                0x08005868                HAL_GPIO_Init
 .text.HAL_GPIO_WritePin
                0x08005a84        0xc build/stm32f1xx_hal_gpio.o
                0x08005a84                HAL_GPIO_WritePin
 .text.HAL_GPIO_TogglePin
                0x08005a90       0x12 build/stm32f1xx_hal_gpio.o
                0x08005a90                HAL_GPIO_TogglePin
 *fill*         0x08005aa2        0x2 
 .text.HAL_DMA_Init
                0x08005aa4       0x68 build/stm32f1xx_hal_dma.o
                0x08005aa4                HAL_DMA_Init
 .text.HAL_DMA_Abort
                0x08005b0c       0x46 build/stm32f1xx_hal_dma.o
                0x08005b0c                HAL_DMA_Abort
 *fill*         0x08005b52        0x2 
 .text.HAL_DMA_Abort_IT
                0x08005b54       0x98 build/stm32f1xx_hal_dma.o
                0x08005b54                HAL_DMA_Abort_IT
 .text.HAL_DMA_IRQHandler
                0x08005bec      0x144 build/stm32f1xx_hal_dma.o
                0x08005bec                HAL_DMA_IRQHandler
 .text.__NVIC_SetPriority
                0x08005d30       0x28 build/stm32f1xx_hal_cortex.o
 .text.NVIC_EncodePriority
                0x08005d58       0x3e build/stm32f1xx_hal_cortex.o
 *fill*         0x08005d96        0x2 
 .text.HAL_NVIC_SetPriorityGrouping
                0x08005d98       0x24 build/stm32f1xx_hal_cortex.o
                0x08005d98                HAL_NVIC_SetPriorityGrouping
 .text.HAL_NVIC_SetPriority
                0x08005dbc       0x20 build/stm32f1xx_hal_cortex.o
                0x08005dbc                HAL_NVIC_SetPriority
 .text.HAL_NVIC_EnableIRQ
                0x08005ddc       0x1c build/stm32f1xx_hal_cortex.o
                0x08005ddc                HAL_NVIC_EnableIRQ
 .text.HAL_SYSTICK_Config
                0x08005df8       0x28 build/stm32f1xx_hal_cortex.o
                0x08005df8                HAL_SYSTICK_Config
 .text.SystemInit
                0x08005e20        0x2 build/system_stm32f1xx.o
                0x08005e20                SystemInit
 *fill*         0x08005e22        0x2 
 .text._sbrk    0x08005e24       0x48 build/sysmem.o
                0x08005e24                _sbrk
 .text._getpid  0x08005e6c        0x4 build/syscalls.o
                0x08005e6c                _getpid
 .text._kill    0x08005e70       0x10 build/syscalls.o
                0x08005e70                _kill
 .text._exit    0x08005e80        0xc build/syscalls.o
                0x08005e80                _exit
 .text._read    0x08005e8c       0x20 build/syscalls.o
                0x08005e8c                _read
 .text._write   0x08005eac       0x1c build/syscalls.o
                0x08005eac                _write
 .text._close   0x08005ec8        0x6 build/syscalls.o
                0x08005ec8                _close
 .text._fstat   0x08005ece        0xa build/syscalls.o
                0x08005ece                _fstat
 .text._isatty  0x08005ed8        0x4 build/syscalls.o
                0x08005ed8                _isatty
 .text._lseek   0x08005edc        0x4 build/syscalls.o
                0x08005edc                _lseek
 .text.UART_EndRxTransfer
                0x08005ee0       0x5c build/stm32f1xx_hal_uart.o
 .text.UART_Transmit_IT
                0x08005f3c       0x60 build/stm32f1xx_hal_uart.o
 .text.UART_SetConfig
                0x08005f9c       0x94 build/stm32f1xx_hal_uart.o
 .text.UART_WaitOnFlagUntilTimeout
                0x08006030       0x86 build/stm32f1xx_hal_uart.o
 .text.HAL_UART_Init
                0x080060b6       0x60 build/stm32f1xx_hal_uart.o
                0x080060b6                HAL_UART_Init
 .text.HAL_UART_Transmit
                0x08006116       0xcc build/stm32f1xx_hal_uart.o
                0x08006116                HAL_UART_Transmit
 .text.HAL_UART_Receive
                0x080061e2       0xd2 build/stm32f1xx_hal_uart.o
                0x080061e2                HAL_UART_Receive
 .text.HAL_UART_TxCpltCallback
                0x080062b4        0x2 build/stm32f1xx_hal_uart.o
                0x080062b4                HAL_UART_TxCpltCallback
 .text.UART_EndTransmit_IT
                0x080062b6       0x1a build/stm32f1xx_hal_uart.o
 .text.HAL_UART_RxCpltCallback
                0x080062d0        0x2 build/stm32f1xx_hal_uart.o
                0x080062d0                HAL_UART_RxCpltCallback
 .text.HAL_UART_ErrorCallback
                0x080062d2        0x2 build/stm32f1xx_hal_uart.o
                0x080062d2                HAL_UART_ErrorCallback
 .text.UART_DMAAbortOnError
                0x080062d4       0x10 build/stm32f1xx_hal_uart.o
 .text.HAL_UARTEx_RxEventCallback
                0x080062e4        0x2 build/stm32f1xx_hal_uart.o
                0x080062e4                HAL_UARTEx_RxEventCallback
 .text.UART_Receive_IT
                0x080062e6       0xe6 build/stm32f1xx_hal_uart.o
 .text.HAL_UART_IRQHandler
                0x080063cc      0x284 build/stm32f1xx_hal_uart.o
                0x080063cc                HAL_UART_IRQHandler
 .text.TIM_OC1_SetConfig
                0x08006650       0x54 build/stm32f1xx_hal_tim.o
 .text.TIM_OC3_SetConfig
                0x080066a4       0x5c build/stm32f1xx_hal_tim.o
 .text.TIM_OC4_SetConfig
                0x08006700       0x48 build/stm32f1xx_hal_tim.o
 .text.TIM_TI1_ConfigInputStage
                0x08006748       0x24 build/stm32f1xx_hal_tim.o
 .text.TIM_TI2_ConfigInputStage
                0x0800676c       0x26 build/stm32f1xx_hal_tim.o
 .text.TIM_ITRx_SetConfig
                0x08006792       0x10 build/stm32f1xx_hal_tim.o
 .text.HAL_TIM_PWM_MspInit
                0x080067a2        0x2 build/stm32f1xx_hal_tim.o
                0x080067a2                HAL_TIM_PWM_MspInit
 .text.HAL_TIM_PeriodElapsedCallback
                0x080067a4        0x2 build/stm32f1xx_hal_tim.o
                0x080067a4                HAL_TIM_PeriodElapsedCallback
 .text.HAL_TIM_OC_DelayElapsedCallback
                0x080067a6        0x2 build/stm32f1xx_hal_tim.o
                0x080067a6                HAL_TIM_OC_DelayElapsedCallback
 .text.HAL_TIM_IC_CaptureCallback
                0x080067a8        0x2 build/stm32f1xx_hal_tim.o
                0x080067a8                HAL_TIM_IC_CaptureCallback
 .text.HAL_TIM_TriggerCallback
                0x080067aa        0x2 build/stm32f1xx_hal_tim.o
                0x080067aa                HAL_TIM_TriggerCallback
 .text.HAL_TIM_IRQHandler
                0x080067ac      0x15e build/stm32f1xx_hal_tim.o
                0x080067ac                HAL_TIM_IRQHandler
 *fill*         0x0800690a        0x2 
 .text.TIM_Base_SetConfig
                0x0800690c       0x84 build/stm32f1xx_hal_tim.o
                0x0800690c                TIM_Base_SetConfig
 .text.HAL_TIM_Base_Init
                0x08006990       0x58 build/stm32f1xx_hal_tim.o
                0x08006990                HAL_TIM_Base_Init
 .text.HAL_TIM_PWM_Init
                0x080069e8       0x58 build/stm32f1xx_hal_tim.o
                0x080069e8                HAL_TIM_PWM_Init
 .text.TIM_OC2_SetConfig
                0x08006a40       0x5c build/stm32f1xx_hal_tim.o
                0x08006a40                TIM_OC2_SetConfig
 .text.HAL_TIM_PWM_ConfigChannel
                0x08006a9c       0xdc build/stm32f1xx_hal_tim.o
                0x08006a9c                HAL_TIM_PWM_ConfigChannel
 .text.TIM_ETR_SetConfig
                0x08006b78       0x18 build/stm32f1xx_hal_tim.o
                0x08006b78                TIM_ETR_SetConfig
 .text.HAL_TIM_ConfigClockSource
                0x08006b90       0xfe build/stm32f1xx_hal_tim.o
                0x08006b90                HAL_TIM_ConfigClockSource
 *fill*         0x08006c8e        0x2 
 .text.HAL_TIMEx_MasterConfigSynchronization
                0x08006c90       0x6c build/stm32f1xx_hal_tim_ex.o
                0x08006c90                HAL_TIMEx_MasterConfigSynchronization
 .text.HAL_TIMEx_ConfigBreakDeadTime
                0x08006cfc       0x52 build/stm32f1xx_hal_tim_ex.o
                0x08006cfc                HAL_TIMEx_ConfigBreakDeadTime
 .text.HAL_TIMEx_CommutCallback
                0x08006d4e        0x2 build/stm32f1xx_hal_tim_ex.o
                0x08006d4e                HAL_TIMEx_CommutCallback
 .text.HAL_TIMEx_BreakCallback
                0x08006d50        0x2 build/stm32f1xx_hal_tim_ex.o
                0x08006d50                HAL_TIMEx_BreakCallback
 *fill*         0x08006d52        0x2 
 .text._Z41__static_initialization_and_destruction_0v
                0x08006d54       0x14 build/app.o
 .text.__io_putchar
                0x08006d68       0x20 build/app.o
                0x08006d68                __io_putchar
 .text.setup    0x08006d88       0x24 build/app.o
                0x08006d88                setup
 .text.loop     0x08006dac       0x4c build/app.o
                0x08006dac                loop
 .text.HAL_TIM_PWM_PulseFinishedCallback
                0x08006df8        0x2 build/app.o
                0x08006df8                HAL_TIM_PWM_PulseFinishedCallback
 .text._GLOBAL__sub_I___io_putchar
                0x08006dfa        0x8 build/app.o
 .text._ZN9ModbusRTUC2EP20__UART_HandleTypeDef
                0x08006e02        0x4 build/modbusRTU.o
                0x08006e02                ModbusRTU::ModbusRTU(__UART_HandleTypeDef*)
                0x08006e02                ModbusRTU::ModbusRTU(__UART_HandleTypeDef*)
 .text._ZN9ModbusRTU4initEv
                0x08006e06       0x10 build/modbusRTU.o
                0x08006e06                ModbusRTU::init()
 .text._ZN9ModbusRTU9appendCRCEPh
                0x08006e16       0x3e build/modbusRTU.o
                0x08006e16                ModbusRTU::appendCRC(unsigned char*)
 .text._ZN9ModbusRTU4sendEv
                0x08006e54       0x12 build/modbusRTU.o
                0x08006e54                ModbusRTU::send()
 *fill*         0x08006e66        0x2 
 .text._ZN9ModbusRTU7receiveEv
                0x08006e68       0x3c build/modbusRTU.o
                0x08006e68                ModbusRTU::receive()
 .text._ZN9ModbusRTU7requestEhhtt
                0x08006ea4       0x5a build/modbusRTU.o
                0x08006ea4                ModbusRTU::request(unsigned char, unsigned char, unsigned short, unsigned short)
 *fill*         0x08006efe        0x2 
 .text.Reset_Handler
                0x08006f00       0x48 build/startup_stm32f103xb.o
                0x08006f00                Reset_Handler
 .text.Default_Handler
                0x08006f48        0x2 build/startup_stm32f103xb.o
                0x08006f48                RTC_Alarm_IRQHandler
                0x08006f48                EXTI2_IRQHandler
                0x08006f48                TIM1_CC_IRQHandler
                0x08006f48                PVD_IRQHandler
                0x08006f48                EXTI3_IRQHandler
                0x08006f48                EXTI0_IRQHandler
                0x08006f48                I2C2_EV_IRQHandler
                0x08006f48                ADC1_2_IRQHandler
                0x08006f48                SPI1_IRQHandler
                0x08006f48                TAMPER_IRQHandler
                0x08006f48                DMA1_Channel4_IRQHandler
                0x08006f48                USART3_IRQHandler
                0x08006f48                RTC_IRQHandler
                0x08006f48                DMA1_Channel7_IRQHandler
                0x08006f48                CAN1_RX1_IRQHandler
                0x08006f48                TIM4_IRQHandler
                0x08006f48                I2C1_EV_IRQHandler
                0x08006f48                DMA1_Channel6_IRQHandler
                0x08006f48                TIM3_IRQHandler
                0x08006f48                RCC_IRQHandler
                0x08006f48                TIM1_TRG_COM_IRQHandler
                0x08006f48                DMA1_Channel1_IRQHandler
                0x08006f48                Default_Handler
                0x08006f48                EXTI15_10_IRQHandler
                0x08006f48                EXTI9_5_IRQHandler
                0x08006f48                SPI2_IRQHandler
                0x08006f48                DMA1_Channel5_IRQHandler
                0x08006f48                EXTI4_IRQHandler
                0x08006f48                USB_LP_CAN1_RX0_IRQHandler
                0x08006f48                USB_HP_CAN1_TX_IRQHandler
                0x08006f48                DMA1_Channel3_IRQHandler
                0x08006f48                WWDG_IRQHandler
                0x08006f48                TIM2_IRQHandler
                0x08006f48                TIM1_BRK_IRQHandler
                0x08006f48                EXTI1_IRQHandler
                0x08006f48                USART2_IRQHandler
                0x08006f48                I2C2_ER_IRQHandler
                0x08006f48                CAN1_SCE_IRQHandler
                0x08006f48                FLASH_IRQHandler
                0x08006f48                I2C1_ER_IRQHandler
                0x08006f48                USBWakeUp_IRQHandler
 .text.selfrel_offset31
                0x08006f4a       0x12 C:/msys64/mingw64/bin/../lib/gcc/arm-none-eabi/13.3.0/thumb/v7-m/nofp\libgcc.a(unwind-arm.o)
 .text.search_EIT_table
                0x08006f5c       0x60 C:/msys64/mingw64/bin/../lib/gcc/arm-none-eabi/13.3.0/thumb/v7-m/nofp\libgcc.a(unwind-arm.o)
 .text.__gnu_unwind_get_pr_addr
                0x08006fbc       0x28 C:/msys64/mingw64/bin/../lib/gcc/arm-none-eabi/13.3.0/thumb/v7-m/nofp\libgcc.a(unwind-arm.o)
 .text.get_eit_entry
                0x08006fe4       0x8c C:/msys64/mingw64/bin/../lib/gcc/arm-none-eabi/13.3.0/thumb/v7-m/nofp\libgcc.a(unwind-arm.o)
 .text.restore_non_core_regs
                0x08007070       0x4e C:/msys64/mingw64/bin/../lib/gcc/arm-none-eabi/13.3.0/thumb/v7-m/nofp\libgcc.a(unwind-arm.o)
 .text._Unwind_decode_typeinfo_ptr.constprop.0
                0x080070be        0xa C:/msys64/mingw64/bin/../lib/gcc/arm-none-eabi/13.3.0/thumb/v7-m/nofp\libgcc.a(unwind-arm.o)
 .text._Unwind_DebugHook
                0x080070c8        0x2 C:/msys64/mingw64/bin/../lib/gcc/arm-none-eabi/13.3.0/thumb/v7-m/nofp\libgcc.a(unwind-arm.o)
 .text.unwind_phase2
                0x080070ca       0x3a C:/msys64/mingw64/bin/../lib/gcc/arm-none-eabi/13.3.0/thumb/v7-m/nofp\libgcc.a(unwind-arm.o)
 .text.unwind_phase2_forced
                0x08007104       0xba C:/msys64/mingw64/bin/../lib/gcc/arm-none-eabi/13.3.0/thumb/v7-m/nofp\libgcc.a(unwind-arm.o)
 .text.__gnu_Unwind_RaiseException
                0x080071be       0x5a C:/msys64/mingw64/bin/../lib/gcc/arm-none-eabi/13.3.0/thumb/v7-m/nofp\libgcc.a(unwind-arm.o)
                0x080071be                __gnu_Unwind_RaiseException
 .text.__gnu_Unwind_ForcedUnwind
                0x08007218       0x14 C:/msys64/mingw64/bin/../lib/gcc/arm-none-eabi/13.3.0/thumb/v7-m/nofp\libgcc.a(unwind-arm.o)
                0x08007218                __gnu_Unwind_ForcedUnwind
 .text.__gnu_Unwind_Resume
                0x0800722c       0x40 C:/msys64/mingw64/bin/../lib/gcc/arm-none-eabi/13.3.0/thumb/v7-m/nofp\libgcc.a(unwind-arm.o)
                0x0800722c                __gnu_Unwind_Resume
 .text.__gnu_Unwind_Resume_or_Rethrow
                0x0800726c       0x12 C:/msys64/mingw64/bin/../lib/gcc/arm-none-eabi/13.3.0/thumb/v7-m/nofp\libgcc.a(unwind-arm.o)
                0x0800726c                __gnu_Unwind_Resume_or_Rethrow
 .text._Unwind_VRS_Get
                0x0800727e       0x30 C:/msys64/mingw64/bin/../lib/gcc/arm-none-eabi/13.3.0/thumb/v7-m/nofp\libgcc.a(unwind-arm.o)
                0x0800727e                _Unwind_VRS_Get
 .text._Unwind_GetGR
                0x080072ae       0x18 C:/msys64/mingw64/bin/../lib/gcc/arm-none-eabi/13.3.0/thumb/v7-m/nofp\libgcc.a(unwind-arm.o)
 .text._Unwind_VRS_Set
                0x080072c6       0x32 C:/msys64/mingw64/bin/../lib/gcc/arm-none-eabi/13.3.0/thumb/v7-m/nofp\libgcc.a(unwind-arm.o)
                0x080072c6                _Unwind_VRS_Set
 .text._Unwind_SetGR
                0x080072f8       0x18 C:/msys64/mingw64/bin/../lib/gcc/arm-none-eabi/13.3.0/thumb/v7-m/nofp\libgcc.a(unwind-arm.o)
 .text.__gnu_Unwind_Backtrace
                0x08007310       0x6c C:/msys64/mingw64/bin/../lib/gcc/arm-none-eabi/13.3.0/thumb/v7-m/nofp\libgcc.a(unwind-arm.o)
                0x08007310                __gnu_Unwind_Backtrace
 .text.__gnu_unwind_pr_common
                0x0800737c      0x24c C:/msys64/mingw64/bin/../lib/gcc/arm-none-eabi/13.3.0/thumb/v7-m/nofp\libgcc.a(unwind-arm.o)
 .text.__aeabi_unwind_cpp_pr0
                0x080075c8        0x6 C:/msys64/mingw64/bin/../lib/gcc/arm-none-eabi/13.3.0/thumb/v7-m/nofp\libgcc.a(unwind-arm.o)
                0x080075c8                __aeabi_unwind_cpp_pr0
 .text.__aeabi_unwind_cpp_pr1
                0x080075ce        0x6 C:/msys64/mingw64/bin/../lib/gcc/arm-none-eabi/13.3.0/thumb/v7-m/nofp\libgcc.a(unwind-arm.o)
                0x080075ce                __aeabi_unwind_cpp_pr1
 .text.__aeabi_unwind_cpp_pr2
                0x080075d4        0x6 C:/msys64/mingw64/bin/../lib/gcc/arm-none-eabi/13.3.0/thumb/v7-m/nofp\libgcc.a(unwind-arm.o)
                0x080075d4                __aeabi_unwind_cpp_pr2
 .text._Unwind_VRS_Pop
                0x080075da      0x226 C:/msys64/mingw64/bin/../lib/gcc/arm-none-eabi/13.3.0/thumb/v7-m/nofp\libgcc.a(unwind-arm.o)
                0x080075da                _Unwind_VRS_Pop
 .text.next_unwind_byte
                0x08007800       0x30 C:/msys64/mingw64/bin/../lib/gcc/arm-none-eabi/13.3.0/thumb/v7-m/nofp\libgcc.a(pr-support.o)
 .text.__gnu_unwind_execute
                0x08007830      0x268 C:/msys64/mingw64/bin/../lib/gcc/arm-none-eabi/13.3.0/thumb/v7-m/nofp\libgcc.a(pr-support.o)
                0x08007830                __gnu_unwind_execute
 *(.glue_7)
 .glue_7        0x08007a98        0x0 linker stubs
 *(.glue_7t)
 .glue_7t       0x08007a98        0x0 linker stubs
 *(.eh_frame)
 .eh_frame      0x08007a98        0x0 C:/msys64/mingw64/bin/../lib/gcc/arm-none-eabi/13.3.0/thumb/v7-m/nofp/crtbegin.o
 *(.init)
 .init          0x08007a98        0x4 C:/msys64/mingw64/bin/../lib/gcc/arm-none-eabi/13.3.0/thumb/v7-m/nofp/crti.o
                0x08007a98                _init
 .init          0x08007a9c        0x8 C:/msys64/mingw64/bin/../lib/gcc/arm-none-eabi/13.3.0/thumb/v7-m/nofp/crtn.o
 *(.fini)
 .fini          0x08007aa4        0x4 C:/msys64/mingw64/bin/../lib/gcc/arm-none-eabi/13.3.0/thumb/v7-m/nofp/crti.o
                0x08007aa4                _fini
 .fini          0x08007aa8        0x8 C:/msys64/mingw64/bin/../lib/gcc/arm-none-eabi/13.3.0/thumb/v7-m/nofp/crtn.o
                0x08007ab0                        . = ALIGN (0x4)
                0x08007ab0                        _etext = .

.vfp11_veneer   0x08007ab0        0x0
 .vfp11_veneer  0x08007ab0        0x0 linker stubs

.v4_bx          0x08007ab0        0x0
 .v4_bx         0x08007ab0        0x0 linker stubs

.iplt           0x08007ab0        0x0
 .iplt          0x08007ab0        0x0 C:/msys64/mingw64/bin/../lib/gcc/arm-none-eabi/13.3.0/thumb/v7-m/nofp/crtbegin.o

.rodata         0x08007ab0      0x3b8
                0x08007ab0                        . = ALIGN (0x4)
 *(.rodata)
 .rodata        0x08007ab0        0x8 build/modbusRTU.o
 .rodata        0x08007ab8      0x128 C:/msys64/mingw64/bin/../lib/gcc/arm-none-eabi/13.3.0/../../../../arm-none-eabi/lib/thumb/v7-m/nofp\libc_nano.a(libc_a-mprec.o)
                0x08007ac8                __mprec_tens
                0x08007b90                __mprec_tinytens
                0x08007bb8                __mprec_bigtens
 .rodata        0x08007be0      0x101 C:/msys64/mingw64/bin/../lib/gcc/arm-none-eabi/13.3.0/../../../../arm-none-eabi/lib/thumb/v7-m/nofp\libc_nano.a(libc_a-ctype_.o)
                0x08007be0                _ctype_
 *(.rodata*)
 *fill*         0x08007ce1        0x3 
 .rodata.aPredivFactorTable.0
                0x08007ce4        0x2 build/stm32f1xx_hal_rcc.o
 *fill*         0x08007ce6        0x2 
 .rodata.aPLLMULFactorTable.1
                0x08007ce8       0x10 build/stm32f1xx_hal_rcc.o
 .rodata.APBPrescTable
                0x08007cf8        0x8 build/system_stm32f1xx.o
                0x08007cf8                APBPrescTable
 .rodata.AHBPrescTable
                0x08007d00       0x10 build/system_stm32f1xx.o
                0x08007d00                AHBPrescTable
 .rodata.loop.str1.4
                0x08007d10      0x157 build/app.o
                                  0x4 (size before relaxing)
 .rodata.str1.4
                0x08007e67       0x12 C:/msys64/mingw64/bin/../lib/gcc/arm-none-eabi/13.3.0/../../../../arm-none-eabi/lib/thumb/v7-m/nofp\libc_nano.a(libc_a-nano-vfprintf_float.o)
 .rodata.str1.4
                0x08007e67       0x25 C:/msys64/mingw64/bin/../lib/gcc/arm-none-eabi/13.3.0/../../../../arm-none-eabi/lib/thumb/v7-m/nofp\libc_nano.a(libc_a-nano-vfprintf_i.o)
 .rodata.str1.4
                0x08007e67       0x79 C:/msys64/mingw64/bin/../lib/gcc/arm-none-eabi/13.3.0/../../../../arm-none-eabi/lib/thumb/v7-m/nofp\libc_nano.a(libc_a-dtoa.o)
 .rodata.str1.4
                0x08007e67       0x65 C:/msys64/mingw64/bin/../lib/gcc/arm-none-eabi/13.3.0/../../../../arm-none-eabi/lib/thumb/v7-m/nofp\libc_nano.a(libc_a-mprec.o)
 .rodata.str1.4
                0x08007e67       0x13 C:/msys64/mingw64/bin/../lib/gcc/arm-none-eabi/13.3.0/../../../../arm-none-eabi/lib/thumb/v7-m/nofp\libc_nano.a(libc_a-nano-vfprintf.o)
 .rodata.str1.4
                0x08007e67       0x12 C:/msys64/mingw64/bin/../lib/gcc/arm-none-eabi/13.3.0/../../../../arm-none-eabi/lib/thumb/v7-m/nofp\libc_nano.a(libc_a-locale.o)
 .rodata.str1.4
                0x08007e67       0x43 C:/msys64/mingw64/bin/../lib/gcc/arm-none-eabi/13.3.0/../../../../arm-none-eabi/lib/thumb/v7-m/nofp\libc_nano.a(libc_a-assert.o)
                0x08007ee0                        . = ALIGN (0x4)
 *fill*         0x08007e67        0x1 

.ARM.extab      0x08007e68        0xc
 *(.ARM.extab* .gnu.linkonce.armextab.*)
 .ARM.extab.text._ZN9ModbusRTU4sendEv
                0x08007e68        0xc build/modbusRTU.o

.ARM            0x08007e74       0xc0
                0x08007e74                        __exidx_start = .
 *(.ARM.exidx*)
 .ARM.exidx     0x08007e74        0x8 C:/msys64/mingw64/bin/../lib/gcc/arm-none-eabi/13.3.0/../../../../arm-none-eabi/lib/thumb/v7-m/nofp\libc_nano.a(libc_a-memcpy.o)
 .ARM.exidx.text._Z41__static_initialization_and_destruction_0v
                0x08007e7c        0x0 build/app.o
                                  0x8 (size before relaxing)
 .ARM.exidx.text.__io_putchar
                0x08007e7c        0x8 build/app.o
 .ARM.exidx.text.setup
                0x08007e84        0x8 build/app.o
 .ARM.exidx.text.loop
                0x08007e8c        0x0 build/app.o
                                  0x8 (size before relaxing)
 .ARM.exidx.text.HAL_TIM_PWM_PulseFinishedCallback
                0x08007e8c        0x8 build/app.o
 .ARM.exidx.text._GLOBAL__sub_I___io_putchar
                0x08007e94        0x0 build/app.o
                                  0x8 (size before relaxing)
 .ARM.exidx.text._ZN9ModbusRTUC2EP20__UART_HandleTypeDef
                0x08007e94        0x0 build/modbusRTU.o
                                  0x8 (size before relaxing)
 .ARM.exidx.text._ZN9ModbusRTU4initEv
                0x08007e94        0x0 build/modbusRTU.o
                                  0x8 (size before relaxing)
 .ARM.exidx.text._ZN9ModbusRTU9appendCRCEPh
                0x08007e94        0x0 build/modbusRTU.o
                                  0x8 (size before relaxing)
 .ARM.exidx.text._ZN9ModbusRTU4sendEv
                0x08007e94        0x8 build/modbusRTU.o
 .ARM.exidx.text._ZN9ModbusRTU7receiveEv
                0x08007e9c        0x8 build/modbusRTU.o
 .ARM.exidx.text._ZN9ModbusRTU7requestEhhtt
                0x08007ea4       0x10 build/modbusRTU.o
                                  0x8 (size before relaxing)
 .ARM.exidx.text.selfrel_offset31
                0x08007eb4        0x0 C:/msys64/mingw64/bin/../lib/gcc/arm-none-eabi/13.3.0/thumb/v7-m/nofp\libgcc.a(unwind-arm.o)
                                  0x8 (size before relaxing)
 .ARM.exidx.text.search_EIT_table
                0x08007eb4        0x0 C:/msys64/mingw64/bin/../lib/gcc/arm-none-eabi/13.3.0/thumb/v7-m/nofp\libgcc.a(unwind-arm.o)
                                  0x8 (size before relaxing)
 .ARM.exidx.text.__gnu_unwind_get_pr_addr
                0x08007eb4        0x0 C:/msys64/mingw64/bin/../lib/gcc/arm-none-eabi/13.3.0/thumb/v7-m/nofp\libgcc.a(unwind-arm.o)
                                  0x8 (size before relaxing)
 .ARM.exidx.text.get_eit_entry
                0x08007eb4        0x8 C:/msys64/mingw64/bin/../lib/gcc/arm-none-eabi/13.3.0/thumb/v7-m/nofp\libgcc.a(unwind-arm.o)
 .ARM.exidx.text.restore_non_core_regs
                0x08007ebc        0x8 C:/msys64/mingw64/bin/../lib/gcc/arm-none-eabi/13.3.0/thumb/v7-m/nofp\libgcc.a(unwind-arm.o)
 .ARM.exidx.text._Unwind_decode_typeinfo_ptr.constprop.0
                0x08007ec4        0x8 C:/msys64/mingw64/bin/../lib/gcc/arm-none-eabi/13.3.0/thumb/v7-m/nofp\libgcc.a(unwind-arm.o)
 .ARM.exidx.text._Unwind_DebugHook
                0x08007ecc        0x0 C:/msys64/mingw64/bin/../lib/gcc/arm-none-eabi/13.3.0/thumb/v7-m/nofp\libgcc.a(unwind-arm.o)
                                  0x8 (size before relaxing)
 .ARM.exidx.text.unwind_phase2
                0x08007ecc        0x8 C:/msys64/mingw64/bin/../lib/gcc/arm-none-eabi/13.3.0/thumb/v7-m/nofp\libgcc.a(unwind-arm.o)
 .ARM.exidx.text.unwind_phase2_forced
                0x08007ed4        0x8 C:/msys64/mingw64/bin/../lib/gcc/arm-none-eabi/13.3.0/thumb/v7-m/nofp\libgcc.a(unwind-arm.o)
 .ARM.exidx.text.__gnu_Unwind_RaiseException
                0x08007edc        0x8 C:/msys64/mingw64/bin/../lib/gcc/arm-none-eabi/13.3.0/thumb/v7-m/nofp\libgcc.a(unwind-arm.o)
 .ARM.exidx.text.__gnu_Unwind_ForcedUnwind
                0x08007ee4        0x8 C:/msys64/mingw64/bin/../lib/gcc/arm-none-eabi/13.3.0/thumb/v7-m/nofp\libgcc.a(unwind-arm.o)
 .ARM.exidx.text.__gnu_Unwind_Resume
                0x08007eec        0x8 C:/msys64/mingw64/bin/../lib/gcc/arm-none-eabi/13.3.0/thumb/v7-m/nofp\libgcc.a(unwind-arm.o)
 .ARM.exidx.text.__gnu_Unwind_Resume_or_Rethrow
                0x08007ef4        0x8 C:/msys64/mingw64/bin/../lib/gcc/arm-none-eabi/13.3.0/thumb/v7-m/nofp\libgcc.a(unwind-arm.o)
 .ARM.exidx.text._Unwind_VRS_Get
                0x08007efc        0x0 C:/msys64/mingw64/bin/../lib/gcc/arm-none-eabi/13.3.0/thumb/v7-m/nofp\libgcc.a(unwind-arm.o)
                                  0x8 (size before relaxing)
 .ARM.exidx.text._Unwind_GetGR
                0x08007efc        0x0 C:/msys64/mingw64/bin/../lib/gcc/arm-none-eabi/13.3.0/thumb/v7-m/nofp\libgcc.a(unwind-arm.o)
                                  0x8 (size before relaxing)
 .ARM.exidx.text._Unwind_VRS_Set
                0x08007efc        0x0 C:/msys64/mingw64/bin/../lib/gcc/arm-none-eabi/13.3.0/thumb/v7-m/nofp\libgcc.a(unwind-arm.o)
                                  0x8 (size before relaxing)
 .ARM.exidx.text._Unwind_SetGR
                0x08007efc        0x0 C:/msys64/mingw64/bin/../lib/gcc/arm-none-eabi/13.3.0/thumb/v7-m/nofp\libgcc.a(unwind-arm.o)
                                  0x8 (size before relaxing)
 .ARM.exidx.text.__gnu_Unwind_Backtrace
                0x08007efc        0x8 C:/msys64/mingw64/bin/../lib/gcc/arm-none-eabi/13.3.0/thumb/v7-m/nofp\libgcc.a(unwind-arm.o)
 .ARM.exidx.text.__gnu_unwind_pr_common
                0x08007f04        0x8 C:/msys64/mingw64/bin/../lib/gcc/arm-none-eabi/13.3.0/thumb/v7-m/nofp\libgcc.a(unwind-arm.o)
 .ARM.exidx.text.__aeabi_unwind_cpp_pr0
                0x08007f0c        0x8 C:/msys64/mingw64/bin/../lib/gcc/arm-none-eabi/13.3.0/thumb/v7-m/nofp\libgcc.a(unwind-arm.o)
 .ARM.exidx.text.__aeabi_unwind_cpp_pr1
                0x08007f14        0x0 C:/msys64/mingw64/bin/../lib/gcc/arm-none-eabi/13.3.0/thumb/v7-m/nofp\libgcc.a(unwind-arm.o)
                                  0x8 (size before relaxing)
 .ARM.exidx.text.__aeabi_unwind_cpp_pr2
                0x08007f14        0x0 C:/msys64/mingw64/bin/../lib/gcc/arm-none-eabi/13.3.0/thumb/v7-m/nofp\libgcc.a(unwind-arm.o)
                                  0x8 (size before relaxing)
 .ARM.exidx.text._Unwind_VRS_Pop
                0x08007f14        0x8 C:/msys64/mingw64/bin/../lib/gcc/arm-none-eabi/13.3.0/thumb/v7-m/nofp\libgcc.a(unwind-arm.o)
 .ARM.exidx.text.next_unwind_byte
                0x08007f1c        0x8 C:/msys64/mingw64/bin/../lib/gcc/arm-none-eabi/13.3.0/thumb/v7-m/nofp\libgcc.a(pr-support.o)
 .ARM.exidx.text.__gnu_unwind_execute
                0x08007f24       0x10 C:/msys64/mingw64/bin/../lib/gcc/arm-none-eabi/13.3.0/thumb/v7-m/nofp\libgcc.a(pr-support.o)
                                  0x8 (size before relaxing)
                0x08007f34                        __exidx_end = .

.rel.dyn        0x08007f34        0x0
 .rel.iplt      0x08007f34        0x0 C:/msys64/mingw64/bin/../lib/gcc/arm-none-eabi/13.3.0/thumb/v7-m/nofp/crtbegin.o

.preinit_array  0x08007f34        0x0
                0x08007f34                        PROVIDE (__preinit_array_start = .)
 *(.preinit_array*)
                0x08007f34                        PROVIDE (__preinit_array_end = .)

.init_array     0x08007f34        0x8
                0x08007f34                        PROVIDE (__init_array_start = .)
 *(SORT_BY_NAME(.init_array.*))
 *(.init_array*)
 .init_array    0x08007f34        0x4 C:/msys64/mingw64/bin/../lib/gcc/arm-none-eabi/13.3.0/thumb/v7-m/nofp/crtbegin.o
 .init_array    0x08007f38        0x4 build/app.o
                0x08007f3c                        PROVIDE (__init_array_end = .)

.fini_array     0x08007f3c        0x4
                0x08007f3c                        PROVIDE (__fini_array_start = .)
 *(SORT_BY_NAME(.fini_array.*))
 *(.fini_array*)
 .fini_array    0x08007f3c        0x4 C:/msys64/mingw64/bin/../lib/gcc/arm-none-eabi/13.3.0/thumb/v7-m/nofp/crtbegin.o
                0x08007f40                        PROVIDE (__fini_array_end = .)
                0x08007f40                        _sidata = LOADADDR (.data)

.data           0x20000000      0x1d4 load address 0x08007f40
                0x20000000                        . = ALIGN (0x4)
                0x20000000                        _sdata = .
 *(.data)
 .data          0x20000000        0xc C:/msys64/mingw64/bin/../lib/gcc/arm-none-eabi/13.3.0/../../../../arm-none-eabi/lib/thumb/v7-m/nofp\libc_nano.a(libc_a-findfp.o)
                0x20000000                __sglue
 .data          0x2000000c       0x50 C:/msys64/mingw64/bin/../lib/gcc/arm-none-eabi/13.3.0/../../../../arm-none-eabi/lib/thumb/v7-m/nofp\libc_nano.a(libc_a-impure.o)
                0x2000000c                _impure_ptr
                0x20000010                _impure_data
 .data          0x2000005c      0x16c C:/msys64/mingw64/bin/../lib/gcc/arm-none-eabi/13.3.0/../../../../arm-none-eabi/lib/thumb/v7-m/nofp\libc_nano.a(libc_a-locale.o)
                0x2000005c                __global_locale
 *(.data*)
 .data.uwTickFreq
                0x200001c8        0x1 build/stm32f1xx_hal.o
                0x200001c8                uwTickFreq
 *fill*         0x200001c9        0x3 
 .data.uwTickPrio
                0x200001cc        0x4 build/stm32f1xx_hal.o
                0x200001cc                uwTickPrio
 .data.SystemCoreClock
                0x200001d0        0x4 build/system_stm32f1xx.o
                0x200001d0                SystemCoreClock
                0x200001d4                        . = ALIGN (0x4)
                0x200001d4                        _edata = .

.igot.plt       0x200001d4        0x0 load address 0x08008114
 .igot.plt      0x200001d4        0x0 C:/msys64/mingw64/bin/../lib/gcc/arm-none-eabi/13.3.0/thumb/v7-m/nofp/crtbegin.o
                0x200001d4                        . = ALIGN (0x4)

.bss            0x200001d4      0x2b8 load address 0x08008114
                0x200001d4                        _sbss = .
                0x200001d4                        __bss_start__ = _sbss
 *(.bss)
 .bss           0x200001d4        0x8 C:/msys64/mingw64/bin/../lib/gcc/arm-none-eabi/13.3.0/../../../../arm-none-eabi/lib/thumb/v7-m/nofp\libc_nano.a(libc_a-mallocr.o)
                0x200001d4                __malloc_sbrk_start
                0x200001d8                __malloc_free_list
 .bss           0x200001dc      0x13c C:/msys64/mingw64/bin/../lib/gcc/arm-none-eabi/13.3.0/../../../../arm-none-eabi/lib/thumb/v7-m/nofp\libc_nano.a(libc_a-findfp.o)
                0x200001dc                __sf
                0x20000314                __stdio_exit_handler
 .bss           0x20000318        0x4 C:/msys64/mingw64/bin/../lib/gcc/arm-none-eabi/13.3.0/../../../../arm-none-eabi/lib/thumb/v7-m/nofp\libc_nano.a(libc_a-reent.o)
                0x20000318                errno
 .bss           0x2000031c       0x1d C:/msys64/mingw64/bin/../lib/gcc/arm-none-eabi/13.3.0/../../../../arm-none-eabi/lib/thumb/v7-m/nofp\libc_nano.a(libc_a-lock.o)
                0x2000031c                __lock___arc4random_mutex
                0x20000320                __lock___dd_hash_mutex
                0x20000324                __lock___tz_mutex
                0x20000328                __lock___env_recursive_mutex
                0x2000032c                __lock___malloc_recursive_mutex
                0x20000330                __lock___at_quick_exit_mutex
                0x20000334                __lock___atexit_recursive_mutex
                0x20000338                __lock___sfp_recursive_mutex
 *(.bss*)
 .bss.completed.1
                0x20000339        0x1 C:/msys64/mingw64/bin/../lib/gcc/arm-none-eabi/13.3.0/thumb/v7-m/nofp/crtbegin.o
 *fill*         0x2000033a        0x2 
 .bss.object.0  0x2000033c       0x18 C:/msys64/mingw64/bin/../lib/gcc/arm-none-eabi/13.3.0/thumb/v7-m/nofp/crtbegin.o
 .bss.huart2    0x20000354       0x48 build/main.o
                0x20000354                huart2
 .bss.huart1    0x2000039c       0x48 build/main.o
                0x2000039c                huart1
 .bss.hdma_tim1_ch1
                0x200003e4       0x44 build/main.o
                0x200003e4                hdma_tim1_ch1
 .bss.htim1     0x20000428       0x48 build/main.o
                0x20000428                htim1
 .bss.uwTick    0x20000470        0x4 build/stm32f1xx_hal.o
                0x20000470                uwTick
 .bss.__sbrk_heap_end
                0x20000474        0x4 build/sysmem.o
 .bss.modbusClient
                0x20000478       0x14 build/app.o
                0x20000478                modbusClient
 *(COMMON)
                0x2000048c                        . = ALIGN (0x4)
                0x2000048c                        _ebss = .
                0x2000048c                        __bss_end__ = _ebss

._user_heap_stack
                0x2000048c      0x604 load address 0x08008114
                0x20000490                        . = ALIGN (0x8)
 *fill*         0x2000048c        0x4 
                [!provide]                        PROVIDE (end = .)
                0x20000490                        PROVIDE (_end = .)
                0x20000690                        . = (. + _Min_Heap_Size)
 *fill*         0x20000490      0x200 
                0x20000a90                        . = (. + _Min_Stack_Size)
 *fill*         0x20000690      0x400 
                0x20000a90                        . = ALIGN (0x8)

/DISCARD/
 libc.a(*)
 libm.a(*)
 libgcc.a(*)
OUTPUT(build/_firmware.elf elf32-littlearm)
LOAD linker stubs
LOAD C:/msys64/mingw64/bin/../lib/gcc/arm-none-eabi/13.3.0/../../../../arm-none-eabi/lib/thumb/v7-m/nofp\libc.a
LOAD C:/msys64/mingw64/bin/../lib/gcc/arm-none-eabi/13.3.0/../../../../arm-none-eabi/lib/thumb/v7-m/nofp\libm.a
LOAD C:/msys64/mingw64/bin/../lib/gcc/arm-none-eabi/13.3.0/thumb/v7-m/nofp\libgcc.a

.ARM.attributes
                0x00000000       0x29
 .ARM.attributes
                0x00000000       0x1d C:/msys64/mingw64/bin/../lib/gcc/arm-none-eabi/13.3.0/thumb/v7-m/nofp/crti.o
 .ARM.attributes
                0x0000001d       0x2d C:/msys64/mingw64/bin/../lib/gcc/arm-none-eabi/13.3.0/thumb/v7-m/nofp/crtbegin.o
 .ARM.attributes
                0x0000004a       0x2d build/main.o
 .ARM.attributes
                0x00000077       0x2d build/stm32f1xx_it.o
 .ARM.attributes
                0x000000a4       0x2d build/stm32f1xx_hal_msp.o
 .ARM.attributes
                0x000000d1       0x2d build/stm32f1xx_hal.o
 .ARM.attributes
                0x000000fe       0x2d build/stm32f1xx_hal_rcc.o
 .ARM.attributes
                0x0000012b       0x2d build/stm32f1xx_hal_gpio.o
 .ARM.attributes
                0x00000158       0x2d build/stm32f1xx_hal_dma.o
 .ARM.attributes
                0x00000185       0x2d build/stm32f1xx_hal_cortex.o
 .ARM.attributes
                0x000001b2       0x2d build/system_stm32f1xx.o
 .ARM.attributes
                0x000001df       0x2d build/sysmem.o
 .ARM.attributes
                0x0000020c       0x2d build/syscalls.o
 .ARM.attributes
                0x00000239       0x2d build/stm32f1xx_hal_uart.o
 .ARM.attributes
                0x00000266       0x2d build/stm32f1xx_hal_tim.o
 .ARM.attributes
                0x00000293       0x2d build/stm32f1xx_hal_tim_ex.o
 .ARM.attributes
                0x000002c0       0x2d build/app.o
 .ARM.attributes
                0x000002ed       0x2d build/modbusRTU.o
 .ARM.attributes
                0x0000031a       0x21 build/startup_stm32f103xb.o
 .ARM.attributes
                0x0000033b       0x2d C:/msys64/mingw64/bin/../lib/gcc/arm-none-eabi/13.3.0/../../../../arm-none-eabi/lib/thumb/v7-m/nofp\libc_nano.a(libc_a-calloc.o)
 .ARM.attributes
                0x00000368       0x2d C:/msys64/mingw64/bin/../lib/gcc/arm-none-eabi/13.3.0/../../../../arm-none-eabi/lib/thumb/v7-m/nofp\libc_nano.a(libc_a-callocr.o)
 .ARM.attributes
                0x00000395       0x2d C:/msys64/mingw64/bin/../lib/gcc/arm-none-eabi/13.3.0/../../../../arm-none-eabi/lib/thumb/v7-m/nofp\libc_nano.a(libc_a-malloc.o)
 .ARM.attributes
                0x000003c2       0x2d C:/msys64/mingw64/bin/../lib/gcc/arm-none-eabi/13.3.0/../../../../arm-none-eabi/lib/thumb/v7-m/nofp\libc_nano.a(libc_a-mallocr.o)
 .ARM.attributes
                0x000003ef       0x2d C:/msys64/mingw64/bin/../lib/gcc/arm-none-eabi/13.3.0/../../../../arm-none-eabi/lib/thumb/v7-m/nofp\libc_nano.a(libc_a-mlock.o)
 .ARM.attributes
                0x0000041c       0x2d C:/msys64/mingw64/bin/../lib/gcc/arm-none-eabi/13.3.0/../../../../arm-none-eabi/lib/thumb/v7-m/nofp\libc_nano.a(libc_a-nano-vfprintf_float.o)
 .ARM.attributes
                0x00000449       0x2d C:/msys64/mingw64/bin/../lib/gcc/arm-none-eabi/13.3.0/../../../../arm-none-eabi/lib/thumb/v7-m/nofp\libc_nano.a(libc_a-nano-vfprintf_i.o)
 .ARM.attributes
                0x00000476       0x2d C:/msys64/mingw64/bin/../lib/gcc/arm-none-eabi/13.3.0/../../../../arm-none-eabi/lib/thumb/v7-m/nofp\libc_nano.a(libc_a-findfp.o)
 .ARM.attributes
                0x000004a3       0x2d C:/msys64/mingw64/bin/../lib/gcc/arm-none-eabi/13.3.0/../../../../arm-none-eabi/lib/thumb/v7-m/nofp\libc_nano.a(libc_a-fwalk.o)
 .ARM.attributes
                0x000004d0       0x2d C:/msys64/mingw64/bin/../lib/gcc/arm-none-eabi/13.3.0/../../../../arm-none-eabi/lib/thumb/v7-m/nofp\libc_nano.a(libc_a-printf.o)
 .ARM.attributes
                0x000004fd       0x2d C:/msys64/mingw64/bin/../lib/gcc/arm-none-eabi/13.3.0/../../../../arm-none-eabi/lib/thumb/v7-m/nofp\libc_nano.a(libc_a-putchar.o)
 .ARM.attributes
                0x0000052a       0x2d C:/msys64/mingw64/bin/../lib/gcc/arm-none-eabi/13.3.0/../../../../arm-none-eabi/lib/thumb/v7-m/nofp\libc_nano.a(libc_a-stdio.o)
 .ARM.attributes
                0x00000557       0x2d C:/msys64/mingw64/bin/../lib/gcc/arm-none-eabi/13.3.0/../../../../arm-none-eabi/lib/thumb/v7-m/nofp\libc_nano.a(libc_a-memset.o)
 .ARM.attributes
                0x00000584       0x2d C:/msys64/mingw64/bin/../lib/gcc/arm-none-eabi/13.3.0/../../../../arm-none-eabi/lib/thumb/v7-m/nofp\libc_nano.a(libc_a-localeconv.o)
 .ARM.attributes
                0x000005b1       0x2d C:/msys64/mingw64/bin/../lib/gcc/arm-none-eabi/13.3.0/../../../../arm-none-eabi/lib/thumb/v7-m/nofp\libc_nano.a(libc_a-closer.o)
 .ARM.attributes
                0x000005de       0x2d C:/msys64/mingw64/bin/../lib/gcc/arm-none-eabi/13.3.0/../../../../arm-none-eabi/lib/thumb/v7-m/nofp\libc_nano.a(libc_a-reent.o)
 .ARM.attributes
                0x0000060b       0x2d C:/msys64/mingw64/bin/../lib/gcc/arm-none-eabi/13.3.0/../../../../arm-none-eabi/lib/thumb/v7-m/nofp\libc_nano.a(libc_a-impure.o)
 .ARM.attributes
                0x00000638       0x2d C:/msys64/mingw64/bin/../lib/gcc/arm-none-eabi/13.3.0/../../../../arm-none-eabi/lib/thumb/v7-m/nofp\libc_nano.a(libc_a-lseekr.o)
 .ARM.attributes
                0x00000665       0x2d C:/msys64/mingw64/bin/../lib/gcc/arm-none-eabi/13.3.0/../../../../arm-none-eabi/lib/thumb/v7-m/nofp\libc_nano.a(libc_a-readr.o)
 .ARM.attributes
                0x00000692       0x2d C:/msys64/mingw64/bin/../lib/gcc/arm-none-eabi/13.3.0/../../../../arm-none-eabi/lib/thumb/v7-m/nofp\libc_nano.a(libc_a-sbrkr.o)
 .ARM.attributes
                0x000006bf       0x2d C:/msys64/mingw64/bin/../lib/gcc/arm-none-eabi/13.3.0/../../../../arm-none-eabi/lib/thumb/v7-m/nofp\libc_nano.a(libc_a-writer.o)
 .ARM.attributes
                0x000006ec       0x2d C:/msys64/mingw64/bin/../lib/gcc/arm-none-eabi/13.3.0/../../../../arm-none-eabi/lib/thumb/v7-m/nofp\libc_nano.a(libc_a-errno.o)
 .ARM.attributes
                0x00000719       0x2d C:/msys64/mingw64/bin/../lib/gcc/arm-none-eabi/13.3.0/../../../../arm-none-eabi/lib/thumb/v7-m/nofp\libc_nano.a(libc_a-init.o)
 .ARM.attributes
                0x00000746       0x2d C:/msys64/mingw64/bin/../lib/gcc/arm-none-eabi/13.3.0/../../../../arm-none-eabi/lib/thumb/v7-m/nofp\libc_nano.a(libc_a-lock.o)
 .ARM.attributes
                0x00000773       0x2d C:/msys64/mingw64/bin/../lib/gcc/arm-none-eabi/13.3.0/../../../../arm-none-eabi/lib/thumb/v7-m/nofp\libc_nano.a(libc_a-memchr-stub.o)
 .ARM.attributes
                0x000007a0       0x2d C:/msys64/mingw64/bin/../lib/gcc/arm-none-eabi/13.3.0/../../../../arm-none-eabi/lib/thumb/v7-m/nofp\libc_nano.a(libc_a-strlen-stub.o)
 .ARM.attributes
                0x000007cd       0x2d C:/msys64/mingw64/bin/../lib/gcc/arm-none-eabi/13.3.0/../../../../arm-none-eabi/lib/thumb/v7-m/nofp\libc_nano.a(libc_a-dtoa.o)
 .ARM.attributes
                0x000007fa       0x2d C:/msys64/mingw64/bin/../lib/gcc/arm-none-eabi/13.3.0/../../../../arm-none-eabi/lib/thumb/v7-m/nofp\libc_nano.a(libc_a-freer.o)
 .ARM.attributes
                0x00000827       0x2d C:/msys64/mingw64/bin/../lib/gcc/arm-none-eabi/13.3.0/../../../../arm-none-eabi/lib/thumb/v7-m/nofp\libc_nano.a(libc_a-mprec.o)
 .ARM.attributes
                0x00000854       0x2d C:/msys64/mingw64/bin/../lib/gcc/arm-none-eabi/13.3.0/../../../../arm-none-eabi/lib/thumb/v7-m/nofp\libc_nano.a(libc_a-nano-vfprintf.o)
 .ARM.attributes
                0x00000881       0x2d C:/msys64/mingw64/bin/../lib/gcc/arm-none-eabi/13.3.0/../../../../arm-none-eabi/lib/thumb/v7-m/nofp\libc_nano.a(libc_a-fflush.o)
 .ARM.attributes
                0x000008ae       0x2d C:/msys64/mingw64/bin/../lib/gcc/arm-none-eabi/13.3.0/../../../../arm-none-eabi/lib/thumb/v7-m/nofp\libc_nano.a(libc_a-fvwrite.o)
 .ARM.attributes
                0x000008db       0x2d C:/msys64/mingw64/bin/../lib/gcc/arm-none-eabi/13.3.0/../../../../arm-none-eabi/lib/thumb/v7-m/nofp\libc_nano.a(libc_a-putc.o)
 .ARM.attributes
                0x00000908       0x2d C:/msys64/mingw64/bin/../lib/gcc/arm-none-eabi/13.3.0/../../../../arm-none-eabi/lib/thumb/v7-m/nofp\libc_nano.a(libc_a-wbuf.o)
 .ARM.attributes
                0x00000935       0x2d C:/msys64/mingw64/bin/../lib/gcc/arm-none-eabi/13.3.0/../../../../arm-none-eabi/lib/thumb/v7-m/nofp\libc_nano.a(libc_a-wsetup.o)
 .ARM.attributes
                0x00000962       0x2d C:/msys64/mingw64/bin/../lib/gcc/arm-none-eabi/13.3.0/../../../../arm-none-eabi/lib/thumb/v7-m/nofp\libc_nano.a(libc_a-memmove.o)
 .ARM.attributes
                0x0000098f       0x2d C:/msys64/mingw64/bin/../lib/gcc/arm-none-eabi/13.3.0/../../../../arm-none-eabi/lib/thumb/v7-m/nofp\libc_nano.a(libc_a-locale.o)
 .ARM.attributes
                0x000009bc       0x1b C:/msys64/mingw64/bin/../lib/gcc/arm-none-eabi/13.3.0/../../../../arm-none-eabi/lib/thumb/v7-m/nofp\libc_nano.a(libc_a-memcpy.o)
 .ARM.attributes
                0x000009d7       0x2d C:/msys64/mingw64/bin/../lib/gcc/arm-none-eabi/13.3.0/../../../../arm-none-eabi/lib/thumb/v7-m/nofp\libc_nano.a(libc_a-assert.o)
 .ARM.attributes
                0x00000a04       0x2d C:/msys64/mingw64/bin/../lib/gcc/arm-none-eabi/13.3.0/../../../../arm-none-eabi/lib/thumb/v7-m/nofp\libc_nano.a(libc_a-mbtowc_r.o)
 .ARM.attributes
                0x00000a31       0x2d C:/msys64/mingw64/bin/../lib/gcc/arm-none-eabi/13.3.0/../../../../arm-none-eabi/lib/thumb/v7-m/nofp\libc_nano.a(libc_a-reallocr.o)
 .ARM.attributes
                0x00000a5e       0x2d C:/msys64/mingw64/bin/../lib/gcc/arm-none-eabi/13.3.0/../../../../arm-none-eabi/lib/thumb/v7-m/nofp\libc_nano.a(libc_a-wctomb_r.o)
 .ARM.attributes
                0x00000a8b       0x2d C:/msys64/mingw64/bin/../lib/gcc/arm-none-eabi/13.3.0/../../../../arm-none-eabi/lib/thumb/v7-m/nofp\libc_nano.a(libc_a-ctype_.o)
 .ARM.attributes
                0x00000ab8       0x2d C:/msys64/mingw64/bin/../lib/gcc/arm-none-eabi/13.3.0/../../../../arm-none-eabi/lib/thumb/v7-m/nofp\libc_nano.a(libc_a-fprintf.o)
 .ARM.attributes
                0x00000ae5       0x2d C:/msys64/mingw64/bin/../lib/gcc/arm-none-eabi/13.3.0/../../../../arm-none-eabi/lib/thumb/v7-m/nofp\libc_nano.a(libc_a-makebuf.o)
 .ARM.attributes
                0x00000b12       0x2d C:/msys64/mingw64/bin/../lib/gcc/arm-none-eabi/13.3.0/../../../../arm-none-eabi/lib/thumb/v7-m/nofp\libc_nano.a(libc_a-fstatr.o)
 .ARM.attributes
                0x00000b3f       0x2d C:/msys64/mingw64/bin/../lib/gcc/arm-none-eabi/13.3.0/../../../../arm-none-eabi/lib/thumb/v7-m/nofp\libc_nano.a(libc_a-isattyr.o)
 .ARM.attributes
                0x00000b6c       0x2d C:/msys64/mingw64/bin/../lib/gcc/arm-none-eabi/13.3.0/../../../../arm-none-eabi/lib/thumb/v7-m/nofp\libc_nano.a(libc_a-abort.o)
 .ARM.attributes
                0x00000b99       0x2d C:/msys64/mingw64/bin/../lib/gcc/arm-none-eabi/13.3.0/../../../../arm-none-eabi/lib/thumb/v7-m/nofp\libc_nano.a(libc_a-msizer.o)
 .ARM.attributes
                0x00000bc6       0x2d C:/msys64/mingw64/bin/../lib/gcc/arm-none-eabi/13.3.0/../../../../arm-none-eabi/lib/thumb/v7-m/nofp\libc_nano.a(libc_a-signal.o)
 .ARM.attributes
                0x00000bf3       0x2d C:/msys64/mingw64/bin/../lib/gcc/arm-none-eabi/13.3.0/../../../../arm-none-eabi/lib/thumb/v7-m/nofp\libc_nano.a(libc_a-signalr.o)
 .ARM.attributes
                0x00000c20       0x1d C:/msys64/mingw64/bin/../lib/gcc/arm-none-eabi/13.3.0/thumb/v7-m/nofp\libgcc.a(_arm_addsubdf3.o)
 .ARM.attributes
                0x00000c3d       0x1d C:/msys64/mingw64/bin/../lib/gcc/arm-none-eabi/13.3.0/thumb/v7-m/nofp\libgcc.a(_arm_muldivdf3.o)
 .ARM.attributes
                0x00000c5a       0x1d C:/msys64/mingw64/bin/../lib/gcc/arm-none-eabi/13.3.0/thumb/v7-m/nofp\libgcc.a(_arm_cmpdf2.o)
 .ARM.attributes
                0x00000c77       0x1d C:/msys64/mingw64/bin/../lib/gcc/arm-none-eabi/13.3.0/thumb/v7-m/nofp\libgcc.a(_arm_unorddf2.o)
 .ARM.attributes
                0x00000c94       0x1d C:/msys64/mingw64/bin/../lib/gcc/arm-none-eabi/13.3.0/thumb/v7-m/nofp\libgcc.a(_arm_fixdfsi.o)
 .ARM.attributes
                0x00000cb1       0x2d C:/msys64/mingw64/bin/../lib/gcc/arm-none-eabi/13.3.0/thumb/v7-m/nofp\libgcc.a(unwind-arm.o)
 .ARM.attributes
                0x00000cde       0x1d C:/msys64/mingw64/bin/../lib/gcc/arm-none-eabi/13.3.0/thumb/v7-m/nofp\libgcc.a(libunwind.o)
 .ARM.attributes
                0x00000cfb       0x2d C:/msys64/mingw64/bin/../lib/gcc/arm-none-eabi/13.3.0/thumb/v7-m/nofp\libgcc.a(pr-support.o)
 .ARM.attributes
                0x00000d28       0x1d C:/msys64/mingw64/bin/../lib/gcc/arm-none-eabi/13.3.0/thumb/v7-m/nofp/crtn.o

.comment        0x00000000       0x24
 .comment       0x00000000       0x24 build/main.o
                                 0x13 (size before relaxing)
 .comment       0x00000024       0x13 build/stm32f1xx_it.o
 .comment       0x00000024       0x13 build/stm32f1xx_hal_msp.o
 .comment       0x00000024       0x13 build/stm32f1xx_hal.o
 .comment       0x00000024       0x13 build/stm32f1xx_hal_rcc.o
 .comment       0x00000024       0x13 build/stm32f1xx_hal_gpio.o
 .comment       0x00000024       0x13 build/stm32f1xx_hal_dma.o
 .comment       0x00000024       0x13 build/stm32f1xx_hal_cortex.o
 .comment       0x00000024       0x13 build/system_stm32f1xx.o
 .comment       0x00000024       0x13 build/sysmem.o
 .comment       0x00000024       0x13 build/syscalls.o
 .comment       0x00000024       0x13 build/stm32f1xx_hal_uart.o
 .comment       0x00000024       0x13 build/stm32f1xx_hal_tim.o
 .comment       0x00000024       0x13 build/stm32f1xx_hal_tim_ex.o
 .comment       0x00000024       0x13 build/app.o
 .comment       0x00000024       0x13 build/modbusRTU.o
 .comment       0x00000024       0x13 C:/msys64/mingw64/bin/../lib/gcc/arm-none-eabi/13.3.0/../../../../arm-none-eabi/lib/thumb/v7-m/nofp\libc_nano.a(libc_a-calloc.o)
 .comment       0x00000024       0x13 C:/msys64/mingw64/bin/../lib/gcc/arm-none-eabi/13.3.0/../../../../arm-none-eabi/lib/thumb/v7-m/nofp\libc_nano.a(libc_a-callocr.o)
 .comment       0x00000024       0x13 C:/msys64/mingw64/bin/../lib/gcc/arm-none-eabi/13.3.0/../../../../arm-none-eabi/lib/thumb/v7-m/nofp\libc_nano.a(libc_a-malloc.o)
 .comment       0x00000024       0x13 C:/msys64/mingw64/bin/../lib/gcc/arm-none-eabi/13.3.0/../../../../arm-none-eabi/lib/thumb/v7-m/nofp\libc_nano.a(libc_a-mallocr.o)
 .comment       0x00000024       0x13 C:/msys64/mingw64/bin/../lib/gcc/arm-none-eabi/13.3.0/../../../../arm-none-eabi/lib/thumb/v7-m/nofp\libc_nano.a(libc_a-mlock.o)
 .comment       0x00000024       0x13 C:/msys64/mingw64/bin/../lib/gcc/arm-none-eabi/13.3.0/../../../../arm-none-eabi/lib/thumb/v7-m/nofp\libc_nano.a(libc_a-nano-vfprintf_float.o)
 .comment       0x00000024       0x13 C:/msys64/mingw64/bin/../lib/gcc/arm-none-eabi/13.3.0/../../../../arm-none-eabi/lib/thumb/v7-m/nofp\libc_nano.a(libc_a-nano-vfprintf_i.o)
 .comment       0x00000024       0x13 C:/msys64/mingw64/bin/../lib/gcc/arm-none-eabi/13.3.0/../../../../arm-none-eabi/lib/thumb/v7-m/nofp\libc_nano.a(libc_a-findfp.o)
 .comment       0x00000024       0x13 C:/msys64/mingw64/bin/../lib/gcc/arm-none-eabi/13.3.0/../../../../arm-none-eabi/lib/thumb/v7-m/nofp\libc_nano.a(libc_a-fwalk.o)
 .comment       0x00000024       0x13 C:/msys64/mingw64/bin/../lib/gcc/arm-none-eabi/13.3.0/../../../../arm-none-eabi/lib/thumb/v7-m/nofp\libc_nano.a(libc_a-printf.o)
 .comment       0x00000024       0x13 C:/msys64/mingw64/bin/../lib/gcc/arm-none-eabi/13.3.0/../../../../arm-none-eabi/lib/thumb/v7-m/nofp\libc_nano.a(libc_a-putchar.o)
 .comment       0x00000024       0x13 C:/msys64/mingw64/bin/../lib/gcc/arm-none-eabi/13.3.0/../../../../arm-none-eabi/lib/thumb/v7-m/nofp\libc_nano.a(libc_a-stdio.o)
 .comment       0x00000024       0x13 C:/msys64/mingw64/bin/../lib/gcc/arm-none-eabi/13.3.0/../../../../arm-none-eabi/lib/thumb/v7-m/nofp\libc_nano.a(libc_a-memset.o)
 .comment       0x00000024       0x13 C:/msys64/mingw64/bin/../lib/gcc/arm-none-eabi/13.3.0/../../../../arm-none-eabi/lib/thumb/v7-m/nofp\libc_nano.a(libc_a-localeconv.o)
 .comment       0x00000024       0x13 C:/msys64/mingw64/bin/../lib/gcc/arm-none-eabi/13.3.0/../../../../arm-none-eabi/lib/thumb/v7-m/nofp\libc_nano.a(libc_a-closer.o)
 .comment       0x00000024       0x13 C:/msys64/mingw64/bin/../lib/gcc/arm-none-eabi/13.3.0/../../../../arm-none-eabi/lib/thumb/v7-m/nofp\libc_nano.a(libc_a-reent.o)
 .comment       0x00000024       0x13 C:/msys64/mingw64/bin/../lib/gcc/arm-none-eabi/13.3.0/../../../../arm-none-eabi/lib/thumb/v7-m/nofp\libc_nano.a(libc_a-impure.o)
 .comment       0x00000024       0x13 C:/msys64/mingw64/bin/../lib/gcc/arm-none-eabi/13.3.0/../../../../arm-none-eabi/lib/thumb/v7-m/nofp\libc_nano.a(libc_a-lseekr.o)
 .comment       0x00000024       0x13 C:/msys64/mingw64/bin/../lib/gcc/arm-none-eabi/13.3.0/../../../../arm-none-eabi/lib/thumb/v7-m/nofp\libc_nano.a(libc_a-readr.o)
 .comment       0x00000024       0x13 C:/msys64/mingw64/bin/../lib/gcc/arm-none-eabi/13.3.0/../../../../arm-none-eabi/lib/thumb/v7-m/nofp\libc_nano.a(libc_a-sbrkr.o)
 .comment       0x00000024       0x13 C:/msys64/mingw64/bin/../lib/gcc/arm-none-eabi/13.3.0/../../../../arm-none-eabi/lib/thumb/v7-m/nofp\libc_nano.a(libc_a-writer.o)
 .comment       0x00000024       0x13 C:/msys64/mingw64/bin/../lib/gcc/arm-none-eabi/13.3.0/../../../../arm-none-eabi/lib/thumb/v7-m/nofp\libc_nano.a(libc_a-errno.o)
 .comment       0x00000024       0x13 C:/msys64/mingw64/bin/../lib/gcc/arm-none-eabi/13.3.0/../../../../arm-none-eabi/lib/thumb/v7-m/nofp\libc_nano.a(libc_a-init.o)
 .comment       0x00000024       0x13 C:/msys64/mingw64/bin/../lib/gcc/arm-none-eabi/13.3.0/../../../../arm-none-eabi/lib/thumb/v7-m/nofp\libc_nano.a(libc_a-lock.o)
 .comment       0x00000024       0x13 C:/msys64/mingw64/bin/../lib/gcc/arm-none-eabi/13.3.0/../../../../arm-none-eabi/lib/thumb/v7-m/nofp\libc_nano.a(libc_a-memchr-stub.o)
 .comment       0x00000024       0x13 C:/msys64/mingw64/bin/../lib/gcc/arm-none-eabi/13.3.0/../../../../arm-none-eabi/lib/thumb/v7-m/nofp\libc_nano.a(libc_a-strlen-stub.o)
 .comment       0x00000024       0x13 C:/msys64/mingw64/bin/../lib/gcc/arm-none-eabi/13.3.0/../../../../arm-none-eabi/lib/thumb/v7-m/nofp\libc_nano.a(libc_a-dtoa.o)
 .comment       0x00000024       0x13 C:/msys64/mingw64/bin/../lib/gcc/arm-none-eabi/13.3.0/../../../../arm-none-eabi/lib/thumb/v7-m/nofp\libc_nano.a(libc_a-freer.o)
 .comment       0x00000024       0x13 C:/msys64/mingw64/bin/../lib/gcc/arm-none-eabi/13.3.0/../../../../arm-none-eabi/lib/thumb/v7-m/nofp\libc_nano.a(libc_a-mprec.o)
 .comment       0x00000024       0x13 C:/msys64/mingw64/bin/../lib/gcc/arm-none-eabi/13.3.0/../../../../arm-none-eabi/lib/thumb/v7-m/nofp\libc_nano.a(libc_a-nano-vfprintf.o)
 .comment       0x00000024       0x13 C:/msys64/mingw64/bin/../lib/gcc/arm-none-eabi/13.3.0/../../../../arm-none-eabi/lib/thumb/v7-m/nofp\libc_nano.a(libc_a-fflush.o)
 .comment       0x00000024       0x13 C:/msys64/mingw64/bin/../lib/gcc/arm-none-eabi/13.3.0/../../../../arm-none-eabi/lib/thumb/v7-m/nofp\libc_nano.a(libc_a-fvwrite.o)
 .comment       0x00000024       0x13 C:/msys64/mingw64/bin/../lib/gcc/arm-none-eabi/13.3.0/../../../../arm-none-eabi/lib/thumb/v7-m/nofp\libc_nano.a(libc_a-putc.o)
 .comment       0x00000024       0x13 C:/msys64/mingw64/bin/../lib/gcc/arm-none-eabi/13.3.0/../../../../arm-none-eabi/lib/thumb/v7-m/nofp\libc_nano.a(libc_a-wbuf.o)
 .comment       0x00000024       0x13 C:/msys64/mingw64/bin/../lib/gcc/arm-none-eabi/13.3.0/../../../../arm-none-eabi/lib/thumb/v7-m/nofp\libc_nano.a(libc_a-wsetup.o)
 .comment       0x00000024       0x13 C:/msys64/mingw64/bin/../lib/gcc/arm-none-eabi/13.3.0/../../../../arm-none-eabi/lib/thumb/v7-m/nofp\libc_nano.a(libc_a-memmove.o)
 .comment       0x00000024       0x13 C:/msys64/mingw64/bin/../lib/gcc/arm-none-eabi/13.3.0/../../../../arm-none-eabi/lib/thumb/v7-m/nofp\libc_nano.a(libc_a-locale.o)
 .comment       0x00000024       0x13 C:/msys64/mingw64/bin/../lib/gcc/arm-none-eabi/13.3.0/../../../../arm-none-eabi/lib/thumb/v7-m/nofp\libc_nano.a(libc_a-assert.o)
 .comment       0x00000024       0x13 C:/msys64/mingw64/bin/../lib/gcc/arm-none-eabi/13.3.0/../../../../arm-none-eabi/lib/thumb/v7-m/nofp\libc_nano.a(libc_a-mbtowc_r.o)
 .comment       0x00000024       0x13 C:/msys64/mingw64/bin/../lib/gcc/arm-none-eabi/13.3.0/../../../../arm-none-eabi/lib/thumb/v7-m/nofp\libc_nano.a(libc_a-reallocr.o)
 .comment       0x00000024       0x13 C:/msys64/mingw64/bin/../lib/gcc/arm-none-eabi/13.3.0/../../../../arm-none-eabi/lib/thumb/v7-m/nofp\libc_nano.a(libc_a-wctomb_r.o)
 .comment       0x00000024       0x13 C:/msys64/mingw64/bin/../lib/gcc/arm-none-eabi/13.3.0/../../../../arm-none-eabi/lib/thumb/v7-m/nofp\libc_nano.a(libc_a-ctype_.o)
 .comment       0x00000024       0x13 C:/msys64/mingw64/bin/../lib/gcc/arm-none-eabi/13.3.0/../../../../arm-none-eabi/lib/thumb/v7-m/nofp\libc_nano.a(libc_a-fprintf.o)
 .comment       0x00000024       0x13 C:/msys64/mingw64/bin/../lib/gcc/arm-none-eabi/13.3.0/../../../../arm-none-eabi/lib/thumb/v7-m/nofp\libc_nano.a(libc_a-makebuf.o)
 .comment       0x00000024       0x13 C:/msys64/mingw64/bin/../lib/gcc/arm-none-eabi/13.3.0/../../../../arm-none-eabi/lib/thumb/v7-m/nofp\libc_nano.a(libc_a-fstatr.o)
 .comment       0x00000024       0x13 C:/msys64/mingw64/bin/../lib/gcc/arm-none-eabi/13.3.0/../../../../arm-none-eabi/lib/thumb/v7-m/nofp\libc_nano.a(libc_a-isattyr.o)
 .comment       0x00000024       0x13 C:/msys64/mingw64/bin/../lib/gcc/arm-none-eabi/13.3.0/../../../../arm-none-eabi/lib/thumb/v7-m/nofp\libc_nano.a(libc_a-abort.o)
 .comment       0x00000024       0x13 C:/msys64/mingw64/bin/../lib/gcc/arm-none-eabi/13.3.0/../../../../arm-none-eabi/lib/thumb/v7-m/nofp\libc_nano.a(libc_a-msizer.o)
 .comment       0x00000024       0x13 C:/msys64/mingw64/bin/../lib/gcc/arm-none-eabi/13.3.0/../../../../arm-none-eabi/lib/thumb/v7-m/nofp\libc_nano.a(libc_a-signal.o)
 .comment       0x00000024       0x13 C:/msys64/mingw64/bin/../lib/gcc/arm-none-eabi/13.3.0/../../../../arm-none-eabi/lib/thumb/v7-m/nofp\libc_nano.a(libc_a-signalr.o)
 .comment       0x00000024       0x13 C:/msys64/mingw64/bin/../lib/gcc/arm-none-eabi/13.3.0/thumb/v7-m/nofp\libgcc.a(unwind-arm.o)
 .comment       0x00000024       0x13 C:/msys64/mingw64/bin/../lib/gcc/arm-none-eabi/13.3.0/thumb/v7-m/nofp\libgcc.a(pr-support.o)

.debug_info     0x00000000    0x31e0b
 .debug_info    0x00000000     0x1616 build/main.o
 .debug_info    0x00001616      0xb1d build/stm32f1xx_it.o
 .debug_info    0x00002133     0x1151 build/stm32f1xx_hal_msp.o
 .debug_info    0x00003284      0x880 build/stm32f1xx_hal.o
 .debug_info    0x00003b04      0xb10 build/stm32f1xx_hal_rcc.o
 .debug_info    0x00004614      0x6d7 build/stm32f1xx_hal_gpio.o
 .debug_info    0x00004ceb      0x8d5 build/stm32f1xx_hal_dma.o
 .debug_info    0x000055c0      0xe3f build/stm32f1xx_hal_cortex.o
 .debug_info    0x000063ff      0x26e build/system_stm32f1xx.o
 .debug_info    0x0000666d      0x18c build/sysmem.o
 .debug_info    0x000067f9      0x848 build/syscalls.o
 .debug_info    0x00007041     0x430f build/stm32f1xx_hal_uart.o
 .debug_info    0x0000b350     0x4146 build/stm32f1xx_hal_tim.o
 .debug_info    0x0000f496     0x1d4f build/stm32f1xx_hal_tim_ex.o
 .debug_info    0x000111e5      0xeb4 build/app.o
 .debug_info    0x00012099     0x12da build/modbusRTU.o
 .debug_info    0x00013373       0x30 build/startup_stm32f103xb.o
 .debug_info    0x000133a3      0x762 C:/msys64/mingw64/bin/../lib/gcc/arm-none-eabi/13.3.0/../../../../arm-none-eabi/lib/thumb/v7-m/nofp\libc_nano.a(libc_a-calloc.o)
 .debug_info    0x00013b05      0x7cd C:/msys64/mingw64/bin/../lib/gcc/arm-none-eabi/13.3.0/../../../../arm-none-eabi/lib/thumb/v7-m/nofp\libc_nano.a(libc_a-callocr.o)
 .debug_info    0x000142d2      0x794 C:/msys64/mingw64/bin/../lib/gcc/arm-none-eabi/13.3.0/../../../../arm-none-eabi/lib/thumb/v7-m/nofp\libc_nano.a(libc_a-malloc.o)
 .debug_info    0x00014a66      0x9c1 C:/msys64/mingw64/bin/../lib/gcc/arm-none-eabi/13.3.0/../../../../arm-none-eabi/lib/thumb/v7-m/nofp\libc_nano.a(libc_a-mallocr.o)
 .debug_info    0x00015427      0x76b C:/msys64/mingw64/bin/../lib/gcc/arm-none-eabi/13.3.0/../../../../arm-none-eabi/lib/thumb/v7-m/nofp\libc_nano.a(libc_a-mlock.o)
 .debug_info    0x00015b92     0x140a C:/msys64/mingw64/bin/../lib/gcc/arm-none-eabi/13.3.0/../../../../arm-none-eabi/lib/thumb/v7-m/nofp\libc_nano.a(libc_a-nano-vfprintf_float.o)
 .debug_info    0x00016f9c      0xde1 C:/msys64/mingw64/bin/../lib/gcc/arm-none-eabi/13.3.0/../../../../arm-none-eabi/lib/thumb/v7-m/nofp\libc_nano.a(libc_a-nano-vfprintf_i.o)
 .debug_info    0x00017d7d     0x10be C:/msys64/mingw64/bin/../lib/gcc/arm-none-eabi/13.3.0/../../../../arm-none-eabi/lib/thumb/v7-m/nofp\libc_nano.a(libc_a-findfp.o)
 .debug_info    0x00018e3b      0x7d2 C:/msys64/mingw64/bin/../lib/gcc/arm-none-eabi/13.3.0/../../../../arm-none-eabi/lib/thumb/v7-m/nofp\libc_nano.a(libc_a-fwalk.o)
 .debug_info    0x0001960d      0x83b C:/msys64/mingw64/bin/../lib/gcc/arm-none-eabi/13.3.0/../../../../arm-none-eabi/lib/thumb/v7-m/nofp\libc_nano.a(libc_a-printf.o)
 .debug_info    0x00019e48      0x7b7 C:/msys64/mingw64/bin/../lib/gcc/arm-none-eabi/13.3.0/../../../../arm-none-eabi/lib/thumb/v7-m/nofp\libc_nano.a(libc_a-putchar.o)
 .debug_info    0x0001a5ff      0xa4e C:/msys64/mingw64/bin/../lib/gcc/arm-none-eabi/13.3.0/../../../../arm-none-eabi/lib/thumb/v7-m/nofp\libc_nano.a(libc_a-stdio.o)
 .debug_info    0x0001b04d      0x135 C:/msys64/mingw64/bin/../lib/gcc/arm-none-eabi/13.3.0/../../../../arm-none-eabi/lib/thumb/v7-m/nofp\libc_nano.a(libc_a-memset.o)
 .debug_info    0x0001b182      0xa18 C:/msys64/mingw64/bin/../lib/gcc/arm-none-eabi/13.3.0/../../../../arm-none-eabi/lib/thumb/v7-m/nofp\libc_nano.a(libc_a-localeconv.o)
 .debug_info    0x0001bb9a      0x756 C:/msys64/mingw64/bin/../lib/gcc/arm-none-eabi/13.3.0/../../../../arm-none-eabi/lib/thumb/v7-m/nofp\libc_nano.a(libc_a-closer.o)
 .debug_info    0x0001c2f0      0x8a3 C:/msys64/mingw64/bin/../lib/gcc/arm-none-eabi/13.3.0/../../../../arm-none-eabi/lib/thumb/v7-m/nofp\libc_nano.a(libc_a-reent.o)
 .debug_info    0x0001cb93      0x715 C:/msys64/mingw64/bin/../lib/gcc/arm-none-eabi/13.3.0/../../../../arm-none-eabi/lib/thumb/v7-m/nofp\libc_nano.a(libc_a-impure.o)
 .debug_info    0x0001d2a8      0x796 C:/msys64/mingw64/bin/../lib/gcc/arm-none-eabi/13.3.0/../../../../arm-none-eabi/lib/thumb/v7-m/nofp\libc_nano.a(libc_a-lseekr.o)
 .debug_info    0x0001da3e      0x7ad C:/msys64/mingw64/bin/../lib/gcc/arm-none-eabi/13.3.0/../../../../arm-none-eabi/lib/thumb/v7-m/nofp\libc_nano.a(libc_a-readr.o)
 .debug_info    0x0001e1eb      0x77c C:/msys64/mingw64/bin/../lib/gcc/arm-none-eabi/13.3.0/../../../../arm-none-eabi/lib/thumb/v7-m/nofp\libc_nano.a(libc_a-sbrkr.o)
 .debug_info    0x0001e967      0x7b3 C:/msys64/mingw64/bin/../lib/gcc/arm-none-eabi/13.3.0/../../../../arm-none-eabi/lib/thumb/v7-m/nofp\libc_nano.a(libc_a-writer.o)
 .debug_info    0x0001f11a      0x6fb C:/msys64/mingw64/bin/../lib/gcc/arm-none-eabi/13.3.0/../../../../arm-none-eabi/lib/thumb/v7-m/nofp\libc_nano.a(libc_a-errno.o)
 .debug_info    0x0001f815      0x10b C:/msys64/mingw64/bin/../lib/gcc/arm-none-eabi/13.3.0/../../../../arm-none-eabi/lib/thumb/v7-m/nofp\libc_nano.a(libc_a-init.o)
 .debug_info    0x0001f920      0x20a C:/msys64/mingw64/bin/../lib/gcc/arm-none-eabi/13.3.0/../../../../arm-none-eabi/lib/thumb/v7-m/nofp\libc_nano.a(libc_a-lock.o)
 .debug_info    0x0001fb2a      0x14a C:/msys64/mingw64/bin/../lib/gcc/arm-none-eabi/13.3.0/../../../../arm-none-eabi/lib/thumb/v7-m/nofp\libc_nano.a(libc_a-memchr-stub.o)
 .debug_info    0x0001fc74       0xbd C:/msys64/mingw64/bin/../lib/gcc/arm-none-eabi/13.3.0/../../../../arm-none-eabi/lib/thumb/v7-m/nofp\libc_nano.a(libc_a-strlen-stub.o)
 .debug_info    0x0001fd31     0x194b C:/msys64/mingw64/bin/../lib/gcc/arm-none-eabi/13.3.0/../../../../arm-none-eabi/lib/thumb/v7-m/nofp\libc_nano.a(libc_a-dtoa.o)
 .debug_info    0x0002167c      0x877 C:/msys64/mingw64/bin/../lib/gcc/arm-none-eabi/13.3.0/../../../../arm-none-eabi/lib/thumb/v7-m/nofp\libc_nano.a(libc_a-freer.o)
 .debug_info    0x00021ef3     0x1efc C:/msys64/mingw64/bin/../lib/gcc/arm-none-eabi/13.3.0/../../../../arm-none-eabi/lib/thumb/v7-m/nofp\libc_nano.a(libc_a-mprec.o)
 .debug_info    0x00023def     0x10cb C:/msys64/mingw64/bin/../lib/gcc/arm-none-eabi/13.3.0/../../../../arm-none-eabi/lib/thumb/v7-m/nofp\libc_nano.a(libc_a-nano-vfprintf.o)
 .debug_info    0x00024eba      0x9ec C:/msys64/mingw64/bin/../lib/gcc/arm-none-eabi/13.3.0/../../../../arm-none-eabi/lib/thumb/v7-m/nofp\libc_nano.a(libc_a-fflush.o)
 .debug_info    0x000258a6      0xb27 C:/msys64/mingw64/bin/../lib/gcc/arm-none-eabi/13.3.0/../../../../arm-none-eabi/lib/thumb/v7-m/nofp\libc_nano.a(libc_a-fvwrite.o)
 .debug_info    0x000263cd      0x964 C:/msys64/mingw64/bin/../lib/gcc/arm-none-eabi/13.3.0/../../../../arm-none-eabi/lib/thumb/v7-m/nofp\libc_nano.a(libc_a-putc.o)
 .debug_info    0x00026d31      0x861 C:/msys64/mingw64/bin/../lib/gcc/arm-none-eabi/13.3.0/../../../../arm-none-eabi/lib/thumb/v7-m/nofp\libc_nano.a(libc_a-wbuf.o)
 .debug_info    0x00027592      0x7bb C:/msys64/mingw64/bin/../lib/gcc/arm-none-eabi/13.3.0/../../../../arm-none-eabi/lib/thumb/v7-m/nofp\libc_nano.a(libc_a-wsetup.o)
 .debug_info    0x00027d4d      0x148 C:/msys64/mingw64/bin/../lib/gcc/arm-none-eabi/13.3.0/../../../../arm-none-eabi/lib/thumb/v7-m/nofp\libc_nano.a(libc_a-memmove.o)
 .debug_info    0x00027e95      0xbc3 C:/msys64/mingw64/bin/../lib/gcc/arm-none-eabi/13.3.0/../../../../arm-none-eabi/lib/thumb/v7-m/nofp\libc_nano.a(libc_a-locale.o)
 .debug_info    0x00028a58       0x33 C:/msys64/mingw64/bin/../lib/gcc/arm-none-eabi/13.3.0/../../../../arm-none-eabi/lib/thumb/v7-m/nofp\libc_nano.a(libc_a-memcpy.o)
 .debug_info    0x00028a8b      0x81d C:/msys64/mingw64/bin/../lib/gcc/arm-none-eabi/13.3.0/../../../../arm-none-eabi/lib/thumb/v7-m/nofp\libc_nano.a(libc_a-assert.o)
 .debug_info    0x000292a8      0xaa2 C:/msys64/mingw64/bin/../lib/gcc/arm-none-eabi/13.3.0/../../../../arm-none-eabi/lib/thumb/v7-m/nofp\libc_nano.a(libc_a-mbtowc_r.o)
 .debug_info    0x00029d4a      0x8d1 C:/msys64/mingw64/bin/../lib/gcc/arm-none-eabi/13.3.0/../../../../arm-none-eabi/lib/thumb/v7-m/nofp\libc_nano.a(libc_a-reallocr.o)
 .debug_info    0x0002a61b      0xa62 C:/msys64/mingw64/bin/../lib/gcc/arm-none-eabi/13.3.0/../../../../arm-none-eabi/lib/thumb/v7-m/nofp\libc_nano.a(libc_a-wctomb_r.o)
 .debug_info    0x0002b07d       0xb9 C:/msys64/mingw64/bin/../lib/gcc/arm-none-eabi/13.3.0/../../../../arm-none-eabi/lib/thumb/v7-m/nofp\libc_nano.a(libc_a-ctype_.o)
 .debug_info    0x0002b136      0x855 C:/msys64/mingw64/bin/../lib/gcc/arm-none-eabi/13.3.0/../../../../arm-none-eabi/lib/thumb/v7-m/nofp\libc_nano.a(libc_a-fprintf.o)
 .debug_info    0x0002b98b      0xbea C:/msys64/mingw64/bin/../lib/gcc/arm-none-eabi/13.3.0/../../../../arm-none-eabi/lib/thumb/v7-m/nofp\libc_nano.a(libc_a-makebuf.o)
 .debug_info    0x0002c575      0x975 C:/msys64/mingw64/bin/../lib/gcc/arm-none-eabi/13.3.0/../../../../arm-none-eabi/lib/thumb/v7-m/nofp\libc_nano.a(libc_a-fstatr.o)
 .debug_info    0x0002ceea      0x756 C:/msys64/mingw64/bin/../lib/gcc/arm-none-eabi/13.3.0/../../../../arm-none-eabi/lib/thumb/v7-m/nofp\libc_nano.a(libc_a-isattyr.o)
 .debug_info    0x0002d640       0xd8 C:/msys64/mingw64/bin/../lib/gcc/arm-none-eabi/13.3.0/../../../../arm-none-eabi/lib/thumb/v7-m/nofp\libc_nano.a(libc_a-abort.o)
 .debug_info    0x0002d718      0x794 C:/msys64/mingw64/bin/../lib/gcc/arm-none-eabi/13.3.0/../../../../arm-none-eabi/lib/thumb/v7-m/nofp\libc_nano.a(libc_a-msizer.o)
 .debug_info    0x0002deac      0xc31 C:/msys64/mingw64/bin/../lib/gcc/arm-none-eabi/13.3.0/../../../../arm-none-eabi/lib/thumb/v7-m/nofp\libc_nano.a(libc_a-signal.o)
 .debug_info    0x0002eadd      0x7dd C:/msys64/mingw64/bin/../lib/gcc/arm-none-eabi/13.3.0/../../../../arm-none-eabi/lib/thumb/v7-m/nofp\libc_nano.a(libc_a-signalr.o)
 .debug_info    0x0002f2ba       0xd3 C:/msys64/mingw64/bin/../lib/gcc/arm-none-eabi/13.3.0/thumb/v7-m/nofp\libgcc.a(_arm_addsubdf3.o)
 .debug_info    0x0002f38d       0x57 C:/msys64/mingw64/bin/../lib/gcc/arm-none-eabi/13.3.0/thumb/v7-m/nofp\libgcc.a(_arm_muldivdf3.o)
 .debug_info    0x0002f3e4       0xdf C:/msys64/mingw64/bin/../lib/gcc/arm-none-eabi/13.3.0/thumb/v7-m/nofp\libgcc.a(_arm_cmpdf2.o)
 .debug_info    0x0002f4c3       0x3c C:/msys64/mingw64/bin/../lib/gcc/arm-none-eabi/13.3.0/thumb/v7-m/nofp\libgcc.a(_arm_unorddf2.o)